[0.149s] DEBUG:colcon:Command line arguments: ['/usr/bin/colcon', 'build']
[0.150s] DEBUG:colcon:Parsed command line arguments: Namespace(log_base=None, log_level=None, verb_name='build', build_base='build', install_base='install', merge_install=False, symlink_install=False, test_result_base=None, continue_on_error=False, executor='parallel', parallel_workers=8, event_handlers=None, ignore_user_meta=False, metas=['./colcon.meta'], base_paths=['.'], packages_ignore=None, packages_ignore_regex=None, paths=None, packages_up_to=None, packages_up_to_regex=None, packages_above=None, packages_above_and_dependencies=None, packages_above_depth=None, packages_select_by_dep=None, packages_skip_by_dep=None, packages_skip_up_to=None, packages_select_build_failed=False, packages_skip_build_finished=False, packages_select_test_failures=False, packages_skip_test_passed=False, packages_select=None, packages_skip=None, packages_select_regex=None, packages_skip_regex=None, packages_start=None, packages_end=None, allow_overriding=[], cmake_args=None, cmake_target=None, cmake_target_skip_unavailable=False, cmake_clean_cache=False, cmake_clean_first=False, cmake_force_configure=False, ament_cmake_args=None, catkin_cmake_args=None, catkin_skip_building_tests=False, mixin_files=None, mixin=None, verb_parser=<colcon_mixin.mixin.mixin_argument.MixinArgumentDecorator object at 0x7ebc7d9c3a00>, verb_extension=<colcon_core.verb.build.BuildVerb object at 0x7ebc7d9c34c0>, main=<bound method BuildVerb.main of <colcon_core.verb.build.BuildVerb object at 0x7ebc7d9c34c0>>, mixin_verb=('build',))
[0.191s] Level 1:colcon.colcon_core.package_discovery:discover_packages(colcon_meta) check parameters
[0.192s] Level 1:colcon.colcon_core.package_discovery:discover_packages(recursive) check parameters
[0.192s] Level 1:colcon.colcon_core.package_discovery:discover_packages(ignore) check parameters
[0.192s] Level 1:colcon.colcon_core.package_discovery:discover_packages(path) check parameters
[0.192s] Level 1:colcon.colcon_core.package_discovery:discover_packages(colcon_meta) discover
[0.192s] Level 1:colcon.colcon_core.package_discovery:discover_packages(recursive) discover
[0.192s] INFO:colcon.colcon_core.package_discovery:Crawling recursively for packages in '/home/altair/Person_Tracking_Roboware'
[0.192s] Level 1:colcon.colcon_core.package_identification:_identify(.) by extensions ['ignore', 'ignore_ament_install']
[0.192s] Level 1:colcon.colcon_core.package_identification:_identify(.) by extension 'ignore'
[0.192s] Level 1:colcon.colcon_core.package_identification:_identify(.) by extension 'ignore_ament_install'
[0.192s] Level 1:colcon.colcon_core.package_identification:_identify(.) by extensions ['colcon_pkg']
[0.192s] Level 1:colcon.colcon_core.package_identification:_identify(.) by extension 'colcon_pkg'
[0.192s] Level 1:colcon.colcon_core.package_identification:_identify(.) by extensions ['colcon_meta']
[0.192s] Level 1:colcon.colcon_core.package_identification:_identify(.) by extension 'colcon_meta'
[0.192s] Level 1:colcon.colcon_core.package_identification:_identify(.) by extensions ['ros']
[0.192s] Level 1:colcon.colcon_core.package_identification:_identify(.) by extension 'ros'
[0.208s] Level 1:colcon.colcon_core.package_identification:_identify(.) by extensions ['cmake', 'python']
[0.208s] Level 1:colcon.colcon_core.package_identification:_identify(.) by extension 'cmake'
[0.208s] Level 1:colcon.colcon_core.package_identification:_identify(.) by extension 'python'
[0.208s] Level 1:colcon.colcon_core.package_identification:_identify(.) by extensions ['python_setup_py']
[0.208s] Level 1:colcon.colcon_core.package_identification:_identify(.) by extension 'python_setup_py'
[0.209s] Level 1:colcon.colcon_core.package_identification:_identify(IMU) by extensions ['ignore', 'ignore_ament_install']
[0.209s] Level 1:colcon.colcon_core.package_identification:_identify(IMU) by extension 'ignore'
[0.209s] Level 1:colcon.colcon_core.package_identification:_identify(IMU) by extension 'ignore_ament_install'
[0.209s] Level 1:colcon.colcon_core.package_identification:_identify(IMU) by extensions ['colcon_pkg']
[0.209s] Level 1:colcon.colcon_core.package_identification:_identify(IMU) by extension 'colcon_pkg'
[0.209s] Level 1:colcon.colcon_core.package_identification:_identify(IMU) by extensions ['colcon_meta']
[0.209s] Level 1:colcon.colcon_core.package_identification:_identify(IMU) by extension 'colcon_meta'
[0.209s] Level 1:colcon.colcon_core.package_identification:_identify(IMU) by extensions ['ros']
[0.209s] Level 1:colcon.colcon_core.package_identification:_identify(IMU) by extension 'ros'
[0.209s] Level 1:colcon.colcon_core.package_identification:_identify(IMU) by extensions ['cmake', 'python']
[0.209s] Level 1:colcon.colcon_core.package_identification:_identify(IMU) by extension 'cmake'
[0.209s] Level 1:colcon.colcon_core.package_identification:_identify(IMU) by extension 'python'
[0.209s] Level 1:colcon.colcon_core.package_identification:_identify(IMU) by extensions ['python_setup_py']
[0.209s] Level 1:colcon.colcon_core.package_identification:_identify(IMU) by extension 'python_setup_py'
[0.209s] Level 1:colcon.colcon_core.package_identification:_identify(IMU/spresense) by extensions ['ignore', 'ignore_ament_install']
[0.209s] Level 1:colcon.colcon_core.package_identification:_identify(IMU/spresense) by extension 'ignore'
[0.209s] Level 1:colcon.colcon_core.package_identification:_identify(IMU/spresense) by extension 'ignore_ament_install'
[0.210s] Level 1:colcon.colcon_core.package_identification:_identify(IMU/spresense) by extensions ['colcon_pkg']
[0.210s] Level 1:colcon.colcon_core.package_identification:_identify(IMU/spresense) by extension 'colcon_pkg'
[0.210s] Level 1:colcon.colcon_core.package_identification:_identify(IMU/spresense) by extensions ['colcon_meta']
[0.210s] Level 1:colcon.colcon_core.package_identification:_identify(IMU/spresense) by extension 'colcon_meta'
[0.210s] Level 1:colcon.colcon_core.package_identification:_identify(IMU/spresense) by extensions ['ros']
[0.210s] Level 1:colcon.colcon_core.package_identification:_identify(IMU/spresense) by extension 'ros'
[0.210s] Level 1:colcon.colcon_core.package_identification:_identify(IMU/spresense) by extensions ['cmake', 'python']
[0.210s] Level 1:colcon.colcon_core.package_identification:_identify(IMU/spresense) by extension 'cmake'
[0.210s] Level 1:colcon.colcon_core.package_identification:_identify(IMU/spresense) by extension 'python'
[0.210s] Level 1:colcon.colcon_core.package_identification:_identify(IMU/spresense) by extensions ['python_setup_py']
[0.210s] Level 1:colcon.colcon_core.package_identification:_identify(IMU/spresense) by extension 'python_setup_py'
[0.210s] Level 1:colcon.colcon_core.package_identification:_identify(IMU/spresense/math_lib) by extensions ['ignore', 'ignore_ament_install']
[0.210s] Level 1:colcon.colcon_core.package_identification:_identify(IMU/spresense/math_lib) by extension 'ignore'
[0.210s] Level 1:colcon.colcon_core.package_identification:_identify(IMU/spresense/math_lib) by extension 'ignore_ament_install'
[0.210s] Level 1:colcon.colcon_core.package_identification:_identify(IMU/spresense/math_lib) by extensions ['colcon_pkg']
[0.210s] Level 1:colcon.colcon_core.package_identification:_identify(IMU/spresense/math_lib) by extension 'colcon_pkg'
[0.210s] Level 1:colcon.colcon_core.package_identification:_identify(IMU/spresense/math_lib) by extensions ['colcon_meta']
[0.210s] Level 1:colcon.colcon_core.package_identification:_identify(IMU/spresense/math_lib) by extension 'colcon_meta'
[0.210s] Level 1:colcon.colcon_core.package_identification:_identify(IMU/spresense/math_lib) by extensions ['ros']
[0.210s] Level 1:colcon.colcon_core.package_identification:_identify(IMU/spresense/math_lib) by extension 'ros'
[0.211s] Level 1:colcon.colcon_core.package_identification:_identify(IMU/spresense/math_lib) by extensions ['cmake', 'python']
[0.211s] Level 1:colcon.colcon_core.package_identification:_identify(IMU/spresense/math_lib) by extension 'cmake'
[0.211s] Level 1:colcon.colcon_core.package_identification:_identify(IMU/spresense/math_lib) by extension 'python'
[0.211s] Level 1:colcon.colcon_core.package_identification:_identify(IMU/spresense/math_lib) by extensions ['python_setup_py']
[0.211s] Level 1:colcon.colcon_core.package_identification:_identify(IMU/spresense/math_lib) by extension 'python_setup_py'
[0.211s] Level 1:colcon.colcon_core.package_identification:_identify(build) by extensions ['ignore', 'ignore_ament_install']
[0.211s] Level 1:colcon.colcon_core.package_identification:_identify(build) by extension 'ignore'
[0.211s] Level 1:colcon.colcon_core.package_identification:_identify(build) ignored
[0.211s] Level 1:colcon.colcon_core.package_identification:_identify(install) by extensions ['ignore', 'ignore_ament_install']
[0.211s] Level 1:colcon.colcon_core.package_identification:_identify(install) by extension 'ignore'
[0.211s] Level 1:colcon.colcon_core.package_identification:_identify(install) ignored
[0.212s] Level 1:colcon.colcon_core.package_identification:_identify(log) by extensions ['ignore', 'ignore_ament_install']
[0.212s] Level 1:colcon.colcon_core.package_identification:_identify(log) by extension 'ignore'
[0.212s] Level 1:colcon.colcon_core.package_identification:_identify(log) ignored
[0.212s] Level 1:colcon.colcon_core.package_identification:_identify(src) by extensions ['ignore', 'ignore_ament_install']
[0.212s] Level 1:colcon.colcon_core.package_identification:_identify(src) by extension 'ignore'
[0.212s] Level 1:colcon.colcon_core.package_identification:_identify(src) by extension 'ignore_ament_install'
[0.212s] Level 1:colcon.colcon_core.package_identification:_identify(src) by extensions ['colcon_pkg']
[0.212s] Level 1:colcon.colcon_core.package_identification:_identify(src) by extension 'colcon_pkg'
[0.212s] Level 1:colcon.colcon_core.package_identification:_identify(src) by extensions ['colcon_meta']
[0.212s] Level 1:colcon.colcon_core.package_identification:_identify(src) by extension 'colcon_meta'
[0.212s] Level 1:colcon.colcon_core.package_identification:_identify(src) by extensions ['ros']
[0.212s] Level 1:colcon.colcon_core.package_identification:_identify(src) by extension 'ros'
[0.212s] Level 1:colcon.colcon_core.package_identification:_identify(src) by extensions ['cmake', 'python']
[0.212s] Level 1:colcon.colcon_core.package_identification:_identify(src) by extension 'cmake'
[0.212s] Level 1:colcon.colcon_core.package_identification:_identify(src) by extension 'python'
[0.212s] Level 1:colcon.colcon_core.package_identification:_identify(src) by extensions ['python_setup_py']
[0.212s] Level 1:colcon.colcon_core.package_identification:_identify(src) by extension 'python_setup_py'
[0.213s] Level 1:colcon.colcon_core.package_identification:_identify(src/Robowarepkg) by extensions ['ignore', 'ignore_ament_install']
[0.213s] Level 1:colcon.colcon_core.package_identification:_identify(src/Robowarepkg) by extension 'ignore'
[0.213s] Level 1:colcon.colcon_core.package_identification:_identify(src/Robowarepkg) by extension 'ignore_ament_install'
[0.213s] Level 1:colcon.colcon_core.package_identification:_identify(src/Robowarepkg) by extensions ['colcon_pkg']
[0.213s] Level 1:colcon.colcon_core.package_identification:_identify(src/Robowarepkg) by extension 'colcon_pkg'
[0.213s] Level 1:colcon.colcon_core.package_identification:_identify(src/Robowarepkg) by extensions ['colcon_meta']
[0.213s] Level 1:colcon.colcon_core.package_identification:_identify(src/Robowarepkg) by extension 'colcon_meta'
[0.213s] Level 1:colcon.colcon_core.package_identification:_identify(src/Robowarepkg) by extensions ['ros']
[0.213s] Level 1:colcon.colcon_core.package_identification:_identify(src/Robowarepkg) by extension 'ros'
[0.215s] DEBUG:colcon.colcon_core.package_identification:Package 'src/Robowarepkg' with type 'ros.ament_python' and name 'Robowarepkg'
[0.216s] Level 1:colcon.colcon_core.package_identification:_identify(src/altair_can_bridge) by extensions ['ignore', 'ignore_ament_install']
[0.216s] Level 1:colcon.colcon_core.package_identification:_identify(src/altair_can_bridge) by extension 'ignore'
[0.216s] Level 1:colcon.colcon_core.package_identification:_identify(src/altair_can_bridge) by extension 'ignore_ament_install'
[0.216s] Level 1:colcon.colcon_core.package_identification:_identify(src/altair_can_bridge) by extensions ['colcon_pkg']
[0.216s] Level 1:colcon.colcon_core.package_identification:_identify(src/altair_can_bridge) by extension 'colcon_pkg'
[0.216s] Level 1:colcon.colcon_core.package_identification:_identify(src/altair_can_bridge) by extensions ['colcon_meta']
[0.216s] Level 1:colcon.colcon_core.package_identification:_identify(src/altair_can_bridge) by extension 'colcon_meta'
[0.216s] Level 1:colcon.colcon_core.package_identification:_identify(src/altair_can_bridge) by extensions ['ros']
[0.216s] Level 1:colcon.colcon_core.package_identification:_identify(src/altair_can_bridge) by extension 'ros'
[0.217s] DEBUG:colcon.colcon_core.package_identification:Package 'src/altair_can_bridge' with type 'ros.ament_cmake' and name 'altair_can_bridge'
[0.218s] Level 1:colcon.colcon_core.package_identification:_identify(src/altair_interfaces) by extensions ['ignore', 'ignore_ament_install']
[0.218s] Level 1:colcon.colcon_core.package_identification:_identify(src/altair_interfaces) by extension 'ignore'
[0.218s] Level 1:colcon.colcon_core.package_identification:_identify(src/altair_interfaces) by extension 'ignore_ament_install'
[0.218s] Level 1:colcon.colcon_core.package_identification:_identify(src/altair_interfaces) by extensions ['colcon_pkg']
[0.218s] Level 1:colcon.colcon_core.package_identification:_identify(src/altair_interfaces) by extension 'colcon_pkg'
[0.218s] Level 1:colcon.colcon_core.package_identification:_identify(src/altair_interfaces) by extensions ['colcon_meta']
[0.218s] Level 1:colcon.colcon_core.package_identification:_identify(src/altair_interfaces) by extension 'colcon_meta'
[0.218s] Level 1:colcon.colcon_core.package_identification:_identify(src/altair_interfaces) by extensions ['ros']
[0.218s] Level 1:colcon.colcon_core.package_identification:_identify(src/altair_interfaces) by extension 'ros'
[0.219s] DEBUG:colcon.colcon_core.package_identification:Package 'src/altair_interfaces' with type 'ros.ament_cmake' and name 'altair_interfaces'
[0.219s] Level 1:colcon.colcon_core.package_identification:_identify(src/can_msgs) by extensions ['ignore', 'ignore_ament_install']
[0.220s] Level 1:colcon.colcon_core.package_identification:_identify(src/can_msgs) by extension 'ignore'
[0.220s] Level 1:colcon.colcon_core.package_identification:_identify(src/can_msgs) by extension 'ignore_ament_install'
[0.220s] Level 1:colcon.colcon_core.package_identification:_identify(src/can_msgs) by extensions ['colcon_pkg']
[0.220s] Level 1:colcon.colcon_core.package_identification:_identify(src/can_msgs) by extension 'colcon_pkg'
[0.220s] Level 1:colcon.colcon_core.package_identification:_identify(src/can_msgs) by extensions ['colcon_meta']
[0.220s] Level 1:colcon.colcon_core.package_identification:_identify(src/can_msgs) by extension 'colcon_meta'
[0.220s] Level 1:colcon.colcon_core.package_identification:_identify(src/can_msgs) by extensions ['ros']
[0.220s] Level 1:colcon.colcon_core.package_identification:_identify(src/can_msgs) by extension 'ros'
[0.221s] DEBUG:colcon.colcon_core.package_identification:Package 'src/can_msgs' with type 'ros.ament_cmake' and name 'can_msgs'
[0.221s] Level 1:colcon.colcon_core.package_identification:_identify(ultralytics) by extensions ['ignore', 'ignore_ament_install']
[0.221s] Level 1:colcon.colcon_core.package_identification:_identify(ultralytics) by extension 'ignore'
[0.221s] Level 1:colcon.colcon_core.package_identification:_identify(ultralytics) by extension 'ignore_ament_install'
[0.221s] Level 1:colcon.colcon_core.package_identification:_identify(ultralytics) by extensions ['colcon_pkg']
[0.221s] Level 1:colcon.colcon_core.package_identification:_identify(ultralytics) by extension 'colcon_pkg'
[0.221s] Level 1:colcon.colcon_core.package_identification:_identify(ultralytics) by extensions ['colcon_meta']
[0.221s] Level 1:colcon.colcon_core.package_identification:_identify(ultralytics) by extension 'colcon_meta'
[0.221s] Level 1:colcon.colcon_core.package_identification:_identify(ultralytics) by extensions ['ros']
[0.221s] Level 1:colcon.colcon_core.package_identification:_identify(ultralytics) by extension 'ros'
[0.221s] Level 1:colcon.colcon_core.package_identification:_identify(ultralytics) by extensions ['cmake', 'python']
[0.221s] Level 1:colcon.colcon_core.package_identification:_identify(ultralytics) by extension 'cmake'
[0.221s] Level 1:colcon.colcon_core.package_identification:_identify(ultralytics) by extension 'python'
[0.221s] Level 1:colcon.colcon_core.package_identification:_identify(ultralytics) by extensions ['python_setup_py']
[0.221s] Level 1:colcon.colcon_core.package_identification:_identify(ultralytics) by extension 'python_setup_py'
[0.222s] Level 1:colcon.colcon_core.package_identification:_identify(ultralytics/yolov5) by extensions ['ignore', 'ignore_ament_install']
[0.222s] Level 1:colcon.colcon_core.package_identification:_identify(ultralytics/yolov5) by extension 'ignore'
[0.222s] Level 1:colcon.colcon_core.package_identification:_identify(ultralytics/yolov5) by extension 'ignore_ament_install'
[0.222s] Level 1:colcon.colcon_core.package_identification:_identify(ultralytics/yolov5) by extensions ['colcon_pkg']
[0.222s] Level 1:colcon.colcon_core.package_identification:_identify(ultralytics/yolov5) by extension 'colcon_pkg'
[0.222s] Level 1:colcon.colcon_core.package_identification:_identify(ultralytics/yolov5) by extensions ['colcon_meta']
[0.222s] Level 1:colcon.colcon_core.package_identification:_identify(ultralytics/yolov5) by extension 'colcon_meta'
[0.222s] Level 1:colcon.colcon_core.package_identification:_identify(ultralytics/yolov5) by extensions ['ros']
[0.222s] Level 1:colcon.colcon_core.package_identification:_identify(ultralytics/yolov5) by extension 'ros'
[0.222s] Level 1:colcon.colcon_core.package_identification:_identify(ultralytics/yolov5) by extensions ['cmake', 'python']
[0.222s] Level 1:colcon.colcon_core.package_identification:_identify(ultralytics/yolov5) by extension 'cmake'
[0.222s] Level 1:colcon.colcon_core.package_identification:_identify(ultralytics/yolov5) by extension 'python'
[0.222s] Level 1:colcon.colcon_core.package_identification:_identify(ultralytics/yolov5) by extensions ['python_setup_py']
[0.222s] Level 1:colcon.colcon_core.package_identification:_identify(ultralytics/yolov5) by extension 'python_setup_py'
[0.223s] Level 1:colcon.colcon_core.package_identification:_identify(yolov5) by extensions ['ignore', 'ignore_ament_install']
[0.223s] Level 1:colcon.colcon_core.package_identification:_identify(yolov5) by extension 'ignore'
[0.223s] Level 1:colcon.colcon_core.package_identification:_identify(yolov5) by extension 'ignore_ament_install'
[0.223s] Level 1:colcon.colcon_core.package_identification:_identify(yolov5) by extensions ['colcon_pkg']
[0.223s] Level 1:colcon.colcon_core.package_identification:_identify(yolov5) by extension 'colcon_pkg'
[0.223s] Level 1:colcon.colcon_core.package_identification:_identify(yolov5) by extensions ['colcon_meta']
[0.223s] Level 1:colcon.colcon_core.package_identification:_identify(yolov5) by extension 'colcon_meta'
[0.223s] Level 1:colcon.colcon_core.package_identification:_identify(yolov5) by extensions ['ros']
[0.223s] Level 1:colcon.colcon_core.package_identification:_identify(yolov5) by extension 'ros'
[0.223s] Level 1:colcon.colcon_core.package_identification:_identify(yolov5) by extensions ['cmake', 'python']
[0.223s] Level 1:colcon.colcon_core.package_identification:_identify(yolov5) by extension 'cmake'
[0.223s] Level 1:colcon.colcon_core.package_identification:_identify(yolov5) by extension 'python'
[0.223s] Level 1:colcon.colcon_core.package_identification:_identify(yolov5) by extensions ['python_setup_py']
[0.223s] Level 1:colcon.colcon_core.package_identification:_identify(yolov5) by extension 'python_setup_py'
[0.223s] Level 1:colcon.colcon_core.package_identification:_identify(yolov5/__pycache__) by extensions ['ignore', 'ignore_ament_install']
[0.224s] Level 1:colcon.colcon_core.package_identification:_identify(yolov5/__pycache__) by extension 'ignore'
[0.224s] Level 1:colcon.colcon_core.package_identification:_identify(yolov5/__pycache__) by extension 'ignore_ament_install'
[0.224s] Level 1:colcon.colcon_core.package_identification:_identify(yolov5/__pycache__) by extensions ['colcon_pkg']
[0.224s] Level 1:colcon.colcon_core.package_identification:_identify(yolov5/__pycache__) by extension 'colcon_pkg'
[0.224s] Level 1:colcon.colcon_core.package_identification:_identify(yolov5/__pycache__) by extensions ['colcon_meta']
[0.224s] Level 1:colcon.colcon_core.package_identification:_identify(yolov5/__pycache__) by extension 'colcon_meta'
[0.224s] Level 1:colcon.colcon_core.package_identification:_identify(yolov5/__pycache__) by extensions ['ros']
[0.224s] Level 1:colcon.colcon_core.package_identification:_identify(yolov5/__pycache__) by extension 'ros'
[0.224s] Level 1:colcon.colcon_core.package_identification:_identify(yolov5/__pycache__) by extensions ['cmake', 'python']
[0.224s] Level 1:colcon.colcon_core.package_identification:_identify(yolov5/__pycache__) by extension 'cmake'
[0.224s] Level 1:colcon.colcon_core.package_identification:_identify(yolov5/__pycache__) by extension 'python'
[0.224s] Level 1:colcon.colcon_core.package_identification:_identify(yolov5/__pycache__) by extensions ['python_setup_py']
[0.224s] Level 1:colcon.colcon_core.package_identification:_identify(yolov5/__pycache__) by extension 'python_setup_py'
[0.225s] Level 1:colcon.colcon_core.package_identification:_identify(yolov5/classify) by extensions ['ignore', 'ignore_ament_install']
[0.225s] Level 1:colcon.colcon_core.package_identification:_identify(yolov5/classify) by extension 'ignore'
[0.225s] Level 1:colcon.colcon_core.package_identification:_identify(yolov5/classify) by extension 'ignore_ament_install'
[0.225s] Level 1:colcon.colcon_core.package_identification:_identify(yolov5/classify) by extensions ['colcon_pkg']
[0.225s] Level 1:colcon.colcon_core.package_identification:_identify(yolov5/classify) by extension 'colcon_pkg'
[0.225s] Level 1:colcon.colcon_core.package_identification:_identify(yolov5/classify) by extensions ['colcon_meta']
[0.225s] Level 1:colcon.colcon_core.package_identification:_identify(yolov5/classify) by extension 'colcon_meta'
[0.225s] Level 1:colcon.colcon_core.package_identification:_identify(yolov5/classify) by extensions ['ros']
[0.225s] Level 1:colcon.colcon_core.package_identification:_identify(yolov5/classify) by extension 'ros'
[0.226s] Level 1:colcon.colcon_core.package_identification:_identify(yolov5/classify) by extensions ['cmake', 'python']
[0.226s] Level 1:colcon.colcon_core.package_identification:_identify(yolov5/classify) by extension 'cmake'
[0.226s] Level 1:colcon.colcon_core.package_identification:_identify(yolov5/classify) by extension 'python'
[0.226s] Level 1:colcon.colcon_core.package_identification:_identify(yolov5/classify) by extensions ['python_setup_py']
[0.226s] Level 1:colcon.colcon_core.package_identification:_identify(yolov5/classify) by extension 'python_setup_py'
[0.226s] Level 1:colcon.colcon_core.package_identification:_identify(yolov5/data) by extensions ['ignore', 'ignore_ament_install']
[0.226s] Level 1:colcon.colcon_core.package_identification:_identify(yolov5/data) by extension 'ignore'
[0.226s] Level 1:colcon.colcon_core.package_identification:_identify(yolov5/data) by extension 'ignore_ament_install'
[0.226s] Level 1:colcon.colcon_core.package_identification:_identify(yolov5/data) by extensions ['colcon_pkg']
[0.226s] Level 1:colcon.colcon_core.package_identification:_identify(yolov5/data) by extension 'colcon_pkg'
[0.226s] Level 1:colcon.colcon_core.package_identification:_identify(yolov5/data) by extensions ['colcon_meta']
[0.226s] Level 1:colcon.colcon_core.package_identification:_identify(yolov5/data) by extension 'colcon_meta'
[0.226s] Level 1:colcon.colcon_core.package_identification:_identify(yolov5/data) by extensions ['ros']
[0.227s] Level 1:colcon.colcon_core.package_identification:_identify(yolov5/data) by extension 'ros'
[0.227s] Level 1:colcon.colcon_core.package_identification:_identify(yolov5/data) by extensions ['cmake', 'python']
[0.227s] Level 1:colcon.colcon_core.package_identification:_identify(yolov5/data) by extension 'cmake'
[0.227s] Level 1:colcon.colcon_core.package_identification:_identify(yolov5/data) by extension 'python'
[0.227s] Level 1:colcon.colcon_core.package_identification:_identify(yolov5/data) by extensions ['python_setup_py']
[0.227s] Level 1:colcon.colcon_core.package_identification:_identify(yolov5/data) by extension 'python_setup_py'
[0.227s] Level 1:colcon.colcon_core.package_identification:_identify(yolov5/data/hyps) by extensions ['ignore', 'ignore_ament_install']
[0.227s] Level 1:colcon.colcon_core.package_identification:_identify(yolov5/data/hyps) by extension 'ignore'
[0.227s] Level 1:colcon.colcon_core.package_identification:_identify(yolov5/data/hyps) by extension 'ignore_ament_install'
[0.227s] Level 1:colcon.colcon_core.package_identification:_identify(yolov5/data/hyps) by extensions ['colcon_pkg']
[0.227s] Level 1:colcon.colcon_core.package_identification:_identify(yolov5/data/hyps) by extension 'colcon_pkg'
[0.228s] Level 1:colcon.colcon_core.package_identification:_identify(yolov5/data/hyps) by extensions ['colcon_meta']
[0.228s] Level 1:colcon.colcon_core.package_identification:_identify(yolov5/data/hyps) by extension 'colcon_meta'
[0.228s] Level 1:colcon.colcon_core.package_identification:_identify(yolov5/data/hyps) by extensions ['ros']
[0.228s] Level 1:colcon.colcon_core.package_identification:_identify(yolov5/data/hyps) by extension 'ros'
[0.228s] Level 1:colcon.colcon_core.package_identification:_identify(yolov5/data/hyps) by extensions ['cmake', 'python']
[0.228s] Level 1:colcon.colcon_core.package_identification:_identify(yolov5/data/hyps) by extension 'cmake'
[0.228s] Level 1:colcon.colcon_core.package_identification:_identify(yolov5/data/hyps) by extension 'python'
[0.228s] Level 1:colcon.colcon_core.package_identification:_identify(yolov5/data/hyps) by extensions ['python_setup_py']
[0.228s] Level 1:colcon.colcon_core.package_identification:_identify(yolov5/data/hyps) by extension 'python_setup_py'
[0.228s] Level 1:colcon.colcon_core.package_identification:_identify(yolov5/data/images) by extensions ['ignore', 'ignore_ament_install']
[0.228s] Level 1:colcon.colcon_core.package_identification:_identify(yolov5/data/images) by extension 'ignore'
[0.229s] Level 1:colcon.colcon_core.package_identification:_identify(yolov5/data/images) by extension 'ignore_ament_install'
[0.229s] Level 1:colcon.colcon_core.package_identification:_identify(yolov5/data/images) by extensions ['colcon_pkg']
[0.229s] Level 1:colcon.colcon_core.package_identification:_identify(yolov5/data/images) by extension 'colcon_pkg'
[0.229s] Level 1:colcon.colcon_core.package_identification:_identify(yolov5/data/images) by extensions ['colcon_meta']
[0.229s] Level 1:colcon.colcon_core.package_identification:_identify(yolov5/data/images) by extension 'colcon_meta'
[0.229s] Level 1:colcon.colcon_core.package_identification:_identify(yolov5/data/images) by extensions ['ros']
[0.229s] Level 1:colcon.colcon_core.package_identification:_identify(yolov5/data/images) by extension 'ros'
[0.229s] Level 1:colcon.colcon_core.package_identification:_identify(yolov5/data/images) by extensions ['cmake', 'python']
[0.229s] Level 1:colcon.colcon_core.package_identification:_identify(yolov5/data/images) by extension 'cmake'
[0.229s] Level 1:colcon.colcon_core.package_identification:_identify(yolov5/data/images) by extension 'python'
[0.229s] Level 1:colcon.colcon_core.package_identification:_identify(yolov5/data/images) by extensions ['python_setup_py']
[0.229s] Level 1:colcon.colcon_core.package_identification:_identify(yolov5/data/images) by extension 'python_setup_py'
[0.230s] Level 1:colcon.colcon_core.package_identification:_identify(yolov5/data/scripts) by extensions ['ignore', 'ignore_ament_install']
[0.230s] Level 1:colcon.colcon_core.package_identification:_identify(yolov5/data/scripts) by extension 'ignore'
[0.230s] Level 1:colcon.colcon_core.package_identification:_identify(yolov5/data/scripts) by extension 'ignore_ament_install'
[0.230s] Level 1:colcon.colcon_core.package_identification:_identify(yolov5/data/scripts) by extensions ['colcon_pkg']
[0.230s] Level 1:colcon.colcon_core.package_identification:_identify(yolov5/data/scripts) by extension 'colcon_pkg'
[0.230s] Level 1:colcon.colcon_core.package_identification:_identify(yolov5/data/scripts) by extensions ['colcon_meta']
[0.230s] Level 1:colcon.colcon_core.package_identification:_identify(yolov5/data/scripts) by extension 'colcon_meta'
[0.230s] Level 1:colcon.colcon_core.package_identification:_identify(yolov5/data/scripts) by extensions ['ros']
[0.230s] Level 1:colcon.colcon_core.package_identification:_identify(yolov5/data/scripts) by extension 'ros'
[0.230s] Level 1:colcon.colcon_core.package_identification:_identify(yolov5/data/scripts) by extensions ['cmake', 'python']
[0.231s] Level 1:colcon.colcon_core.package_identification:_identify(yolov5/data/scripts) by extension 'cmake'
[0.231s] Level 1:colcon.colcon_core.package_identification:_identify(yolov5/data/scripts) by extension 'python'
[0.231s] Level 1:colcon.colcon_core.package_identification:_identify(yolov5/data/scripts) by extensions ['python_setup_py']
[0.231s] Level 1:colcon.colcon_core.package_identification:_identify(yolov5/data/scripts) by extension 'python_setup_py'
[0.231s] Level 1:colcon.colcon_core.package_identification:_identify(yolov5/models) by extensions ['ignore', 'ignore_ament_install']
[0.231s] Level 1:colcon.colcon_core.package_identification:_identify(yolov5/models) by extension 'ignore'
[0.231s] Level 1:colcon.colcon_core.package_identification:_identify(yolov5/models) by extension 'ignore_ament_install'
[0.231s] Level 1:colcon.colcon_core.package_identification:_identify(yolov5/models) by extensions ['colcon_pkg']
[0.231s] Level 1:colcon.colcon_core.package_identification:_identify(yolov5/models) by extension 'colcon_pkg'
[0.231s] Level 1:colcon.colcon_core.package_identification:_identify(yolov5/models) by extensions ['colcon_meta']
[0.231s] Level 1:colcon.colcon_core.package_identification:_identify(yolov5/models) by extension 'colcon_meta'
[0.232s] Level 1:colcon.colcon_core.package_identification:_identify(yolov5/models) by extensions ['ros']
[0.232s] Level 1:colcon.colcon_core.package_identification:_identify(yolov5/models) by extension 'ros'
[0.232s] Level 1:colcon.colcon_core.package_identification:_identify(yolov5/models) by extensions ['cmake', 'python']
[0.232s] Level 1:colcon.colcon_core.package_identification:_identify(yolov5/models) by extension 'cmake'
[0.232s] Level 1:colcon.colcon_core.package_identification:_identify(yolov5/models) by extension 'python'
[0.232s] Level 1:colcon.colcon_core.package_identification:_identify(yolov5/models) by extensions ['python_setup_py']
[0.232s] Level 1:colcon.colcon_core.package_identification:_identify(yolov5/models) by extension 'python_setup_py'
[0.232s] Level 1:colcon.colcon_core.package_identification:_identify(yolov5/models/__pycache__) by extensions ['ignore', 'ignore_ament_install']
[0.232s] Level 1:colcon.colcon_core.package_identification:_identify(yolov5/models/__pycache__) by extension 'ignore'
[0.232s] Level 1:colcon.colcon_core.package_identification:_identify(yolov5/models/__pycache__) by extension 'ignore_ament_install'
[0.232s] Level 1:colcon.colcon_core.package_identification:_identify(yolov5/models/__pycache__) by extensions ['colcon_pkg']
[0.232s] Level 1:colcon.colcon_core.package_identification:_identify(yolov5/models/__pycache__) by extension 'colcon_pkg'
[0.233s] Level 1:colcon.colcon_core.package_identification:_identify(yolov5/models/__pycache__) by extensions ['colcon_meta']
[0.233s] Level 1:colcon.colcon_core.package_identification:_identify(yolov5/models/__pycache__) by extension 'colcon_meta'
[0.233s] Level 1:colcon.colcon_core.package_identification:_identify(yolov5/models/__pycache__) by extensions ['ros']
[0.233s] Level 1:colcon.colcon_core.package_identification:_identify(yolov5/models/__pycache__) by extension 'ros'
[0.233s] Level 1:colcon.colcon_core.package_identification:_identify(yolov5/models/__pycache__) by extensions ['cmake', 'python']
[0.233s] Level 1:colcon.colcon_core.package_identification:_identify(yolov5/models/__pycache__) by extension 'cmake'
[0.233s] Level 1:colcon.colcon_core.package_identification:_identify(yolov5/models/__pycache__) by extension 'python'
[0.233s] Level 1:colcon.colcon_core.package_identification:_identify(yolov5/models/__pycache__) by extensions ['python_setup_py']
[0.233s] Level 1:colcon.colcon_core.package_identification:_identify(yolov5/models/__pycache__) by extension 'python_setup_py'
[0.233s] Level 1:colcon.colcon_core.package_identification:_identify(yolov5/models/hub) by extensions ['ignore', 'ignore_ament_install']
[0.233s] Level 1:colcon.colcon_core.package_identification:_identify(yolov5/models/hub) by extension 'ignore'
[0.234s] Level 1:colcon.colcon_core.package_identification:_identify(yolov5/models/hub) by extension 'ignore_ament_install'
[0.234s] Level 1:colcon.colcon_core.package_identification:_identify(yolov5/models/hub) by extensions ['colcon_pkg']
[0.234s] Level 1:colcon.colcon_core.package_identification:_identify(yolov5/models/hub) by extension 'colcon_pkg'
[0.234s] Level 1:colcon.colcon_core.package_identification:_identify(yolov5/models/hub) by extensions ['colcon_meta']
[0.234s] Level 1:colcon.colcon_core.package_identification:_identify(yolov5/models/hub) by extension 'colcon_meta'
[0.234s] Level 1:colcon.colcon_core.package_identification:_identify(yolov5/models/hub) by extensions ['ros']
[0.234s] Level 1:colcon.colcon_core.package_identification:_identify(yolov5/models/hub) by extension 'ros'
[0.234s] Level 1:colcon.colcon_core.package_identification:_identify(yolov5/models/hub) by extensions ['cmake', 'python']
[0.234s] Level 1:colcon.colcon_core.package_identification:_identify(yolov5/models/hub) by extension 'cmake'
[0.234s] Level 1:colcon.colcon_core.package_identification:_identify(yolov5/models/hub) by extension 'python'
[0.234s] Level 1:colcon.colcon_core.package_identification:_identify(yolov5/models/hub) by extensions ['python_setup_py']
[0.234s] Level 1:colcon.colcon_core.package_identification:_identify(yolov5/models/hub) by extension 'python_setup_py'
[0.234s] Level 1:colcon.colcon_core.package_identification:_identify(yolov5/models/segment) by extensions ['ignore', 'ignore_ament_install']
[0.234s] Level 1:colcon.colcon_core.package_identification:_identify(yolov5/models/segment) by extension 'ignore'
[0.234s] Level 1:colcon.colcon_core.package_identification:_identify(yolov5/models/segment) by extension 'ignore_ament_install'
[0.235s] Level 1:colcon.colcon_core.package_identification:_identify(yolov5/models/segment) by extensions ['colcon_pkg']
[0.235s] Level 1:colcon.colcon_core.package_identification:_identify(yolov5/models/segment) by extension 'colcon_pkg'
[0.235s] Level 1:colcon.colcon_core.package_identification:_identify(yolov5/models/segment) by extensions ['colcon_meta']
[0.235s] Level 1:colcon.colcon_core.package_identification:_identify(yolov5/models/segment) by extension 'colcon_meta'
[0.235s] Level 1:colcon.colcon_core.package_identification:_identify(yolov5/models/segment) by extensions ['ros']
[0.235s] Level 1:colcon.colcon_core.package_identification:_identify(yolov5/models/segment) by extension 'ros'
[0.235s] Level 1:colcon.colcon_core.package_identification:_identify(yolov5/models/segment) by extensions ['cmake', 'python']
[0.235s] Level 1:colcon.colcon_core.package_identification:_identify(yolov5/models/segment) by extension 'cmake'
[0.235s] Level 1:colcon.colcon_core.package_identification:_identify(yolov5/models/segment) by extension 'python'
[0.235s] Level 1:colcon.colcon_core.package_identification:_identify(yolov5/models/segment) by extensions ['python_setup_py']
[0.235s] Level 1:colcon.colcon_core.package_identification:_identify(yolov5/models/segment) by extension 'python_setup_py'
[0.235s] Level 1:colcon.colcon_core.package_identification:_identify(yolov5/segment) by extensions ['ignore', 'ignore_ament_install']
[0.235s] Level 1:colcon.colcon_core.package_identification:_identify(yolov5/segment) by extension 'ignore'
[0.235s] Level 1:colcon.colcon_core.package_identification:_identify(yolov5/segment) by extension 'ignore_ament_install'
[0.236s] Level 1:colcon.colcon_core.package_identification:_identify(yolov5/segment) by extensions ['colcon_pkg']
[0.236s] Level 1:colcon.colcon_core.package_identification:_identify(yolov5/segment) by extension 'colcon_pkg'
[0.236s] Level 1:colcon.colcon_core.package_identification:_identify(yolov5/segment) by extensions ['colcon_meta']
[0.236s] Level 1:colcon.colcon_core.package_identification:_identify(yolov5/segment) by extension 'colcon_meta'
[0.236s] Level 1:colcon.colcon_core.package_identification:_identify(yolov5/segment) by extensions ['ros']
[0.236s] Level 1:colcon.colcon_core.package_identification:_identify(yolov5/segment) by extension 'ros'
[0.236s] Level 1:colcon.colcon_core.package_identification:_identify(yolov5/segment) by extensions ['cmake', 'python']
[0.236s] Level 1:colcon.colcon_core.package_identification:_identify(yolov5/segment) by extension 'cmake'
[0.236s] Level 1:colcon.colcon_core.package_identification:_identify(yolov5/segment) by extension 'python'
[0.236s] Level 1:colcon.colcon_core.package_identification:_identify(yolov5/segment) by extensions ['python_setup_py']
[0.236s] Level 1:colcon.colcon_core.package_identification:_identify(yolov5/segment) by extension 'python_setup_py'
[0.236s] Level 1:colcon.colcon_core.package_identification:_identify(yolov5/tests) by extensions ['ignore', 'ignore_ament_install']
[0.236s] Level 1:colcon.colcon_core.package_identification:_identify(yolov5/tests) by extension 'ignore'
[0.236s] Level 1:colcon.colcon_core.package_identification:_identify(yolov5/tests) by extension 'ignore_ament_install'
[0.236s] Level 1:colcon.colcon_core.package_identification:_identify(yolov5/tests) by extensions ['colcon_pkg']
[0.236s] Level 1:colcon.colcon_core.package_identification:_identify(yolov5/tests) by extension 'colcon_pkg'
[0.236s] Level 1:colcon.colcon_core.package_identification:_identify(yolov5/tests) by extensions ['colcon_meta']
[0.236s] Level 1:colcon.colcon_core.package_identification:_identify(yolov5/tests) by extension 'colcon_meta'
[0.237s] Level 1:colcon.colcon_core.package_identification:_identify(yolov5/tests) by extensions ['ros']
[0.237s] Level 1:colcon.colcon_core.package_identification:_identify(yolov5/tests) by extension 'ros'
[0.237s] Level 1:colcon.colcon_core.package_identification:_identify(yolov5/tests) by extensions ['cmake', 'python']
[0.237s] Level 1:colcon.colcon_core.package_identification:_identify(yolov5/tests) by extension 'cmake'
[0.237s] Level 1:colcon.colcon_core.package_identification:_identify(yolov5/tests) by extension 'python'
[0.237s] Level 1:colcon.colcon_core.package_identification:_identify(yolov5/tests) by extensions ['python_setup_py']
[0.237s] Level 1:colcon.colcon_core.package_identification:_identify(yolov5/tests) by extension 'python_setup_py'
[0.237s] Level 1:colcon.colcon_core.package_identification:_identify(yolov5/utils) by extensions ['ignore', 'ignore_ament_install']
[0.237s] Level 1:colcon.colcon_core.package_identification:_identify(yolov5/utils) by extension 'ignore'
[0.237s] Level 1:colcon.colcon_core.package_identification:_identify(yolov5/utils) by extension 'ignore_ament_install'
[0.237s] Level 1:colcon.colcon_core.package_identification:_identify(yolov5/utils) by extensions ['colcon_pkg']
[0.237s] Level 1:colcon.colcon_core.package_identification:_identify(yolov5/utils) by extension 'colcon_pkg'
[0.237s] Level 1:colcon.colcon_core.package_identification:_identify(yolov5/utils) by extensions ['colcon_meta']
[0.237s] Level 1:colcon.colcon_core.package_identification:_identify(yolov5/utils) by extension 'colcon_meta'
[0.237s] Level 1:colcon.colcon_core.package_identification:_identify(yolov5/utils) by extensions ['ros']
[0.237s] Level 1:colcon.colcon_core.package_identification:_identify(yolov5/utils) by extension 'ros'
[0.238s] Level 1:colcon.colcon_core.package_identification:_identify(yolov5/utils) by extensions ['cmake', 'python']
[0.238s] Level 1:colcon.colcon_core.package_identification:_identify(yolov5/utils) by extension 'cmake'
[0.238s] Level 1:colcon.colcon_core.package_identification:_identify(yolov5/utils) by extension 'python'
[0.238s] Level 1:colcon.colcon_core.package_identification:_identify(yolov5/utils) by extensions ['python_setup_py']
[0.238s] Level 1:colcon.colcon_core.package_identification:_identify(yolov5/utils) by extension 'python_setup_py'
[0.238s] Level 1:colcon.colcon_core.package_identification:_identify(yolov5/utils/__pycache__) by extensions ['ignore', 'ignore_ament_install']
[0.238s] Level 1:colcon.colcon_core.package_identification:_identify(yolov5/utils/__pycache__) by extension 'ignore'
[0.238s] Level 1:colcon.colcon_core.package_identification:_identify(yolov5/utils/__pycache__) by extension 'ignore_ament_install'
[0.238s] Level 1:colcon.colcon_core.package_identification:_identify(yolov5/utils/__pycache__) by extensions ['colcon_pkg']
[0.238s] Level 1:colcon.colcon_core.package_identification:_identify(yolov5/utils/__pycache__) by extension 'colcon_pkg'
[0.238s] Level 1:colcon.colcon_core.package_identification:_identify(yolov5/utils/__pycache__) by extensions ['colcon_meta']
[0.238s] Level 1:colcon.colcon_core.package_identification:_identify(yolov5/utils/__pycache__) by extension 'colcon_meta'
[0.238s] Level 1:colcon.colcon_core.package_identification:_identify(yolov5/utils/__pycache__) by extensions ['ros']
[0.238s] Level 1:colcon.colcon_core.package_identification:_identify(yolov5/utils/__pycache__) by extension 'ros'
[0.238s] Level 1:colcon.colcon_core.package_identification:_identify(yolov5/utils/__pycache__) by extensions ['cmake', 'python']
[0.238s] Level 1:colcon.colcon_core.package_identification:_identify(yolov5/utils/__pycache__) by extension 'cmake'
[0.238s] Level 1:colcon.colcon_core.package_identification:_identify(yolov5/utils/__pycache__) by extension 'python'
[0.238s] Level 1:colcon.colcon_core.package_identification:_identify(yolov5/utils/__pycache__) by extensions ['python_setup_py']
[0.239s] Level 1:colcon.colcon_core.package_identification:_identify(yolov5/utils/__pycache__) by extension 'python_setup_py'
[0.239s] Level 1:colcon.colcon_core.package_identification:_identify(yolov5/utils/docker) by extensions ['ignore', 'ignore_ament_install']
[0.239s] Level 1:colcon.colcon_core.package_identification:_identify(yolov5/utils/docker) by extension 'ignore'
[0.239s] Level 1:colcon.colcon_core.package_identification:_identify(yolov5/utils/docker) by extension 'ignore_ament_install'
[0.239s] Level 1:colcon.colcon_core.package_identification:_identify(yolov5/utils/docker) by extensions ['colcon_pkg']
[0.239s] Level 1:colcon.colcon_core.package_identification:_identify(yolov5/utils/docker) by extension 'colcon_pkg'
[0.239s] Level 1:colcon.colcon_core.package_identification:_identify(yolov5/utils/docker) by extensions ['colcon_meta']
[0.239s] Level 1:colcon.colcon_core.package_identification:_identify(yolov5/utils/docker) by extension 'colcon_meta'
[0.239s] Level 1:colcon.colcon_core.package_identification:_identify(yolov5/utils/docker) by extensions ['ros']
[0.239s] Level 1:colcon.colcon_core.package_identification:_identify(yolov5/utils/docker) by extension 'ros'
[0.239s] Level 1:colcon.colcon_core.package_identification:_identify(yolov5/utils/docker) by extensions ['cmake', 'python']
[0.239s] Level 1:colcon.colcon_core.package_identification:_identify(yolov5/utils/docker) by extension 'cmake'
[0.239s] Level 1:colcon.colcon_core.package_identification:_identify(yolov5/utils/docker) by extension 'python'
[0.239s] Level 1:colcon.colcon_core.package_identification:_identify(yolov5/utils/docker) by extensions ['python_setup_py']
[0.239s] Level 1:colcon.colcon_core.package_identification:_identify(yolov5/utils/docker) by extension 'python_setup_py'
[0.239s] Level 1:colcon.colcon_core.package_identification:_identify(yolov5/utils/flask_rest_api) by extensions ['ignore', 'ignore_ament_install']
[0.239s] Level 1:colcon.colcon_core.package_identification:_identify(yolov5/utils/flask_rest_api) by extension 'ignore'
[0.240s] Level 1:colcon.colcon_core.package_identification:_identify(yolov5/utils/flask_rest_api) by extension 'ignore_ament_install'
[0.240s] Level 1:colcon.colcon_core.package_identification:_identify(yolov5/utils/flask_rest_api) by extensions ['colcon_pkg']
[0.240s] Level 1:colcon.colcon_core.package_identification:_identify(yolov5/utils/flask_rest_api) by extension 'colcon_pkg'
[0.240s] Level 1:colcon.colcon_core.package_identification:_identify(yolov5/utils/flask_rest_api) by extensions ['colcon_meta']
[0.240s] Level 1:colcon.colcon_core.package_identification:_identify(yolov5/utils/flask_rest_api) by extension 'colcon_meta'
[0.240s] Level 1:colcon.colcon_core.package_identification:_identify(yolov5/utils/flask_rest_api) by extensions ['ros']
[0.240s] Level 1:colcon.colcon_core.package_identification:_identify(yolov5/utils/flask_rest_api) by extension 'ros'
[0.240s] Level 1:colcon.colcon_core.package_identification:_identify(yolov5/utils/flask_rest_api) by extensions ['cmake', 'python']
[0.240s] Level 1:colcon.colcon_core.package_identification:_identify(yolov5/utils/flask_rest_api) by extension 'cmake'
[0.240s] Level 1:colcon.colcon_core.package_identification:_identify(yolov5/utils/flask_rest_api) by extension 'python'
[0.240s] Level 1:colcon.colcon_core.package_identification:_identify(yolov5/utils/flask_rest_api) by extensions ['python_setup_py']
[0.240s] Level 1:colcon.colcon_core.package_identification:_identify(yolov5/utils/flask_rest_api) by extension 'python_setup_py'
[0.240s] Level 1:colcon.colcon_core.package_identification:_identify(yolov5/utils/loggers) by extensions ['ignore', 'ignore_ament_install']
[0.240s] Level 1:colcon.colcon_core.package_identification:_identify(yolov5/utils/loggers) by extension 'ignore'
[0.240s] Level 1:colcon.colcon_core.package_identification:_identify(yolov5/utils/loggers) by extension 'ignore_ament_install'
[0.240s] Level 1:colcon.colcon_core.package_identification:_identify(yolov5/utils/loggers) by extensions ['colcon_pkg']
[0.240s] Level 1:colcon.colcon_core.package_identification:_identify(yolov5/utils/loggers) by extension 'colcon_pkg'
[0.241s] Level 1:colcon.colcon_core.package_identification:_identify(yolov5/utils/loggers) by extensions ['colcon_meta']
[0.241s] Level 1:colcon.colcon_core.package_identification:_identify(yolov5/utils/loggers) by extension 'colcon_meta'
[0.241s] Level 1:colcon.colcon_core.package_identification:_identify(yolov5/utils/loggers) by extensions ['ros']
[0.241s] Level 1:colcon.colcon_core.package_identification:_identify(yolov5/utils/loggers) by extension 'ros'
[0.241s] Level 1:colcon.colcon_core.package_identification:_identify(yolov5/utils/loggers) by extensions ['cmake', 'python']
[0.241s] Level 1:colcon.colcon_core.package_identification:_identify(yolov5/utils/loggers) by extension 'cmake'
[0.241s] Level 1:colcon.colcon_core.package_identification:_identify(yolov5/utils/loggers) by extension 'python'
[0.241s] Level 1:colcon.colcon_core.package_identification:_identify(yolov5/utils/loggers) by extensions ['python_setup_py']
[0.241s] Level 1:colcon.colcon_core.package_identification:_identify(yolov5/utils/loggers) by extension 'python_setup_py'
[0.241s] Level 1:colcon.colcon_core.package_identification:_identify(yolov5/utils/loggers/clearml) by extensions ['ignore', 'ignore_ament_install']
[0.241s] Level 1:colcon.colcon_core.package_identification:_identify(yolov5/utils/loggers/clearml) by extension 'ignore'
[0.241s] Level 1:colcon.colcon_core.package_identification:_identify(yolov5/utils/loggers/clearml) by extension 'ignore_ament_install'
[0.241s] Level 1:colcon.colcon_core.package_identification:_identify(yolov5/utils/loggers/clearml) by extensions ['colcon_pkg']
[0.241s] Level 1:colcon.colcon_core.package_identification:_identify(yolov5/utils/loggers/clearml) by extension 'colcon_pkg'
[0.242s] Level 1:colcon.colcon_core.package_identification:_identify(yolov5/utils/loggers/clearml) by extensions ['colcon_meta']
[0.242s] Level 1:colcon.colcon_core.package_identification:_identify(yolov5/utils/loggers/clearml) by extension 'colcon_meta'
[0.242s] Level 1:colcon.colcon_core.package_identification:_identify(yolov5/utils/loggers/clearml) by extensions ['ros']
[0.242s] Level 1:colcon.colcon_core.package_identification:_identify(yolov5/utils/loggers/clearml) by extension 'ros'
[0.242s] Level 1:colcon.colcon_core.package_identification:_identify(yolov5/utils/loggers/clearml) by extensions ['cmake', 'python']
[0.242s] Level 1:colcon.colcon_core.package_identification:_identify(yolov5/utils/loggers/clearml) by extension 'cmake'
[0.242s] Level 1:colcon.colcon_core.package_identification:_identify(yolov5/utils/loggers/clearml) by extension 'python'
[0.242s] Level 1:colcon.colcon_core.package_identification:_identify(yolov5/utils/loggers/clearml) by extensions ['python_setup_py']
[0.242s] Level 1:colcon.colcon_core.package_identification:_identify(yolov5/utils/loggers/clearml) by extension 'python_setup_py'
[0.242s] Level 1:colcon.colcon_core.package_identification:_identify(yolov5/utils/loggers/comet) by extensions ['ignore', 'ignore_ament_install']
[0.242s] Level 1:colcon.colcon_core.package_identification:_identify(yolov5/utils/loggers/comet) by extension 'ignore'
[0.242s] Level 1:colcon.colcon_core.package_identification:_identify(yolov5/utils/loggers/comet) by extension 'ignore_ament_install'
[0.242s] Level 1:colcon.colcon_core.package_identification:_identify(yolov5/utils/loggers/comet) by extensions ['colcon_pkg']
[0.243s] Level 1:colcon.colcon_core.package_identification:_identify(yolov5/utils/loggers/comet) by extension 'colcon_pkg'
[0.243s] Level 1:colcon.colcon_core.package_identification:_identify(yolov5/utils/loggers/comet) by extensions ['colcon_meta']
[0.243s] Level 1:colcon.colcon_core.package_identification:_identify(yolov5/utils/loggers/comet) by extension 'colcon_meta'
[0.243s] Level 1:colcon.colcon_core.package_identification:_identify(yolov5/utils/loggers/comet) by extensions ['ros']
[0.243s] Level 1:colcon.colcon_core.package_identification:_identify(yolov5/utils/loggers/comet) by extension 'ros'
[0.243s] Level 1:colcon.colcon_core.package_identification:_identify(yolov5/utils/loggers/comet) by extensions ['cmake', 'python']
[0.243s] Level 1:colcon.colcon_core.package_identification:_identify(yolov5/utils/loggers/comet) by extension 'cmake'
[0.243s] Level 1:colcon.colcon_core.package_identification:_identify(yolov5/utils/loggers/comet) by extension 'python'
[0.243s] Level 1:colcon.colcon_core.package_identification:_identify(yolov5/utils/loggers/comet) by extensions ['python_setup_py']
[0.243s] Level 1:colcon.colcon_core.package_identification:_identify(yolov5/utils/loggers/comet) by extension 'python_setup_py'
[0.243s] Level 1:colcon.colcon_core.package_identification:_identify(yolov5/utils/loggers/wandb) by extensions ['ignore', 'ignore_ament_install']
[0.243s] Level 1:colcon.colcon_core.package_identification:_identify(yolov5/utils/loggers/wandb) by extension 'ignore'
[0.243s] Level 1:colcon.colcon_core.package_identification:_identify(yolov5/utils/loggers/wandb) by extension 'ignore_ament_install'
[0.243s] Level 1:colcon.colcon_core.package_identification:_identify(yolov5/utils/loggers/wandb) by extensions ['colcon_pkg']
[0.244s] Level 1:colcon.colcon_core.package_identification:_identify(yolov5/utils/loggers/wandb) by extension 'colcon_pkg'
[0.244s] Level 1:colcon.colcon_core.package_identification:_identify(yolov5/utils/loggers/wandb) by extensions ['colcon_meta']
[0.244s] Level 1:colcon.colcon_core.package_identification:_identify(yolov5/utils/loggers/wandb) by extension 'colcon_meta'
[0.244s] Level 1:colcon.colcon_core.package_identification:_identify(yolov5/utils/loggers/wandb) by extensions ['ros']
[0.244s] Level 1:colcon.colcon_core.package_identification:_identify(yolov5/utils/loggers/wandb) by extension 'ros'
[0.244s] Level 1:colcon.colcon_core.package_identification:_identify(yolov5/utils/loggers/wandb) by extensions ['cmake', 'python']
[0.244s] Level 1:colcon.colcon_core.package_identification:_identify(yolov5/utils/loggers/wandb) by extension 'cmake'
[0.244s] Level 1:colcon.colcon_core.package_identification:_identify(yolov5/utils/loggers/wandb) by extension 'python'
[0.244s] Level 1:colcon.colcon_core.package_identification:_identify(yolov5/utils/loggers/wandb) by extensions ['python_setup_py']
[0.244s] Level 1:colcon.colcon_core.package_identification:_identify(yolov5/utils/loggers/wandb) by extension 'python_setup_py'
[0.244s] Level 1:colcon.colcon_core.package_identification:_identify(yolov5/utils/segment) by extensions ['ignore', 'ignore_ament_install']
[0.244s] Level 1:colcon.colcon_core.package_identification:_identify(yolov5/utils/segment) by extension 'ignore'
[0.244s] Level 1:colcon.colcon_core.package_identification:_identify(yolov5/utils/segment) by extension 'ignore_ament_install'
[0.244s] Level 1:colcon.colcon_core.package_identification:_identify(yolov5/utils/segment) by extensions ['colcon_pkg']
[0.244s] Level 1:colcon.colcon_core.package_identification:_identify(yolov5/utils/segment) by extension 'colcon_pkg'
[0.244s] Level 1:colcon.colcon_core.package_identification:_identify(yolov5/utils/segment) by extensions ['colcon_meta']
[0.244s] Level 1:colcon.colcon_core.package_identification:_identify(yolov5/utils/segment) by extension 'colcon_meta'
[0.245s] Level 1:colcon.colcon_core.package_identification:_identify(yolov5/utils/segment) by extensions ['ros']
[0.245s] Level 1:colcon.colcon_core.package_identification:_identify(yolov5/utils/segment) by extension 'ros'
[0.245s] Level 1:colcon.colcon_core.package_identification:_identify(yolov5/utils/segment) by extensions ['cmake', 'python']
[0.245s] Level 1:colcon.colcon_core.package_identification:_identify(yolov5/utils/segment) by extension 'cmake'
[0.245s] Level 1:colcon.colcon_core.package_identification:_identify(yolov5/utils/segment) by extension 'python'
[0.245s] Level 1:colcon.colcon_core.package_identification:_identify(yolov5/utils/segment) by extensions ['python_setup_py']
[0.245s] Level 1:colcon.colcon_core.package_identification:_identify(yolov5/utils/segment) by extension 'python_setup_py'
[0.245s] Level 1:colcon.colcon_core.package_discovery:discover_packages(recursive) using defaults
[0.245s] Level 1:colcon.colcon_core.package_discovery:discover_packages(ignore) discover
[0.245s] Level 1:colcon.colcon_core.package_discovery:discover_packages(ignore) using defaults
[0.245s] Level 1:colcon.colcon_core.package_discovery:discover_packages(path) discover
[0.245s] Level 1:colcon.colcon_core.package_discovery:discover_packages(path) using defaults
[0.267s] Level 1:colcon.colcon_core.package_discovery:discover_packages(prefix_path) check parameters
[0.267s] Level 1:colcon.colcon_core.package_discovery:discover_packages(prefix_path) discover
[0.270s] DEBUG:colcon.colcon_installed_package_information.package_discovery:Found 342 installed packages in /opt/ros/humble
[0.273s] Level 1:colcon.colcon_core.package_discovery:discover_packages(prefix_path) using defaults
[0.322s] Level 5:colcon.colcon_core.verb:set package 'altair_interfaces' build argument 'cmake_args' from command line to 'None'
[0.322s] Level 5:colcon.colcon_core.verb:set package 'altair_interfaces' build argument 'cmake_target' from command line to 'None'
[0.322s] Level 5:colcon.colcon_core.verb:set package 'altair_interfaces' build argument 'cmake_target_skip_unavailable' from command line to 'False'
[0.322s] Level 5:colcon.colcon_core.verb:set package 'altair_interfaces' build argument 'cmake_clean_cache' from command line to 'False'
[0.322s] Level 5:colcon.colcon_core.verb:set package 'altair_interfaces' build argument 'cmake_clean_first' from command line to 'False'
[0.322s] Level 5:colcon.colcon_core.verb:set package 'altair_interfaces' build argument 'cmake_force_configure' from command line to 'False'
[0.322s] Level 5:colcon.colcon_core.verb:set package 'altair_interfaces' build argument 'ament_cmake_args' from command line to 'None'
[0.322s] Level 5:colcon.colcon_core.verb:set package 'altair_interfaces' build argument 'catkin_cmake_args' from command line to 'None'
[0.322s] Level 5:colcon.colcon_core.verb:set package 'altair_interfaces' build argument 'catkin_skip_building_tests' from command line to 'False'
[0.322s] DEBUG:colcon.colcon_core.verb:Building package 'altair_interfaces' with the following arguments: {'ament_cmake_args': None, 'build_base': '/home/altair/Person_Tracking_Roboware/build/altair_interfaces', 'catkin_cmake_args': None, 'catkin_skip_building_tests': False, 'cmake_args': None, 'cmake_clean_cache': False, 'cmake_clean_first': False, 'cmake_force_configure': False, 'cmake_target': None, 'cmake_target_skip_unavailable': False, 'install_base': '/home/altair/Person_Tracking_Roboware/install/altair_interfaces', 'merge_install': False, 'path': '/home/altair/Person_Tracking_Roboware/src/altair_interfaces', 'symlink_install': False, 'test_result_base': None}
[0.323s] Level 5:colcon.colcon_core.verb:set package 'can_msgs' build argument 'cmake_args' from command line to 'None'
[0.323s] Level 5:colcon.colcon_core.verb:set package 'can_msgs' build argument 'cmake_target' from command line to 'None'
[0.323s] Level 5:colcon.colcon_core.verb:set package 'can_msgs' build argument 'cmake_target_skip_unavailable' from command line to 'False'
[0.323s] Level 5:colcon.colcon_core.verb:set package 'can_msgs' build argument 'cmake_clean_cache' from command line to 'False'
[0.323s] Level 5:colcon.colcon_core.verb:set package 'can_msgs' build argument 'cmake_clean_first' from command line to 'False'
[0.323s] Level 5:colcon.colcon_core.verb:set package 'can_msgs' build argument 'cmake_force_configure' from command line to 'False'
[0.323s] Level 5:colcon.colcon_core.verb:set package 'can_msgs' build argument 'ament_cmake_args' from command line to 'None'
[0.323s] Level 5:colcon.colcon_core.verb:set package 'can_msgs' build argument 'catkin_cmake_args' from command line to 'None'
[0.323s] Level 5:colcon.colcon_core.verb:set package 'can_msgs' build argument 'catkin_skip_building_tests' from command line to 'False'
[0.323s] DEBUG:colcon.colcon_core.verb:Building package 'can_msgs' with the following arguments: {'ament_cmake_args': None, 'build_base': '/home/altair/Person_Tracking_Roboware/build/can_msgs', 'catkin_cmake_args': None, 'catkin_skip_building_tests': False, 'cmake_args': None, 'cmake_clean_cache': False, 'cmake_clean_first': False, 'cmake_force_configure': False, 'cmake_target': None, 'cmake_target_skip_unavailable': False, 'install_base': '/home/altair/Person_Tracking_Roboware/install/can_msgs', 'merge_install': False, 'path': '/home/altair/Person_Tracking_Roboware/src/can_msgs', 'symlink_install': False, 'test_result_base': None}
[0.323s] Level 5:colcon.colcon_core.verb:set package 'Robowarepkg' build argument 'cmake_args' from command line to 'None'
[0.324s] Level 5:colcon.colcon_core.verb:set package 'Robowarepkg' build argument 'cmake_target' from command line to 'None'
[0.324s] Level 5:colcon.colcon_core.verb:set package 'Robowarepkg' build argument 'cmake_target_skip_unavailable' from command line to 'False'
[0.324s] Level 5:colcon.colcon_core.verb:set package 'Robowarepkg' build argument 'cmake_clean_cache' from command line to 'False'
[0.324s] Level 5:colcon.colcon_core.verb:set package 'Robowarepkg' build argument 'cmake_clean_first' from command line to 'False'
[0.324s] Level 5:colcon.colcon_core.verb:set package 'Robowarepkg' build argument 'cmake_force_configure' from command line to 'False'
[0.324s] Level 5:colcon.colcon_core.verb:set package 'Robowarepkg' build argument 'ament_cmake_args' from command line to 'None'
[0.324s] Level 5:colcon.colcon_core.verb:set package 'Robowarepkg' build argument 'catkin_cmake_args' from command line to 'None'
[0.324s] Level 5:colcon.colcon_core.verb:set package 'Robowarepkg' build argument 'catkin_skip_building_tests' from command line to 'False'
[0.324s] DEBUG:colcon.colcon_core.verb:Building package 'Robowarepkg' with the following arguments: {'ament_cmake_args': None, 'build_base': '/home/altair/Person_Tracking_Roboware/build/Robowarepkg', 'catkin_cmake_args': None, 'catkin_skip_building_tests': False, 'cmake_args': None, 'cmake_clean_cache': False, 'cmake_clean_first': False, 'cmake_force_configure': False, 'cmake_target': None, 'cmake_target_skip_unavailable': False, 'install_base': '/home/altair/Person_Tracking_Roboware/install/Robowarepkg', 'merge_install': False, 'path': '/home/altair/Person_Tracking_Roboware/src/Robowarepkg', 'symlink_install': False, 'test_result_base': None}
[0.324s] Level 5:colcon.colcon_core.verb:set package 'altair_can_bridge' build argument 'cmake_args' from command line to 'None'
[0.324s] Level 5:colcon.colcon_core.verb:set package 'altair_can_bridge' build argument 'cmake_target' from command line to 'None'
[0.324s] Level 5:colcon.colcon_core.verb:set package 'altair_can_bridge' build argument 'cmake_target_skip_unavailable' from command line to 'False'
[0.324s] Level 5:colcon.colcon_core.verb:set package 'altair_can_bridge' build argument 'cmake_clean_cache' from command line to 'False'
[0.324s] Level 5:colcon.colcon_core.verb:set package 'altair_can_bridge' build argument 'cmake_clean_first' from command line to 'False'
[0.324s] Level 5:colcon.colcon_core.verb:set package 'altair_can_bridge' build argument 'cmake_force_configure' from command line to 'False'
[0.324s] Level 5:colcon.colcon_core.verb:set package 'altair_can_bridge' build argument 'ament_cmake_args' from command line to 'None'
[0.324s] Level 5:colcon.colcon_core.verb:set package 'altair_can_bridge' build argument 'catkin_cmake_args' from command line to 'None'
[0.324s] Level 5:colcon.colcon_core.verb:set package 'altair_can_bridge' build argument 'catkin_skip_building_tests' from command line to 'False'
[0.324s] DEBUG:colcon.colcon_core.verb:Building package 'altair_can_bridge' with the following arguments: {'ament_cmake_args': None, 'build_base': '/home/altair/Person_Tracking_Roboware/build/altair_can_bridge', 'catkin_cmake_args': None, 'catkin_skip_building_tests': False, 'cmake_args': None, 'cmake_clean_cache': False, 'cmake_clean_first': False, 'cmake_force_configure': False, 'cmake_target': None, 'cmake_target_skip_unavailable': False, 'install_base': '/home/altair/Person_Tracking_Roboware/install/altair_can_bridge', 'merge_install': False, 'path': '/home/altair/Person_Tracking_Roboware/src/altair_can_bridge', 'symlink_install': False, 'test_result_base': None}
[0.325s] INFO:colcon.colcon_core.executor:Executing jobs using 'parallel' executor
[0.326s] DEBUG:colcon.colcon_parallel_executor.executor.parallel:run_until_complete
[0.326s] INFO:colcon.colcon_ros.task.ament_cmake.build:Building ROS package in '/home/altair/Person_Tracking_Roboware/src/altair_interfaces' with build type 'ament_cmake'
[0.326s] INFO:colcon.colcon_cmake.task.cmake.build:Building CMake package in '/home/altair/Person_Tracking_Roboware/src/altair_interfaces'
[0.331s] INFO:colcon.colcon_core.plugin_system:Skipping extension 'colcon_core.shell.bat': Not used on non-Windows systems
[0.331s] INFO:colcon.colcon_core.shell:Skip shell extension 'powershell' for command environment: Not usable outside of PowerShell
[0.331s] DEBUG:colcon.colcon_core.shell:Skip shell extension 'dsv' for command environment
[0.341s] INFO:colcon.colcon_ros.task.ament_cmake.build:Building ROS package in '/home/altair/Person_Tracking_Roboware/src/can_msgs' with build type 'ament_cmake'
[0.341s] INFO:colcon.colcon_cmake.task.cmake.build:Building CMake package in '/home/altair/Person_Tracking_Roboware/src/can_msgs'
[0.342s] INFO:colcon.colcon_core.shell:Skip shell extension 'powershell' for command environment: Not usable outside of PowerShell
[0.342s] DEBUG:colcon.colcon_core.shell:Skip shell extension 'dsv' for command environment
[0.357s] DEBUG:colcon.colcon_core.event_handler.log_command:Invoking command in '/home/altair/Person_Tracking_Roboware/build/altair_interfaces': CMAKE_PREFIX_PATH=/opt/ros/humble /usr/bin/cmake --build /home/altair/Person_Tracking_Roboware/build/altair_interfaces -- -j8 -l8
[0.366s] DEBUG:colcon.colcon_core.event_handler.log_command:Invoking command in '/home/altair/Person_Tracking_Roboware/build/can_msgs': CMAKE_PREFIX_PATH=/opt/ros/humble /usr/bin/cmake --build /home/altair/Person_Tracking_Roboware/build/can_msgs -- -j8 -l8
[1.113s] DEBUG:colcon.colcon_core.event_handler.log_command:Invoked command in '/home/altair/Person_Tracking_Roboware/build/altair_interfaces' returned '0': CMAKE_PREFIX_PATH=/opt/ros/humble /usr/bin/cmake --build /home/altair/Person_Tracking_Roboware/build/altair_interfaces -- -j8 -l8
[1.119s] DEBUG:colcon.colcon_core.event_handler.log_command:Invoking command in '/home/altair/Person_Tracking_Roboware/build/altair_interfaces': CMAKE_PREFIX_PATH=/opt/ros/humble /usr/bin/cmake --install /home/altair/Person_Tracking_Roboware/build/altair_interfaces
[1.120s] DEBUG:colcon.colcon_core.event_handler.log_command:Invoked command in '/home/altair/Person_Tracking_Roboware/build/can_msgs' returned '0': CMAKE_PREFIX_PATH=/opt/ros/humble /usr/bin/cmake --build /home/altair/Person_Tracking_Roboware/build/can_msgs -- -j8 -l8
[1.123s] DEBUG:colcon.colcon_core.event_handler.log_command:Invoking command in '/home/altair/Person_Tracking_Roboware/build/can_msgs': CMAKE_PREFIX_PATH=/opt/ros/humble /usr/bin/cmake --install /home/altair/Person_Tracking_Roboware/build/can_msgs
[1.192s] Level 1:colcon.colcon_core.environment:create_environment_scripts_only(can_msgs)
[1.198s] DEBUG:colcon.colcon_core.event_handler.log_command:Invoked command in '/home/altair/Person_Tracking_Roboware/build/can_msgs' returned '0': CMAKE_PREFIX_PATH=/opt/ros/humble /usr/bin/cmake --install /home/altair/Person_Tracking_Roboware/build/can_msgs
[1.205s] Level 1:colcon.colcon_core.environment:checking '/home/altair/Person_Tracking_Roboware/install/can_msgs' for CMake module files
[1.209s] Level 1:colcon.colcon_core.environment:checking '/home/altair/Person_Tracking_Roboware/install/can_msgs' for CMake config files
[1.210s] Level 1:colcon.colcon_core.shell:create_environment_hook('can_msgs', 'cmake_prefix_path')
[1.210s] INFO:colcon.colcon_core.shell:Creating environment hook '/home/altair/Person_Tracking_Roboware/install/can_msgs/share/can_msgs/hook/cmake_prefix_path.ps1'
[1.211s] INFO:colcon.colcon_core.shell:Creating environment descriptor '/home/altair/Person_Tracking_Roboware/install/can_msgs/share/can_msgs/hook/cmake_prefix_path.dsv'
[1.212s] INFO:colcon.colcon_core.shell:Creating environment hook '/home/altair/Person_Tracking_Roboware/install/can_msgs/share/can_msgs/hook/cmake_prefix_path.sh'
[1.213s] Level 1:colcon.colcon_core.environment:checking '/home/altair/Person_Tracking_Roboware/install/can_msgs/lib'
[1.213s] Level 1:colcon.colcon_core.shell:create_environment_hook('can_msgs', 'ld_library_path_lib')
[1.214s] INFO:colcon.colcon_core.shell:Creating environment hook '/home/altair/Person_Tracking_Roboware/install/can_msgs/share/can_msgs/hook/ld_library_path_lib.ps1'
[1.214s] INFO:colcon.colcon_core.shell:Creating environment descriptor '/home/altair/Person_Tracking_Roboware/install/can_msgs/share/can_msgs/hook/ld_library_path_lib.dsv'
[1.214s] INFO:colcon.colcon_core.shell:Creating environment hook '/home/altair/Person_Tracking_Roboware/install/can_msgs/share/can_msgs/hook/ld_library_path_lib.sh'
[1.215s] Level 1:colcon.colcon_core.environment:checking '/home/altair/Person_Tracking_Roboware/install/can_msgs/bin'
[1.215s] Level 1:colcon.colcon_core.environment:checking '/home/altair/Person_Tracking_Roboware/install/can_msgs/lib/pkgconfig/can_msgs.pc'
[1.215s] Level 1:colcon.colcon_core.environment:checking '/home/altair/Person_Tracking_Roboware/install/can_msgs/lib/python3.10/site-packages'
[1.216s] Level 1:colcon.colcon_core.environment:checking '/home/altair/Person_Tracking_Roboware/install/can_msgs/bin'
[1.216s] INFO:colcon.colcon_core.shell:Creating package script '/home/altair/Person_Tracking_Roboware/install/can_msgs/share/can_msgs/package.ps1'
[1.217s] INFO:colcon.colcon_core.shell:Creating package descriptor '/home/altair/Person_Tracking_Roboware/install/can_msgs/share/can_msgs/package.dsv'
[1.218s] INFO:colcon.colcon_core.shell:Creating package script '/home/altair/Person_Tracking_Roboware/install/can_msgs/share/can_msgs/package.sh'
[1.219s] INFO:colcon.colcon_core.shell:Creating package script '/home/altair/Person_Tracking_Roboware/install/can_msgs/share/can_msgs/package.bash'
[1.219s] INFO:colcon.colcon_core.shell:Creating package script '/home/altair/Person_Tracking_Roboware/install/can_msgs/share/can_msgs/package.zsh'
[1.220s] Level 1:colcon.colcon_core.environment:create_file_with_runtime_dependencies(/home/altair/Person_Tracking_Roboware/install/can_msgs/share/colcon-core/packages/can_msgs)
[1.221s] Level 1:colcon.colcon_core.environment:create_environment_scripts_only(can_msgs)
[1.221s] Level 1:colcon.colcon_core.environment:checking '/home/altair/Person_Tracking_Roboware/install/can_msgs' for CMake module files
[1.222s] Level 1:colcon.colcon_core.environment:checking '/home/altair/Person_Tracking_Roboware/install/can_msgs' for CMake config files
[1.222s] Level 1:colcon.colcon_core.shell:create_environment_hook('can_msgs', 'cmake_prefix_path')
[1.222s] INFO:colcon.colcon_core.shell:Creating environment hook '/home/altair/Person_Tracking_Roboware/install/can_msgs/share/can_msgs/hook/cmake_prefix_path.ps1'
[1.223s] INFO:colcon.colcon_core.shell:Creating environment descriptor '/home/altair/Person_Tracking_Roboware/install/can_msgs/share/can_msgs/hook/cmake_prefix_path.dsv'
[1.223s] INFO:colcon.colcon_core.shell:Creating environment hook '/home/altair/Person_Tracking_Roboware/install/can_msgs/share/can_msgs/hook/cmake_prefix_path.sh'
[1.224s] Level 1:colcon.colcon_core.environment:checking '/home/altair/Person_Tracking_Roboware/install/can_msgs/lib'
[1.224s] Level 1:colcon.colcon_core.shell:create_environment_hook('can_msgs', 'ld_library_path_lib')
[1.224s] INFO:colcon.colcon_core.shell:Creating environment hook '/home/altair/Person_Tracking_Roboware/install/can_msgs/share/can_msgs/hook/ld_library_path_lib.ps1'
[1.224s] INFO:colcon.colcon_core.shell:Creating environment descriptor '/home/altair/Person_Tracking_Roboware/install/can_msgs/share/can_msgs/hook/ld_library_path_lib.dsv'
[1.225s] INFO:colcon.colcon_core.shell:Creating environment hook '/home/altair/Person_Tracking_Roboware/install/can_msgs/share/can_msgs/hook/ld_library_path_lib.sh'
[1.225s] Level 1:colcon.colcon_core.environment:checking '/home/altair/Person_Tracking_Roboware/install/can_msgs/bin'
[1.225s] Level 1:colcon.colcon_core.environment:checking '/home/altair/Person_Tracking_Roboware/install/can_msgs/lib/pkgconfig/can_msgs.pc'
[1.225s] Level 1:colcon.colcon_core.environment:checking '/home/altair/Person_Tracking_Roboware/install/can_msgs/lib/python3.10/site-packages'
[1.226s] Level 1:colcon.colcon_core.environment:checking '/home/altair/Person_Tracking_Roboware/install/can_msgs/bin'
[1.226s] INFO:colcon.colcon_core.shell:Creating package script '/home/altair/Person_Tracking_Roboware/install/can_msgs/share/can_msgs/package.ps1'
[1.227s] INFO:colcon.colcon_core.shell:Creating package descriptor '/home/altair/Person_Tracking_Roboware/install/can_msgs/share/can_msgs/package.dsv'
[1.227s] INFO:colcon.colcon_core.shell:Creating package script '/home/altair/Person_Tracking_Roboware/install/can_msgs/share/can_msgs/package.sh'
[1.228s] INFO:colcon.colcon_core.shell:Creating package script '/home/altair/Person_Tracking_Roboware/install/can_msgs/share/can_msgs/package.bash'
[1.228s] INFO:colcon.colcon_core.shell:Creating package script '/home/altair/Person_Tracking_Roboware/install/can_msgs/share/can_msgs/package.zsh'
[1.228s] Level 1:colcon.colcon_core.environment:create_file_with_runtime_dependencies(/home/altair/Person_Tracking_Roboware/install/can_msgs/share/colcon-core/packages/can_msgs)
[1.230s] Level 1:colcon.colcon_core.environment:create_environment_scripts_only(altair_interfaces)
[1.231s] Level 1:colcon.colcon_core.environment:checking '/home/altair/Person_Tracking_Roboware/install/altair_interfaces' for CMake module files
[1.232s] DEBUG:colcon.colcon_core.event_handler.log_command:Invoked command in '/home/altair/Person_Tracking_Roboware/build/altair_interfaces' returned '0': CMAKE_PREFIX_PATH=/opt/ros/humble /usr/bin/cmake --install /home/altair/Person_Tracking_Roboware/build/altair_interfaces
[1.235s] Level 1:colcon.colcon_core.environment:checking '/home/altair/Person_Tracking_Roboware/install/altair_interfaces' for CMake config files
[1.236s] Level 1:colcon.colcon_core.shell:create_environment_hook('altair_interfaces', 'cmake_prefix_path')
[1.237s] INFO:colcon.colcon_core.shell:Creating environment hook '/home/altair/Person_Tracking_Roboware/install/altair_interfaces/share/altair_interfaces/hook/cmake_prefix_path.ps1'
[1.238s] INFO:colcon.colcon_core.shell:Creating environment descriptor '/home/altair/Person_Tracking_Roboware/install/altair_interfaces/share/altair_interfaces/hook/cmake_prefix_path.dsv'
[1.239s] INFO:colcon.colcon_core.shell:Creating environment hook '/home/altair/Person_Tracking_Roboware/install/altair_interfaces/share/altair_interfaces/hook/cmake_prefix_path.sh'
[1.240s] Level 1:colcon.colcon_core.environment:checking '/home/altair/Person_Tracking_Roboware/install/altair_interfaces/lib'
[1.240s] Level 1:colcon.colcon_core.shell:create_environment_hook('altair_interfaces', 'ld_library_path_lib')
[1.241s] INFO:colcon.colcon_core.shell:Creating environment hook '/home/altair/Person_Tracking_Roboware/install/altair_interfaces/share/altair_interfaces/hook/ld_library_path_lib.ps1'
[1.242s] INFO:colcon.colcon_core.shell:Creating environment descriptor '/home/altair/Person_Tracking_Roboware/install/altair_interfaces/share/altair_interfaces/hook/ld_library_path_lib.dsv'
[1.242s] INFO:colcon.colcon_core.shell:Creating environment hook '/home/altair/Person_Tracking_Roboware/install/altair_interfaces/share/altair_interfaces/hook/ld_library_path_lib.sh'
[1.243s] Level 1:colcon.colcon_core.environment:checking '/home/altair/Person_Tracking_Roboware/install/altair_interfaces/bin'
[1.243s] Level 1:colcon.colcon_core.environment:checking '/home/altair/Person_Tracking_Roboware/install/altair_interfaces/lib/pkgconfig/altair_interfaces.pc'
[1.243s] Level 1:colcon.colcon_core.environment:checking '/home/altair/Person_Tracking_Roboware/install/altair_interfaces/lib/python3.10/site-packages'
[1.244s] Level 1:colcon.colcon_core.environment:checking '/home/altair/Person_Tracking_Roboware/install/altair_interfaces/bin'
[1.245s] INFO:colcon.colcon_core.shell:Creating package script '/home/altair/Person_Tracking_Roboware/install/altair_interfaces/share/altair_interfaces/package.ps1'
[1.246s] INFO:colcon.colcon_core.shell:Creating package descriptor '/home/altair/Person_Tracking_Roboware/install/altair_interfaces/share/altair_interfaces/package.dsv'
[1.248s] INFO:colcon.colcon_core.shell:Creating package script '/home/altair/Person_Tracking_Roboware/install/altair_interfaces/share/altair_interfaces/package.sh'
[1.248s] INFO:colcon.colcon_core.shell:Creating package script '/home/altair/Person_Tracking_Roboware/install/altair_interfaces/share/altair_interfaces/package.bash'
[1.249s] INFO:colcon.colcon_core.shell:Creating package script '/home/altair/Person_Tracking_Roboware/install/altair_interfaces/share/altair_interfaces/package.zsh'
[1.250s] Level 1:colcon.colcon_core.environment:create_file_with_runtime_dependencies(/home/altair/Person_Tracking_Roboware/install/altair_interfaces/share/colcon-core/packages/altair_interfaces)
[1.252s] Level 1:colcon.colcon_core.environment:create_environment_scripts_only(altair_interfaces)
[1.252s] Level 1:colcon.colcon_core.environment:checking '/home/altair/Person_Tracking_Roboware/install/altair_interfaces' for CMake module files
[1.254s] Level 1:colcon.colcon_core.environment:checking '/home/altair/Person_Tracking_Roboware/install/altair_interfaces' for CMake config files
[1.255s] Level 1:colcon.colcon_core.shell:create_environment_hook('altair_interfaces', 'cmake_prefix_path')
[1.255s] INFO:colcon.colcon_core.shell:Creating environment hook '/home/altair/Person_Tracking_Roboware/install/altair_interfaces/share/altair_interfaces/hook/cmake_prefix_path.ps1'
[1.256s] INFO:colcon.colcon_core.shell:Creating environment descriptor '/home/altair/Person_Tracking_Roboware/install/altair_interfaces/share/altair_interfaces/hook/cmake_prefix_path.dsv'
[1.257s] INFO:colcon.colcon_core.shell:Creating environment hook '/home/altair/Person_Tracking_Roboware/install/altair_interfaces/share/altair_interfaces/hook/cmake_prefix_path.sh'
[1.260s] Level 1:colcon.colcon_core.environment:checking '/home/altair/Person_Tracking_Roboware/install/altair_interfaces/lib'
[1.260s] Level 1:colcon.colcon_core.shell:create_environment_hook('altair_interfaces', 'ld_library_path_lib')
[1.261s] INFO:colcon.colcon_core.shell:Creating environment hook '/home/altair/Person_Tracking_Roboware/install/altair_interfaces/share/altair_interfaces/hook/ld_library_path_lib.ps1'
[1.263s] INFO:colcon.colcon_core.shell:Creating environment descriptor '/home/altair/Person_Tracking_Roboware/install/altair_interfaces/share/altair_interfaces/hook/ld_library_path_lib.dsv'
[1.263s] INFO:colcon.colcon_core.shell:Creating environment hook '/home/altair/Person_Tracking_Roboware/install/altair_interfaces/share/altair_interfaces/hook/ld_library_path_lib.sh'
[1.264s] Level 1:colcon.colcon_core.environment:checking '/home/altair/Person_Tracking_Roboware/install/altair_interfaces/bin'
[1.264s] Level 1:colcon.colcon_core.environment:checking '/home/altair/Person_Tracking_Roboware/install/altair_interfaces/lib/pkgconfig/altair_interfaces.pc'
[1.264s] Level 1:colcon.colcon_core.environment:checking '/home/altair/Person_Tracking_Roboware/install/altair_interfaces/lib/python3.10/site-packages'
[1.265s] Level 1:colcon.colcon_core.environment:checking '/home/altair/Person_Tracking_Roboware/install/altair_interfaces/bin'
[1.265s] INFO:colcon.colcon_core.shell:Creating package script '/home/altair/Person_Tracking_Roboware/install/altair_interfaces/share/altair_interfaces/package.ps1'
[1.266s] INFO:colcon.colcon_core.shell:Creating package descriptor '/home/altair/Person_Tracking_Roboware/install/altair_interfaces/share/altair_interfaces/package.dsv'
[1.267s] INFO:colcon.colcon_core.shell:Creating package script '/home/altair/Person_Tracking_Roboware/install/altair_interfaces/share/altair_interfaces/package.sh'
[1.269s] INFO:colcon.colcon_core.shell:Creating package script '/home/altair/Person_Tracking_Roboware/install/altair_interfaces/share/altair_interfaces/package.bash'
[1.273s] INFO:colcon.colcon_core.shell:Creating package script '/home/altair/Person_Tracking_Roboware/install/altair_interfaces/share/altair_interfaces/package.zsh'
[1.278s] Level 1:colcon.colcon_core.environment:create_file_with_runtime_dependencies(/home/altair/Person_Tracking_Roboware/install/altair_interfaces/share/colcon-core/packages/altair_interfaces)
[1.282s] INFO:colcon.colcon_ros.task.ament_python.build:Building ROS package in '/home/altair/Person_Tracking_Roboware/src/Robowarepkg' with build type 'ament_python'
[1.284s] Level 1:colcon.colcon_core.shell:create_environment_hook('Robowarepkg', 'ament_prefix_path')
[1.285s] INFO:colcon.colcon_core.shell:Creating environment hook '/home/altair/Person_Tracking_Roboware/install/Robowarepkg/share/Robowarepkg/hook/ament_prefix_path.ps1'
[1.289s] INFO:colcon.colcon_core.shell:Creating environment descriptor '/home/altair/Person_Tracking_Roboware/install/Robowarepkg/share/Robowarepkg/hook/ament_prefix_path.dsv'
[1.289s] INFO:colcon.colcon_core.shell:Creating environment hook '/home/altair/Person_Tracking_Roboware/install/Robowarepkg/share/Robowarepkg/hook/ament_prefix_path.sh'
[1.291s] INFO:colcon.colcon_core.shell:Skip shell extension 'powershell' for command environment: Not usable outside of PowerShell
[1.291s] DEBUG:colcon.colcon_core.shell:Skip shell extension 'dsv' for command environment
[1.305s] INFO:colcon.colcon_ros.task.ament_cmake.build:Building ROS package in '/home/altair/Person_Tracking_Roboware/src/altair_can_bridge' with build type 'ament_cmake'
[1.306s] INFO:colcon.colcon_cmake.task.cmake.build:Building CMake package in '/home/altair/Person_Tracking_Roboware/src/altair_can_bridge'
[1.310s] INFO:colcon.colcon_core.shell:Skip shell extension 'powershell' for command environment: Not usable outside of PowerShell
[1.310s] DEBUG:colcon.colcon_core.shell:Skip shell extension 'dsv' for command environment
[1.665s] INFO:colcon.colcon_core.task.python.build:Building Python package in '/home/altair/Person_Tracking_Roboware/src/Robowarepkg'
[1.666s] INFO:colcon.colcon_core.shell:Skip shell extension 'powershell' for command environment: Not usable outside of PowerShell
[1.666s] DEBUG:colcon.colcon_core.shell:Skip shell extension 'dsv' for command environment
[1.679s] DEBUG:colcon.colcon_core.event_handler.log_command:Invoking command in '/home/altair/Person_Tracking_Roboware/build/altair_can_bridge': AMENT_PREFIX_PATH=/home/altair/Person_Tracking_Roboware/install/can_msgs:/home/altair/Person_Tracking_Roboware/install/altair_interfaces:${AMENT_PREFIX_PATH} CMAKE_PREFIX_PATH=/home/altair/Person_Tracking_Roboware/install/can_msgs:/home/altair/Person_Tracking_Roboware/install/altair_interfaces:/opt/ros/humble LD_LIBRARY_PATH=/home/altair/Person_Tracking_Roboware/install/can_msgs/lib:/home/altair/Person_Tracking_Roboware/install/altair_interfaces/lib:${LD_LIBRARY_PATH} PYTHONPATH=/home/altair/Person_Tracking_Roboware/install/can_msgs/local/lib/python3.10/dist-packages:/home/altair/Person_Tracking_Roboware/install/altair_interfaces/local/lib/python3.10/dist-packages:${PYTHONPATH} /usr/bin/cmake --build /home/altair/Person_Tracking_Roboware/build/altair_can_bridge -- -j8 -l8
[1.724s] DEBUG:colcon.colcon_core.event_handler.log_command:Invoked command in '/home/altair/Person_Tracking_Roboware/build/altair_can_bridge' returned '0': AMENT_PREFIX_PATH=/home/altair/Person_Tracking_Roboware/install/can_msgs:/home/altair/Person_Tracking_Roboware/install/altair_interfaces:${AMENT_PREFIX_PATH} CMAKE_PREFIX_PATH=/home/altair/Person_Tracking_Roboware/install/can_msgs:/home/altair/Person_Tracking_Roboware/install/altair_interfaces:/opt/ros/humble LD_LIBRARY_PATH=/home/altair/Person_Tracking_Roboware/install/can_msgs/lib:/home/altair/Person_Tracking_Roboware/install/altair_interfaces/lib:${LD_LIBRARY_PATH} PYTHONPATH=/home/altair/Person_Tracking_Roboware/install/can_msgs/local/lib/python3.10/dist-packages:/home/altair/Person_Tracking_Roboware/install/altair_interfaces/local/lib/python3.10/dist-packages:${PYTHONPATH} /usr/bin/cmake --build /home/altair/Person_Tracking_Roboware/build/altair_can_bridge -- -j8 -l8
[1.726s] DEBUG:colcon.colcon_core.event_handler.log_command:Invoking command in '/home/altair/Person_Tracking_Roboware/build/altair_can_bridge': AMENT_PREFIX_PATH=/home/altair/Person_Tracking_Roboware/install/can_msgs:/home/altair/Person_Tracking_Roboware/install/altair_interfaces:${AMENT_PREFIX_PATH} CMAKE_PREFIX_PATH=/home/altair/Person_Tracking_Roboware/install/can_msgs:/home/altair/Person_Tracking_Roboware/install/altair_interfaces:/opt/ros/humble LD_LIBRARY_PATH=/home/altair/Person_Tracking_Roboware/install/can_msgs/lib:/home/altair/Person_Tracking_Roboware/install/altair_interfaces/lib:${LD_LIBRARY_PATH} PYTHONPATH=/home/altair/Person_Tracking_Roboware/install/can_msgs/local/lib/python3.10/dist-packages:/home/altair/Person_Tracking_Roboware/install/altair_interfaces/local/lib/python3.10/dist-packages:${PYTHONPATH} /usr/bin/cmake --install /home/altair/Person_Tracking_Roboware/build/altair_can_bridge
[1.731s] Level 1:colcon.colcon_core.environment:create_environment_scripts_only(altair_can_bridge)
[1.732s] Level 1:colcon.colcon_core.environment:checking '/home/altair/Person_Tracking_Roboware/install/altair_can_bridge' for CMake module files
[1.733s] Level 1:colcon.colcon_core.environment:checking '/home/altair/Person_Tracking_Roboware/install/altair_can_bridge' for CMake config files
[1.734s] DEBUG:colcon.colcon_core.event_handler.log_command:Invoked command in '/home/altair/Person_Tracking_Roboware/build/altair_can_bridge' returned '0': AMENT_PREFIX_PATH=/home/altair/Person_Tracking_Roboware/install/can_msgs:/home/altair/Person_Tracking_Roboware/install/altair_interfaces:${AMENT_PREFIX_PATH} CMAKE_PREFIX_PATH=/home/altair/Person_Tracking_Roboware/install/can_msgs:/home/altair/Person_Tracking_Roboware/install/altair_interfaces:/opt/ros/humble LD_LIBRARY_PATH=/home/altair/Person_Tracking_Roboware/install/can_msgs/lib:/home/altair/Person_Tracking_Roboware/install/altair_interfaces/lib:${LD_LIBRARY_PATH} PYTHONPATH=/home/altair/Person_Tracking_Roboware/install/can_msgs/local/lib/python3.10/dist-packages:/home/altair/Person_Tracking_Roboware/install/altair_interfaces/local/lib/python3.10/dist-packages:${PYTHONPATH} /usr/bin/cmake --install /home/altair/Person_Tracking_Roboware/build/altair_can_bridge
[1.734s] Level 1:colcon.colcon_core.shell:create_environment_hook('altair_can_bridge', 'cmake_prefix_path')
[1.735s] INFO:colcon.colcon_core.shell:Creating environment hook '/home/altair/Person_Tracking_Roboware/install/altair_can_bridge/share/altair_can_bridge/hook/cmake_prefix_path.ps1'
[1.735s] INFO:colcon.colcon_core.shell:Creating environment descriptor '/home/altair/Person_Tracking_Roboware/install/altair_can_bridge/share/altair_can_bridge/hook/cmake_prefix_path.dsv'
[1.736s] INFO:colcon.colcon_core.shell:Creating environment hook '/home/altair/Person_Tracking_Roboware/install/altair_can_bridge/share/altair_can_bridge/hook/cmake_prefix_path.sh'
[1.736s] Level 1:colcon.colcon_core.environment:checking '/home/altair/Person_Tracking_Roboware/install/altair_can_bridge/lib'
[1.736s] Level 1:colcon.colcon_core.environment:checking '/home/altair/Person_Tracking_Roboware/install/altair_can_bridge/bin'
[1.736s] Level 1:colcon.colcon_core.environment:checking '/home/altair/Person_Tracking_Roboware/install/altair_can_bridge/lib/pkgconfig/altair_can_bridge.pc'
[1.736s] Level 1:colcon.colcon_core.environment:checking '/home/altair/Person_Tracking_Roboware/install/altair_can_bridge/lib/python3.10/site-packages'
[1.737s] Level 1:colcon.colcon_core.environment:checking '/home/altair/Person_Tracking_Roboware/install/altair_can_bridge/bin'
[1.737s] INFO:colcon.colcon_core.shell:Creating package script '/home/altair/Person_Tracking_Roboware/install/altair_can_bridge/share/altair_can_bridge/package.ps1'
[1.738s] INFO:colcon.colcon_core.shell:Creating package descriptor '/home/altair/Person_Tracking_Roboware/install/altair_can_bridge/share/altair_can_bridge/package.dsv'
[1.739s] INFO:colcon.colcon_core.shell:Creating package script '/home/altair/Person_Tracking_Roboware/install/altair_can_bridge/share/altair_can_bridge/package.sh'
[1.740s] INFO:colcon.colcon_core.shell:Creating package script '/home/altair/Person_Tracking_Roboware/install/altair_can_bridge/share/altair_can_bridge/package.bash'
[1.740s] INFO:colcon.colcon_core.shell:Creating package script '/home/altair/Person_Tracking_Roboware/install/altair_can_bridge/share/altair_can_bridge/package.zsh'
[1.741s] Level 1:colcon.colcon_core.environment:create_file_with_runtime_dependencies(/home/altair/Person_Tracking_Roboware/install/altair_can_bridge/share/colcon-core/packages/altair_can_bridge)
[1.742s] Level 1:colcon.colcon_core.environment:create_environment_scripts_only(altair_can_bridge)
[1.742s] Level 1:colcon.colcon_core.environment:checking '/home/altair/Person_Tracking_Roboware/install/altair_can_bridge' for CMake module files
[1.743s] Level 1:colcon.colcon_core.environment:checking '/home/altair/Person_Tracking_Roboware/install/altair_can_bridge' for CMake config files
[1.743s] Level 1:colcon.colcon_core.shell:create_environment_hook('altair_can_bridge', 'cmake_prefix_path')
[1.743s] INFO:colcon.colcon_core.shell:Creating environment hook '/home/altair/Person_Tracking_Roboware/install/altair_can_bridge/share/altair_can_bridge/hook/cmake_prefix_path.ps1'
[1.744s] INFO:colcon.colcon_core.shell:Creating environment descriptor '/home/altair/Person_Tracking_Roboware/install/altair_can_bridge/share/altair_can_bridge/hook/cmake_prefix_path.dsv'
[1.744s] INFO:colcon.colcon_core.shell:Creating environment hook '/home/altair/Person_Tracking_Roboware/install/altair_can_bridge/share/altair_can_bridge/hook/cmake_prefix_path.sh'
[1.745s] Level 1:colcon.colcon_core.environment:checking '/home/altair/Person_Tracking_Roboware/install/altair_can_bridge/lib'
[1.745s] Level 1:colcon.colcon_core.environment:checking '/home/altair/Person_Tracking_Roboware/install/altair_can_bridge/bin'
[1.745s] Level 1:colcon.colcon_core.environment:checking '/home/altair/Person_Tracking_Roboware/install/altair_can_bridge/lib/pkgconfig/altair_can_bridge.pc'
[1.745s] Level 1:colcon.colcon_core.environment:checking '/home/altair/Person_Tracking_Roboware/install/altair_can_bridge/lib/python3.10/site-packages'
[1.746s] Level 1:colcon.colcon_core.environment:checking '/home/altair/Person_Tracking_Roboware/install/altair_can_bridge/bin'
[1.746s] INFO:colcon.colcon_core.shell:Creating package script '/home/altair/Person_Tracking_Roboware/install/altair_can_bridge/share/altair_can_bridge/package.ps1'
[1.747s] INFO:colcon.colcon_core.shell:Creating package descriptor '/home/altair/Person_Tracking_Roboware/install/altair_can_bridge/share/altair_can_bridge/package.dsv'
[1.748s] INFO:colcon.colcon_core.shell:Creating package script '/home/altair/Person_Tracking_Roboware/install/altair_can_bridge/share/altair_can_bridge/package.sh'
[1.749s] INFO:colcon.colcon_core.shell:Creating package script '/home/altair/Person_Tracking_Roboware/install/altair_can_bridge/share/altair_can_bridge/package.bash'
[1.749s] INFO:colcon.colcon_core.shell:Creating package script '/home/altair/Person_Tracking_Roboware/install/altair_can_bridge/share/altair_can_bridge/package.zsh'
[1.750s] Level 1:colcon.colcon_core.environment:create_file_with_runtime_dependencies(/home/altair/Person_Tracking_Roboware/install/altair_can_bridge/share/colcon-core/packages/altair_can_bridge)
[2.743s] DEBUG:colcon.colcon_core.task.python.build:Available setuptools commands: install_scripts, build_py, nosetests, build_scripts, install_data, symlink_data, build_ext, editable_wheel, install_lib, install, install_headers, build_clib, sdist, bdist_dumb, easy_install, rotate, egg_info, update_catalog, install_egg_info, check, clean, extract_messages, bdist_egg, alias, compile_catalog, develop, build, init_catalog, saveopts, setopt, build_sphinx, bdist_rpm, bdist_wheel, bdist, dist_info
[2.746s] DEBUG:colcon.colcon_core.event_handler.log_command:Invoking command in '/home/altair/Person_Tracking_Roboware/src/Robowarepkg': AMENT_PREFIX_PATH=/home/altair/Person_Tracking_Roboware/install/can_msgs:/home/altair/Person_Tracking_Roboware/install/altair_interfaces:${AMENT_PREFIX_PATH} CMAKE_PREFIX_PATH=/home/altair/Person_Tracking_Roboware/install/can_msgs:/home/altair/Person_Tracking_Roboware/install/altair_interfaces LD_LIBRARY_PATH=/home/altair/Person_Tracking_Roboware/install/can_msgs/lib:/home/altair/Person_Tracking_Roboware/install/altair_interfaces/lib:${LD_LIBRARY_PATH} PYTHONPATH=/home/altair/Person_Tracking_Roboware/build/Robowarepkg/prefix_override:/usr/lib/python3/dist-packages/colcon_core/task/python/colcon_distutils_commands:/home/altair/Person_Tracking_Roboware/install/Robowarepkg/lib/python3.10/site-packages:/home/altair/Person_Tracking_Roboware/install/can_msgs/local/lib/python3.10/dist-packages:/home/altair/Person_Tracking_Roboware/install/altair_interfaces/local/lib/python3.10/dist-packages:${PYTHONPATH} /usr/bin/python3 -W ignore:setup.py install is deprecated -W ignore:easy_install command is deprecated setup.py egg_info --egg-base ../../build/Robowarepkg build --build-base /home/altair/Person_Tracking_Roboware/build/Robowarepkg/build install --record /home/altair/Person_Tracking_Roboware/build/Robowarepkg/install.log --install-scripts $base/lib/Robowarepkg --single-version-externally-managed install_data
[3.602s] Level 1:colcon.colcon_core.environment:checking '/home/altair/Person_Tracking_Roboware/install/Robowarepkg' for CMake module files
[3.602s] DEBUG:colcon.colcon_core.event_handler.log_command:Invoked command in '/home/altair/Person_Tracking_Roboware/src/Robowarepkg' returned '0': AMENT_PREFIX_PATH=/home/altair/Person_Tracking_Roboware/install/can_msgs:/home/altair/Person_Tracking_Roboware/install/altair_interfaces:${AMENT_PREFIX_PATH} CMAKE_PREFIX_PATH=/home/altair/Person_Tracking_Roboware/install/can_msgs:/home/altair/Person_Tracking_Roboware/install/altair_interfaces LD_LIBRARY_PATH=/home/altair/Person_Tracking_Roboware/install/can_msgs/lib:/home/altair/Person_Tracking_Roboware/install/altair_interfaces/lib:${LD_LIBRARY_PATH} PYTHONPATH=/home/altair/Person_Tracking_Roboware/build/Robowarepkg/prefix_override:/usr/lib/python3/dist-packages/colcon_core/task/python/colcon_distutils_commands:/home/altair/Person_Tracking_Roboware/install/Robowarepkg/lib/python3.10/site-packages:/home/altair/Person_Tracking_Roboware/install/can_msgs/local/lib/python3.10/dist-packages:/home/altair/Person_Tracking_Roboware/install/altair_interfaces/local/lib/python3.10/dist-packages:${PYTHONPATH} /usr/bin/python3 -W ignore:setup.py install is deprecated -W ignore:easy_install command is deprecated setup.py egg_info --egg-base ../../build/Robowarepkg build --build-base /home/altair/Person_Tracking_Roboware/build/Robowarepkg/build install --record /home/altair/Person_Tracking_Roboware/build/Robowarepkg/install.log --install-scripts $base/lib/Robowarepkg --single-version-externally-managed install_data
[3.603s] Level 1:colcon.colcon_core.environment:checking '/home/altair/Person_Tracking_Roboware/install/Robowarepkg' for CMake config files
[3.604s] Level 1:colcon.colcon_core.environment:checking '/home/altair/Person_Tracking_Roboware/install/Robowarepkg/lib'
[3.604s] Level 1:colcon.colcon_core.environment:checking '/home/altair/Person_Tracking_Roboware/install/Robowarepkg/bin'
[3.604s] Level 1:colcon.colcon_core.environment:checking '/home/altair/Person_Tracking_Roboware/install/Robowarepkg/lib/pkgconfig/Robowarepkg.pc'
[3.604s] Level 1:colcon.colcon_core.environment:checking '/home/altair/Person_Tracking_Roboware/install/Robowarepkg/lib/python3.10/site-packages'
[3.604s] Level 1:colcon.colcon_core.shell:create_environment_hook('Robowarepkg', 'pythonpath')
[3.604s] INFO:colcon.colcon_core.shell:Creating environment hook '/home/altair/Person_Tracking_Roboware/install/Robowarepkg/share/Robowarepkg/hook/pythonpath.ps1'
[3.605s] INFO:colcon.colcon_core.shell:Creating environment descriptor '/home/altair/Person_Tracking_Roboware/install/Robowarepkg/share/Robowarepkg/hook/pythonpath.dsv'
[3.605s] INFO:colcon.colcon_core.shell:Creating environment hook '/home/altair/Person_Tracking_Roboware/install/Robowarepkg/share/Robowarepkg/hook/pythonpath.sh'
[3.606s] Level 1:colcon.colcon_core.environment:checking '/home/altair/Person_Tracking_Roboware/install/Robowarepkg/bin'
[3.606s] Level 1:colcon.colcon_core.environment:create_environment_scripts_only(Robowarepkg)
[3.606s] INFO:colcon.colcon_core.shell:Creating package script '/home/altair/Person_Tracking_Roboware/install/Robowarepkg/share/Robowarepkg/package.ps1'
[3.607s] INFO:colcon.colcon_core.shell:Creating package descriptor '/home/altair/Person_Tracking_Roboware/install/Robowarepkg/share/Robowarepkg/package.dsv'
[3.607s] INFO:colcon.colcon_core.shell:Creating package script '/home/altair/Person_Tracking_Roboware/install/Robowarepkg/share/Robowarepkg/package.sh'
[3.608s] INFO:colcon.colcon_core.shell:Creating package script '/home/altair/Person_Tracking_Roboware/install/Robowarepkg/share/Robowarepkg/package.bash'
[3.608s] INFO:colcon.colcon_core.shell:Creating package script '/home/altair/Person_Tracking_Roboware/install/Robowarepkg/share/Robowarepkg/package.zsh'
[3.608s] Level 1:colcon.colcon_core.environment:create_file_with_runtime_dependencies(/home/altair/Person_Tracking_Roboware/install/Robowarepkg/share/colcon-core/packages/Robowarepkg)
[3.608s] DEBUG:colcon.colcon_parallel_executor.executor.parallel:closing loop
[3.609s] DEBUG:colcon.colcon_parallel_executor.executor.parallel:loop closed
[3.609s] DEBUG:colcon.colcon_parallel_executor.executor.parallel:run_until_complete finished with '0'
[3.609s] DEBUG:colcon.colcon_core.event_reactor:joining thread
[3.634s] INFO:colcon.colcon_core.plugin_system:Skipping extension 'colcon_notification.desktop_notification.terminal_notifier': Not used on non-Darwin systems
[3.635s] INFO:colcon.colcon_core.plugin_system:Skipping extension 'colcon_notification.desktop_notification.win32': Not used on non-Windows systems
[3.635s] INFO:colcon.colcon_notification.desktop_notification:Sending desktop notification using 'notify2'
[3.650s] DEBUG:colcon.colcon_core.event_reactor:joined thread
[3.650s] INFO:colcon.colcon_core.shell:Creating prefix script '/home/altair/Person_Tracking_Roboware/install/local_setup.ps1'
[3.651s] INFO:colcon.colcon_core.shell:Creating prefix util module '/home/altair/Person_Tracking_Roboware/install/_local_setup_util_ps1.py'
[3.653s] INFO:colcon.colcon_core.shell:Creating prefix chain script '/home/altair/Person_Tracking_Roboware/install/setup.ps1'
[3.654s] INFO:colcon.colcon_core.shell:Creating prefix script '/home/altair/Person_Tracking_Roboware/install/local_setup.sh'
[3.655s] INFO:colcon.colcon_core.shell:Creating prefix util module '/home/altair/Person_Tracking_Roboware/install/_local_setup_util_sh.py'
[3.655s] INFO:colcon.colcon_core.shell:Creating prefix chain script '/home/altair/Person_Tracking_Roboware/install/setup.sh'
[3.656s] INFO:colcon.colcon_core.shell:Creating prefix script '/home/altair/Person_Tracking_Roboware/install/local_setup.bash'
[3.657s] INFO:colcon.colcon_core.shell:Creating prefix chain script '/home/altair/Person_Tracking_Roboware/install/setup.bash'
[3.658s] INFO:colcon.colcon_core.shell:Creating prefix script '/home/altair/Person_Tracking_Roboware/install/local_setup.zsh'
[3.659s] INFO:colcon.colcon_core.shell:Creating prefix chain script '/home/altair/Person_Tracking_Roboware/install/setup.zsh'
