[0.015s] Invoking command in '/home/altair/Person_Tracking_Roboware/build/altair_interfaces': CMAKE_PREFIX_PATH=/opt/ros/humble /usr/bin/cmake /home/altair/Person_Tracking_Roboware/src/altair_interfaces -DCMAKE_INSTALL_PREFIX=/home/altair/Person_Tracking_Roboware/install/altair_interfaces
[0.198s] -- The C compiler identification is GNU 11.4.0
[0.342s] -- The CXX compiler identification is GNU 11.4.0
[0.358s] -- Detecting C compiler ABI info
[0.429s] -- Detecting C compiler ABI info - done
[0.438s] -- Check for working C compiler: /usr/bin/cc - skipped
[0.438s] -- Detecting C compile features
[0.439s] -- Detecting C compile features - done
[0.443s] -- Detecting CXX compiler ABI info
[0.519s] -- Detecting CXX compiler ABI info - done
[0.528s] -- Check for working CXX compiler: /usr/bin/c++ - skipped
[0.528s] -- Detecting CXX compile features
[0.528s] -- Detecting CXX compile features - done
[0.541s] -- Found ament_cmake: 1.3.14 (/opt/ros/humble/share/ament_cmake/cmake)
[0.918s] -- Found Python3: /usr/bin/python3 (found version "3.10.12") found components: Interpreter 
[1.050s] -- Found rosidl_default_generators: 1.2.1 (/opt/ros/humble/share/rosidl_default_generators/cmake)
[1.055s] -- Using all available rosidl_typesupport_c: rosidl_typesupport_fastrtps_c;rosidl_typesupport_introspection_c
[1.066s] -- Found rosidl_adapter: 3.1.8 (/opt/ros/humble/share/rosidl_adapter/cmake)
[1.140s] -- Using all available rosidl_typesupport_cpp: rosidl_typesupport_fastrtps_cpp;rosidl_typesupport_introspection_cpp
[1.473s] -- Found ament_cmake_ros: 0.10.0 (/opt/ros/humble/share/ament_cmake_ros/cmake)
[1.582s] -- Using all available rosidl_typesupport_c: rosidl_typesupport_fastrtps_c;rosidl_typesupport_introspection_c
[1.714s] -- Using all available rosidl_typesupport_cpp: rosidl_typesupport_fastrtps_cpp;rosidl_typesupport_introspection_cpp
[1.739s] -- Found PythonInterp: /usr/bin/python3 (found suitable version "3.10.12", minimum required is "3.6") 
[1.742s] -- Found python_cmake_module: 0.10.0 (/opt/ros/humble/share/python_cmake_module/cmake)
[1.773s] -- Found PythonLibs: /usr/lib/x86_64-linux-gnu/libpython3.10.so (found suitable version "3.10.12", minimum required is "3.5") 
[1.773s] -- Using PYTHON_EXECUTABLE: /usr/bin/python3
[1.773s] -- Using PYTHON_INCLUDE_DIRS: /usr/include/python3.10
[1.773s] -- Using PYTHON_LIBRARIES: /usr/lib/x86_64-linux-gnu/libpython3.10.so
[1.801s] -- Found PythonExtra: .so  
[1.885s] -- Configuring done
[1.954s] -- Generating done
[1.968s] -- Build files have been written to: /home/altair/Person_Tracking_Roboware/build/altair_interfaces
[1.977s] Invoked command in '/home/altair/Person_Tracking_Roboware/build/altair_interfaces' returned '0': CMAKE_PREFIX_PATH=/opt/ros/humble /usr/bin/cmake /home/altair/Person_Tracking_Roboware/src/altair_interfaces -DCMAKE_INSTALL_PREFIX=/home/altair/Person_Tracking_Roboware/install/altair_interfaces
[1.978s] Invoking command in '/home/altair/Person_Tracking_Roboware/build/altair_interfaces': CMAKE_PREFIX_PATH=/opt/ros/humble /usr/bin/cmake --build /home/altair/Person_Tracking_Roboware/build/altair_interfaces -- -j8 -l8
[2.001s] [  1%] [34m[1mGenerating C code for ROS interfaces[0m
[2.008s] [  2%] [34m[1mGenerating Rust code for ROS interfaces[0m
[2.011s] [  3%] [34m[1mGenerating C++ code for ROS interfaces[0m
[2.013s] [  3%] Built target ament_cmake_python_copy_altair_interfaces
[2.711s] running egg_info
[2.835s] creating altair_interfaces.egg-info
[2.836s] writing altair_interfaces.egg-info/PKG-INFO
[2.837s] writing dependency_links to altair_interfaces.egg-info/dependency_links.txt
[2.838s] writing top-level names to altair_interfaces.egg-info/top_level.txt
[2.838s] writing manifest file 'altair_interfaces.egg-info/SOURCES.txt'
[3.186s] reading manifest file 'altair_interfaces.egg-info/SOURCES.txt'
[3.187s] writing manifest file 'altair_interfaces.egg-info/SOURCES.txt'
[3.260s] [  3%] Built target ament_cmake_python_build_altair_interfaces_egg
[4.810s] [  3%] Built target altair_interfaces__rs
[5.686s] [  3%] Built target altair_interfaces__cpp
[5.702s] [  4%] [34m[1mGenerating C++ type support dispatch for ROS interfaces[0m
[5.702s] [  5%] [34m[1mGenerating C++ introspection for ROS interfaces[0m
[5.702s] [  6%] [34m[1mGenerating C++ type support for eProsima Fast-RTPS[0m
[5.827s] [  7%] [32mBuilding C object CMakeFiles/altair_interfaces__rosidl_generator_c.dir/rosidl_generator_c/altair_interfaces/msg/detail/can_status__functions.c.o[0m
[5.829s] [  8%] [32mBuilding C object CMakeFiles/altair_interfaces__rosidl_generator_c.dir/rosidl_generator_c/altair_interfaces/msg/detail/mdd_command__functions.c.o[0m
[5.833s] [  9%] [32mBuilding C object CMakeFiles/altair_interfaces__rosidl_generator_c.dir/rosidl_generator_c/altair_interfaces/msg/detail/mdd_feedback__functions.c.o[0m
[5.834s] [ 10%] [32mBuilding C object CMakeFiles/altair_interfaces__rosidl_generator_c.dir/rosidl_generator_c/altair_interfaces/msg/detail/servo_command__functions.c.o[0m
[5.839s] [ 11%] [32mBuilding C object CMakeFiles/altair_interfaces__rosidl_generator_c.dir/rosidl_generator_c/altair_interfaces/msg/detail/solenoid_command__functions.c.o[0m
[5.954s] [ 12%] [32mBuilding C object CMakeFiles/altair_interfaces__rosidl_generator_c.dir/rosidl_generator_c/altair_interfaces/srv/detail/get_available_ports__functions.c.o[0m
[5.956s] [ 13%] [32mBuilding C object CMakeFiles/altair_interfaces__rosidl_generator_c.dir/rosidl_generator_c/altair_interfaces/srv/detail/trigger_control__functions.c.o[0m
[5.978s] [ 14%] [32mBuilding C object CMakeFiles/altair_interfaces__rosidl_generator_c.dir/rosidl_generator_c/altair_interfaces/srv/detail/connect_can__functions.c.o[0m
[6.000s] [ 15%] [32mBuilding C object CMakeFiles/altair_interfaces__rosidl_generator_c.dir/rosidl_generator_c/altair_interfaces/srv/detail/start_behavior__functions.c.o[0m
[6.106s] [ 16%] [32m[1mLinking C shared library libaltair_interfaces__rosidl_generator_c.so[0m
[6.141s] [ 16%] Built target altair_interfaces__rosidl_generator_c
[6.153s] [ 18%] [34m[1mGenerating C type support for eProsima Fast-RTPS[0m
[6.153s] [ 18%] [34m[1mGenerating C type support dispatch for ROS interfaces[0m
[6.153s] [ 19%] [34m[1mGenerating C introspection for ROS interfaces[0m
[7.501s] [ 20%] [32mBuilding CXX object CMakeFiles/altair_interfaces__rosidl_typesupport_cpp.dir/rosidl_typesupport_cpp/altair_interfaces/msg/mdd_command__type_support.cpp.o[0m
[7.502s] [ 21%] [32mBuilding CXX object CMakeFiles/altair_interfaces__rosidl_typesupport_cpp.dir/rosidl_typesupport_cpp/altair_interfaces/msg/can_status__type_support.cpp.o[0m
[7.503s] [ 22%] [32mBuilding CXX object CMakeFiles/altair_interfaces__rosidl_typesupport_cpp.dir/rosidl_typesupport_cpp/altair_interfaces/msg/mdd_feedback__type_support.cpp.o[0m
[7.950s] [ 23%] [32mBuilding CXX object CMakeFiles/altair_interfaces__rosidl_typesupport_c.dir/rosidl_typesupport_c/altair_interfaces/msg/can_status__type_support.cpp.o[0m
[7.999s] [ 25%] [32mBuilding CXX object CMakeFiles/altair_interfaces__rosidl_typesupport_c.dir/rosidl_typesupport_c/altair_interfaces/msg/mdd_feedback__type_support.cpp.o[0m
[8.035s] [ 26%] [32mBuilding CXX object CMakeFiles/altair_interfaces__rosidl_typesupport_introspection_cpp.dir/rosidl_typesupport_introspection_cpp/altair_interfaces/msg/detail/can_status__type_support.cpp.o[0m
[8.049s] [ 27%] [32mBuilding CXX object CMakeFiles/altair_interfaces__rosidl_typesupport_c.dir/rosidl_typesupport_c/altair_interfaces/msg/mdd_command__type_support.cpp.o[0m
[8.112s] [ 28%] [32mBuilding CXX object CMakeFiles/altair_interfaces__rosidl_typesupport_c.dir/rosidl_typesupport_c/altair_interfaces/msg/servo_command__type_support.cpp.o[0m
[8.112s] [ 29%] [32mBuilding CXX object CMakeFiles/altair_interfaces__rosidl_typesupport_introspection_cpp.dir/rosidl_typesupport_introspection_cpp/altair_interfaces/msg/detail/mdd_feedback__type_support.cpp.o[0m
[8.159s] [ 30%] [32mBuilding CXX object CMakeFiles/altair_interfaces__rosidl_typesupport_introspection_cpp.dir/rosidl_typesupport_introspection_cpp/altair_interfaces/msg/detail/mdd_command__type_support.cpp.o[0m
[8.207s] [ 31%] [32mBuilding CXX object CMakeFiles/altair_interfaces__rosidl_typesupport_c.dir/rosidl_typesupport_c/altair_interfaces/msg/solenoid_command__type_support.cpp.o[0m
[8.287s] [ 32%] [32mBuilding CXX object CMakeFiles/altair_interfaces__rosidl_typesupport_cpp.dir/rosidl_typesupport_cpp/altair_interfaces/msg/servo_command__type_support.cpp.o[0m
[8.299s] [ 33%] [32mBuilding CXX object CMakeFiles/altair_interfaces__rosidl_typesupport_c.dir/rosidl_typesupport_c/altair_interfaces/srv/trigger_control__type_support.cpp.o[0m
[8.408s] [ 34%] [32mBuilding CXX object CMakeFiles/altair_interfaces__rosidl_typesupport_c.dir/rosidl_typesupport_c/altair_interfaces/srv/get_available_ports__type_support.cpp.o[0m
[8.498s] [ 35%] [32mBuilding CXX object CMakeFiles/altair_interfaces__rosidl_typesupport_c.dir/rosidl_typesupport_c/altair_interfaces/srv/connect_can__type_support.cpp.o[0m
[8.552s] [ 36%] [32mBuilding CXX object CMakeFiles/altair_interfaces__rosidl_typesupport_c.dir/rosidl_typesupport_c/altair_interfaces/srv/start_behavior__type_support.cpp.o[0m
[8.592s] [ 37%] [32mBuilding CXX object CMakeFiles/altair_interfaces__rosidl_typesupport_fastrtps_cpp.dir/rosidl_typesupport_fastrtps_cpp/altair_interfaces/msg/detail/dds_fastrtps/can_status__type_support.cpp.o[0m
[8.595s] [ 38%] [32mBuilding C object CMakeFiles/altair_interfaces__rosidl_typesupport_introspection_c.dir/rosidl_typesupport_introspection_c/altair_interfaces/msg/detail/can_status__type_support.c.o[0m
[8.618s] [ 39%] [32m[1mLinking CXX shared library libaltair_interfaces__rosidl_typesupport_c.so[0m
[8.661s] [ 40%] [32mBuilding CXX object CMakeFiles/altair_interfaces__rosidl_typesupport_fastrtps_c.dir/rosidl_typesupport_fastrtps_c/altair_interfaces/msg/detail/can_status__type_support_c.cpp.o[0m
[8.672s] [ 41%] [32mBuilding C object CMakeFiles/altair_interfaces__rosidl_typesupport_introspection_c.dir/rosidl_typesupport_introspection_c/altair_interfaces/msg/detail/mdd_feedback__type_support.c.o[0m
[8.690s] [ 41%] Built target altair_interfaces__rosidl_typesupport_c
[8.700s] [ 42%] [32mBuilding CXX object CMakeFiles/altair_interfaces__rosidl_typesupport_cpp.dir/rosidl_typesupport_cpp/altair_interfaces/msg/solenoid_command__type_support.cpp.o[0m
[8.749s] [ 43%] [32mBuilding C object CMakeFiles/altair_interfaces__rosidl_typesupport_introspection_c.dir/rosidl_typesupport_introspection_c/altair_interfaces/msg/detail/mdd_command__type_support.c.o[0m
[8.840s] [ 44%] [32mBuilding CXX object CMakeFiles/altair_interfaces__rosidl_typesupport_fastrtps_cpp.dir/rosidl_typesupport_fastrtps_cpp/altair_interfaces/msg/detail/dds_fastrtps/mdd_feedback__type_support.cpp.o[0m
[8.848s] [ 45%] [32mBuilding CXX object CMakeFiles/altair_interfaces__rosidl_typesupport_fastrtps_c.dir/rosidl_typesupport_fastrtps_c/altair_interfaces/msg/detail/mdd_feedback__type_support_c.cpp.o[0m
[8.864s] [ 46%] [32mBuilding C object CMakeFiles/altair_interfaces__rosidl_typesupport_introspection_c.dir/rosidl_typesupport_introspection_c/altair_interfaces/msg/detail/servo_command__type_support.c.o[0m
[8.977s] [ 47%] [32mBuilding C object CMakeFiles/altair_interfaces__rosidl_typesupport_introspection_c.dir/rosidl_typesupport_introspection_c/altair_interfaces/msg/detail/solenoid_command__type_support.c.o[0m
[8.994s] [ 48%] [32mBuilding CXX object CMakeFiles/altair_interfaces__rosidl_typesupport_fastrtps_cpp.dir/rosidl_typesupport_fastrtps_cpp/altair_interfaces/msg/detail/dds_fastrtps/mdd_command__type_support.cpp.o[0m
[9.014s] [ 50%] [32mBuilding CXX object CMakeFiles/altair_interfaces__rosidl_typesupport_introspection_cpp.dir/rosidl_typesupport_introspection_cpp/altair_interfaces/msg/detail/servo_command__type_support.cpp.o[0m
[9.061s] [ 51%] [32mBuilding C object CMakeFiles/altair_interfaces__rosidl_typesupport_introspection_c.dir/rosidl_typesupport_introspection_c/altair_interfaces/srv/detail/trigger_control__type_support.c.o[0m
[9.147s] [ 52%] [32mBuilding C object CMakeFiles/altair_interfaces__rosidl_typesupport_introspection_c.dir/rosidl_typesupport_introspection_c/altair_interfaces/srv/detail/get_available_ports__type_support.c.o[0m
[9.234s] [ 53%] [32mBuilding C object CMakeFiles/altair_interfaces__rosidl_typesupport_introspection_c.dir/rosidl_typesupport_introspection_c/altair_interfaces/srv/detail/connect_can__type_support.c.o[0m
[9.264s] [ 54%] [32mBuilding CXX object CMakeFiles/altair_interfaces__rosidl_typesupport_cpp.dir/rosidl_typesupport_cpp/altair_interfaces/srv/trigger_control__type_support.cpp.o[0m
[9.296s] [ 55%] [32mBuilding C object CMakeFiles/altair_interfaces__rosidl_typesupport_introspection_c.dir/rosidl_typesupport_introspection_c/altair_interfaces/srv/detail/start_behavior__type_support.c.o[0m
[9.367s] [ 56%] [32m[1mLinking C shared library libaltair_interfaces__rosidl_typesupport_introspection_c.so[0m
[9.445s] [ 56%] Built target altair_interfaces__rosidl_typesupport_introspection_c
[9.447s] [ 57%] [32mBuilding CXX object CMakeFiles/altair_interfaces__rosidl_typesupport_fastrtps_cpp.dir/rosidl_typesupport_fastrtps_cpp/altair_interfaces/msg/detail/dds_fastrtps/servo_command__type_support.cpp.o[0m
[9.460s] [ 58%] [32mBuilding CXX object CMakeFiles/altair_interfaces__rosidl_typesupport_fastrtps_cpp.dir/rosidl_typesupport_fastrtps_cpp/altair_interfaces/msg/detail/dds_fastrtps/solenoid_command__type_support.cpp.o[0m
[9.504s] [ 59%] [32mBuilding CXX object CMakeFiles/altair_interfaces__rosidl_typesupport_fastrtps_c.dir/rosidl_typesupport_fastrtps_c/altair_interfaces/msg/detail/mdd_command__type_support_c.cpp.o[0m
[9.549s] [ 60%] [32mBuilding CXX object CMakeFiles/altair_interfaces__rosidl_typesupport_cpp.dir/rosidl_typesupport_cpp/altair_interfaces/srv/get_available_ports__type_support.cpp.o[0m
[9.877s] [ 61%] [32mBuilding CXX object CMakeFiles/altair_interfaces__rosidl_typesupport_cpp.dir/rosidl_typesupport_cpp/altair_interfaces/srv/connect_can__type_support.cpp.o[0m
[9.893s] [ 62%] [32mBuilding CXX object CMakeFiles/altair_interfaces__rosidl_typesupport_introspection_cpp.dir/rosidl_typesupport_introspection_cpp/altair_interfaces/msg/detail/solenoid_command__type_support.cpp.o[0m
[9.940s] [ 63%] [32mBuilding CXX object CMakeFiles/altair_interfaces__rosidl_typesupport_introspection_cpp.dir/rosidl_typesupport_introspection_cpp/altair_interfaces/srv/detail/trigger_control__type_support.cpp.o[0m
[9.963s] [ 64%] [32mBuilding CXX object CMakeFiles/altair_interfaces__rosidl_typesupport_fastrtps_c.dir/rosidl_typesupport_fastrtps_c/altair_interfaces/msg/detail/servo_command__type_support_c.cpp.o[0m
[10.124s] [ 65%] [32mBuilding CXX object CMakeFiles/altair_interfaces__rosidl_typesupport_introspection_cpp.dir/rosidl_typesupport_introspection_cpp/altair_interfaces/srv/detail/get_available_ports__type_support.cpp.o[0m
[10.283s] [ 66%] [32mBuilding CXX object CMakeFiles/altair_interfaces__rosidl_typesupport_fastrtps_cpp.dir/rosidl_typesupport_fastrtps_cpp/altair_interfaces/srv/detail/dds_fastrtps/trigger_control__type_support.cpp.o[0m
[10.305s] [ 67%] [32mBuilding CXX object CMakeFiles/altair_interfaces__rosidl_typesupport_fastrtps_c.dir/rosidl_typesupport_fastrtps_c/altair_interfaces/msg/detail/solenoid_command__type_support_c.cpp.o[0m
[10.518s] [ 68%] [32mBuilding CXX object CMakeFiles/altair_interfaces__rosidl_typesupport_cpp.dir/rosidl_typesupport_cpp/altair_interfaces/srv/start_behavior__type_support.cpp.o[0m
[10.653s] [ 69%] [32mBuilding CXX object CMakeFiles/altair_interfaces__rosidl_typesupport_introspection_cpp.dir/rosidl_typesupport_introspection_cpp/altair_interfaces/srv/detail/connect_can__type_support.cpp.o[0m
[10.746s] [ 70%] [32mBuilding CXX object CMakeFiles/altair_interfaces__rosidl_typesupport_fastrtps_cpp.dir/rosidl_typesupport_fastrtps_cpp/altair_interfaces/srv/detail/dds_fastrtps/get_available_ports__type_support.cpp.o[0m
[10.776s] [ 71%] [32mBuilding CXX object CMakeFiles/altair_interfaces__rosidl_typesupport_fastrtps_c.dir/rosidl_typesupport_fastrtps_c/altair_interfaces/srv/detail/trigger_control__type_support_c.cpp.o[0m
[10.814s] [ 72%] [32mBuilding CXX object CMakeFiles/altair_interfaces__rosidl_typesupport_fastrtps_cpp.dir/rosidl_typesupport_fastrtps_cpp/altair_interfaces/srv/detail/dds_fastrtps/connect_can__type_support.cpp.o[0m
[10.990s] [ 73%] [32mBuilding CXX object CMakeFiles/altair_interfaces__rosidl_typesupport_fastrtps_cpp.dir/rosidl_typesupport_fastrtps_cpp/altair_interfaces/srv/detail/dds_fastrtps/start_behavior__type_support.cpp.o[0m
[11.199s] [ 75%] [32m[1mLinking CXX shared library libaltair_interfaces__rosidl_typesupport_cpp.so[0m
[11.210s] [ 76%] [32mBuilding CXX object CMakeFiles/altair_interfaces__rosidl_typesupport_fastrtps_c.dir/rosidl_typesupport_fastrtps_c/altair_interfaces/srv/detail/get_available_ports__type_support_c.cpp.o[0m
[11.275s] [ 76%] Built target altair_interfaces__rosidl_typesupport_cpp
[11.285s] [ 77%] [32mBuilding CXX object CMakeFiles/altair_interfaces__rosidl_typesupport_fastrtps_c.dir/rosidl_typesupport_fastrtps_c/altair_interfaces/srv/detail/connect_can__type_support_c.cpp.o[0m
[11.463s] [ 78%] [32mBuilding CXX object CMakeFiles/altair_interfaces__rosidl_typesupport_fastrtps_c.dir/rosidl_typesupport_fastrtps_c/altair_interfaces/srv/detail/start_behavior__type_support_c.cpp.o[0m
[11.640s] [ 79%] [32mBuilding CXX object CMakeFiles/altair_interfaces__rosidl_typesupport_introspection_cpp.dir/rosidl_typesupport_introspection_cpp/altair_interfaces/srv/detail/start_behavior__type_support.cpp.o[0m
[11.996s] [ 80%] [32m[1mLinking CXX shared library libaltair_interfaces__rosidl_typesupport_fastrtps_cpp.so[0m
[12.141s] [ 80%] Built target altair_interfaces__rosidl_typesupport_fastrtps_cpp
[12.197s] [ 81%] [32m[1mLinking CXX shared library libaltair_interfaces__rosidl_typesupport_fastrtps_c.so[0m
[12.258s] [ 82%] [32m[1mLinking CXX shared library libaltair_interfaces__rosidl_typesupport_introspection_cpp.so[0m
[12.289s] [ 82%] Built target altair_interfaces__rosidl_typesupport_fastrtps_c
[12.350s] [ 82%] Built target altair_interfaces__rosidl_typesupport_introspection_cpp
[12.362s] [ 82%] Built target altair_interfaces
[12.374s] [ 83%] [34m[1mGenerating Python code for ROS interfaces[0m
[14.472s] [ 83%] Built target altair_interfaces__py
[14.487s] [ 85%] [32mBuilding C object CMakeFiles/altair_interfaces__rosidl_generator_py.dir/rosidl_generator_py/altair_interfaces/msg/_can_status_s.c.o[0m
[14.487s] [ 86%] [32mBuilding C object CMakeFiles/altair_interfaces__rosidl_generator_py.dir/rosidl_generator_py/altair_interfaces/msg/_servo_command_s.c.o[0m
[14.487s] [ 87%] [32mBuilding C object CMakeFiles/altair_interfaces__rosidl_generator_py.dir/rosidl_generator_py/altair_interfaces/msg/_mdd_command_s.c.o[0m
[14.487s] [ 88%] [32mBuilding C object CMakeFiles/altair_interfaces__rosidl_generator_py.dir/rosidl_generator_py/altair_interfaces/msg/_solenoid_command_s.c.o[0m
[14.488s] [ 89%] [32mBuilding C object CMakeFiles/altair_interfaces__rosidl_generator_py.dir/rosidl_generator_py/altair_interfaces/srv/_trigger_control_s.c.o[0m
[14.488s] [ 90%] [32mBuilding C object CMakeFiles/altair_interfaces__rosidl_generator_py.dir/rosidl_generator_py/altair_interfaces/srv/_get_available_ports_s.c.o[0m
[14.488s] [ 85%] [32mBuilding C object CMakeFiles/altair_interfaces__rosidl_generator_py.dir/rosidl_generator_py/altair_interfaces/msg/_mdd_feedback_s.c.o[0m
[14.489s] [ 91%] [32mBuilding C object CMakeFiles/altair_interfaces__rosidl_generator_py.dir/rosidl_generator_py/altair_interfaces/srv/_connect_can_s.c.o[0m
[14.677s] [ 92%] [32mBuilding C object CMakeFiles/altair_interfaces__rosidl_generator_py.dir/rosidl_generator_py/altair_interfaces/srv/_start_behavior_s.c.o[0m
[14.796s] [ 93%] [32m[1mLinking C shared library rosidl_generator_py/altair_interfaces/libaltair_interfaces__rosidl_generator_py.so[0m
[14.830s] [ 93%] Built target altair_interfaces__rosidl_generator_py
[14.842s] [ 95%] [32mBuilding C object CMakeFiles/altair_interfaces__rosidl_typesupport_fastrtps_c__pyext.dir/rosidl_generator_py/altair_interfaces/_altair_interfaces_s.ep.rosidl_typesupport_fastrtps_c.c.o[0m
[14.842s] [ 95%] [32mBuilding C object CMakeFiles/altair_interfaces__rosidl_typesupport_introspection_c__pyext.dir/rosidl_generator_py/altair_interfaces/_altair_interfaces_s.ep.rosidl_typesupport_introspection_c.c.o[0m
[14.843s] [ 96%] [32mBuilding C object CMakeFiles/altair_interfaces__rosidl_typesupport_c__pyext.dir/rosidl_generator_py/altair_interfaces/_altair_interfaces_s.ep.rosidl_typesupport_c.c.o[0m
[14.982s] [ 97%] [32m[1mLinking C shared library rosidl_generator_py/altair_interfaces/altair_interfaces_s__rosidl_typesupport_c.cpython-310-x86_64-linux-gnu.so[0m
[14.984s] [ 98%] [32m[1mLinking C shared library rosidl_generator_py/altair_interfaces/altair_interfaces_s__rosidl_typesupport_introspection_c.cpython-310-x86_64-linux-gnu.so[0m
[14.988s] [100%] [32m[1mLinking C shared library rosidl_generator_py/altair_interfaces/altair_interfaces_s__rosidl_typesupport_fastrtps_c.cpython-310-x86_64-linux-gnu.so[0m
[15.010s] [100%] Built target altair_interfaces__rosidl_typesupport_c__pyext
[15.012s] [100%] Built target altair_interfaces__rosidl_typesupport_introspection_c__pyext
[15.017s] [100%] Built target altair_interfaces__rosidl_typesupport_fastrtps_c__pyext
[15.025s] Invoked command in '/home/altair/Person_Tracking_Roboware/build/altair_interfaces' returned '0': CMAKE_PREFIX_PATH=/opt/ros/humble /usr/bin/cmake --build /home/altair/Person_Tracking_Roboware/build/altair_interfaces -- -j8 -l8
[15.027s] Invoking command in '/home/altair/Person_Tracking_Roboware/build/altair_interfaces': CMAKE_PREFIX_PATH=/opt/ros/humble /usr/bin/cmake --install /home/altair/Person_Tracking_Roboware/build/altair_interfaces
[15.031s] -- Install configuration: ""
[15.031s] -- Installing: /home/altair/Person_Tracking_Roboware/install/altair_interfaces/share/ament_index/resource_index/rosidl_interfaces/altair_interfaces
[15.031s] -- Installing: /home/altair/Person_Tracking_Roboware/install/altair_interfaces/include/altair_interfaces/altair_interfaces
[15.031s] -- Installing: /home/altair/Person_Tracking_Roboware/install/altair_interfaces/include/altair_interfaces/altair_interfaces/msg
[15.032s] -- Installing: /home/altair/Person_Tracking_Roboware/install/altair_interfaces/include/altair_interfaces/altair_interfaces/msg/mdd_command.h
[15.032s] -- Installing: /home/altair/Person_Tracking_Roboware/install/altair_interfaces/include/altair_interfaces/altair_interfaces/msg/rosidl_generator_c__visibility_control.h
[15.032s] -- Installing: /home/altair/Person_Tracking_Roboware/install/altair_interfaces/include/altair_interfaces/altair_interfaces/msg/detail
[15.032s] -- Installing: /home/altair/Person_Tracking_Roboware/install/altair_interfaces/include/altair_interfaces/altair_interfaces/msg/detail/mdd_feedback__struct.h
[15.032s] -- Installing: /home/altair/Person_Tracking_Roboware/install/altair_interfaces/include/altair_interfaces/altair_interfaces/msg/detail/mdd_command__struct.h
[15.032s] -- Installing: /home/altair/Person_Tracking_Roboware/install/altair_interfaces/include/altair_interfaces/altair_interfaces/msg/detail/can_status__struct.h
[15.033s] -- Installing: /home/altair/Person_Tracking_Roboware/install/altair_interfaces/include/altair_interfaces/altair_interfaces/msg/detail/mdd_feedback__type_support.h
[15.033s] -- Installing: /home/altair/Person_Tracking_Roboware/install/altair_interfaces/include/altair_interfaces/altair_interfaces/msg/detail/servo_command__functions.h
[15.033s] -- Installing: /home/altair/Person_Tracking_Roboware/install/altair_interfaces/include/altair_interfaces/altair_interfaces/msg/detail/solenoid_command__functions.h
[15.033s] -- Installing: /home/altair/Person_Tracking_Roboware/install/altair_interfaces/include/altair_interfaces/altair_interfaces/msg/detail/mdd_command__type_support.h
[15.033s] -- Installing: /home/altair/Person_Tracking_Roboware/install/altair_interfaces/include/altair_interfaces/altair_interfaces/msg/detail/servo_command__struct.h
[15.033s] -- Installing: /home/altair/Person_Tracking_Roboware/install/altair_interfaces/include/altair_interfaces/altair_interfaces/msg/detail/solenoid_command__type_support.h
[15.033s] -- Installing: /home/altair/Person_Tracking_Roboware/install/altair_interfaces/include/altair_interfaces/altair_interfaces/msg/detail/mdd_feedback__functions.c
[15.033s] -- Installing: /home/altair/Person_Tracking_Roboware/install/altair_interfaces/include/altair_interfaces/altair_interfaces/msg/detail/solenoid_command__struct.h
[15.034s] -- Installing: /home/altair/Person_Tracking_Roboware/install/altair_interfaces/include/altair_interfaces/altair_interfaces/msg/detail/can_status__functions.c
[15.034s] -- Installing: /home/altair/Person_Tracking_Roboware/install/altair_interfaces/include/altair_interfaces/altair_interfaces/msg/detail/servo_command__type_support.h
[15.034s] -- Installing: /home/altair/Person_Tracking_Roboware/install/altair_interfaces/include/altair_interfaces/altair_interfaces/msg/detail/mdd_command__functions.c
[15.034s] -- Installing: /home/altair/Person_Tracking_Roboware/install/altair_interfaces/include/altair_interfaces/altair_interfaces/msg/detail/mdd_command__functions.h
[15.034s] -- Installing: /home/altair/Person_Tracking_Roboware/install/altair_interfaces/include/altair_interfaces/altair_interfaces/msg/detail/can_status__functions.h
[15.034s] -- Installing: /home/altair/Person_Tracking_Roboware/install/altair_interfaces/include/altair_interfaces/altair_interfaces/msg/detail/servo_command__functions.c
[15.034s] -- Installing: /home/altair/Person_Tracking_Roboware/install/altair_interfaces/include/altair_interfaces/altair_interfaces/msg/detail/solenoid_command__functions.c
[15.035s] -- Installing: /home/altair/Person_Tracking_Roboware/install/altair_interfaces/include/altair_interfaces/altair_interfaces/msg/detail/can_status__type_support.h
[15.035s] -- Installing: /home/altair/Person_Tracking_Roboware/install/altair_interfaces/include/altair_interfaces/altair_interfaces/msg/detail/mdd_feedback__functions.h
[15.035s] -- Installing: /home/altair/Person_Tracking_Roboware/install/altair_interfaces/include/altair_interfaces/altair_interfaces/msg/servo_command.h
[15.035s] -- Installing: /home/altair/Person_Tracking_Roboware/install/altair_interfaces/include/altair_interfaces/altair_interfaces/msg/solenoid_command.h
[15.035s] -- Installing: /home/altair/Person_Tracking_Roboware/install/altair_interfaces/include/altair_interfaces/altair_interfaces/msg/mdd_feedback.h
[15.035s] -- Installing: /home/altair/Person_Tracking_Roboware/install/altair_interfaces/include/altair_interfaces/altair_interfaces/msg/can_status.h
[15.036s] -- Installing: /home/altair/Person_Tracking_Roboware/install/altair_interfaces/include/altair_interfaces/altair_interfaces/srv
[15.036s] -- Installing: /home/altair/Person_Tracking_Roboware/install/altair_interfaces/include/altair_interfaces/altair_interfaces/srv/detail
[15.036s] -- Installing: /home/altair/Person_Tracking_Roboware/install/altair_interfaces/include/altair_interfaces/altair_interfaces/srv/detail/start_behavior__functions.h
[15.036s] -- Installing: /home/altair/Person_Tracking_Roboware/install/altair_interfaces/include/altair_interfaces/altair_interfaces/srv/detail/get_available_ports__type_support.h
[15.036s] -- Installing: /home/altair/Person_Tracking_Roboware/install/altair_interfaces/include/altair_interfaces/altair_interfaces/srv/detail/get_available_ports__functions.c
[15.036s] -- Installing: /home/altair/Person_Tracking_Roboware/install/altair_interfaces/include/altair_interfaces/altair_interfaces/srv/detail/trigger_control__functions.c
[15.036s] -- Installing: /home/altair/Person_Tracking_Roboware/install/altair_interfaces/include/altair_interfaces/altair_interfaces/srv/detail/trigger_control__struct.h
[15.036s] -- Installing: /home/altair/Person_Tracking_Roboware/install/altair_interfaces/include/altair_interfaces/altair_interfaces/srv/detail/get_available_ports__functions.h
[15.037s] -- Installing: /home/altair/Person_Tracking_Roboware/install/altair_interfaces/include/altair_interfaces/altair_interfaces/srv/detail/trigger_control__functions.h
[15.037s] -- Installing: /home/altair/Person_Tracking_Roboware/install/altair_interfaces/include/altair_interfaces/altair_interfaces/srv/detail/start_behavior__struct.h
[15.037s] -- Installing: /home/altair/Person_Tracking_Roboware/install/altair_interfaces/include/altair_interfaces/altair_interfaces/srv/detail/start_behavior__functions.c
[15.037s] -- Installing: /home/altair/Person_Tracking_Roboware/install/altair_interfaces/include/altair_interfaces/altair_interfaces/srv/detail/trigger_control__type_support.h
[15.037s] -- Installing: /home/altair/Person_Tracking_Roboware/install/altair_interfaces/include/altair_interfaces/altair_interfaces/srv/detail/connect_can__struct.h
[15.037s] -- Installing: /home/altair/Person_Tracking_Roboware/install/altair_interfaces/include/altair_interfaces/altair_interfaces/srv/detail/connect_can__functions.h
[15.038s] -- Installing: /home/altair/Person_Tracking_Roboware/install/altair_interfaces/include/altair_interfaces/altair_interfaces/srv/detail/start_behavior__type_support.h
[15.038s] -- Installing: /home/altair/Person_Tracking_Roboware/install/altair_interfaces/include/altair_interfaces/altair_interfaces/srv/detail/connect_can__type_support.h
[15.038s] -- Installing: /home/altair/Person_Tracking_Roboware/install/altair_interfaces/include/altair_interfaces/altair_interfaces/srv/detail/connect_can__functions.c
[15.038s] -- Installing: /home/altair/Person_Tracking_Roboware/install/altair_interfaces/include/altair_interfaces/altair_interfaces/srv/detail/get_available_ports__struct.h
[15.038s] -- Installing: /home/altair/Person_Tracking_Roboware/install/altair_interfaces/include/altair_interfaces/altair_interfaces/srv/trigger_control.h
[15.038s] -- Installing: /home/altair/Person_Tracking_Roboware/install/altair_interfaces/include/altair_interfaces/altair_interfaces/srv/connect_can.h
[15.038s] -- Installing: /home/altair/Person_Tracking_Roboware/install/altair_interfaces/include/altair_interfaces/altair_interfaces/srv/start_behavior.h
[15.038s] -- Installing: /home/altair/Person_Tracking_Roboware/install/altair_interfaces/include/altair_interfaces/altair_interfaces/srv/get_available_ports.h
[15.039s] -- Installing: /home/altair/Person_Tracking_Roboware/install/altair_interfaces/share/altair_interfaces/environment/library_path.sh
[15.039s] -- Installing: /home/altair/Person_Tracking_Roboware/install/altair_interfaces/share/altair_interfaces/environment/library_path.dsv
[15.039s] -- Installing: /home/altair/Person_Tracking_Roboware/install/altair_interfaces/lib/libaltair_interfaces__rosidl_generator_c.so
[15.040s] -- Set runtime path of "/home/altair/Person_Tracking_Roboware/install/altair_interfaces/lib/libaltair_interfaces__rosidl_generator_c.so" to ""
[15.040s] -- Up-to-date: /home/altair/Person_Tracking_Roboware/install/altair_interfaces/include/altair_interfaces/altair_interfaces
[15.040s] -- Up-to-date: /home/altair/Person_Tracking_Roboware/install/altair_interfaces/include/altair_interfaces/altair_interfaces/msg
[15.040s] -- Installing: /home/altair/Person_Tracking_Roboware/install/altair_interfaces/include/altair_interfaces/altair_interfaces/msg/rosidl_typesupport_fastrtps_c__visibility_control.h
[15.040s] -- Up-to-date: /home/altair/Person_Tracking_Roboware/install/altair_interfaces/include/altair_interfaces/altair_interfaces/msg/detail
[15.040s] -- Installing: /home/altair/Person_Tracking_Roboware/install/altair_interfaces/include/altair_interfaces/altair_interfaces/msg/detail/can_status__rosidl_typesupport_fastrtps_c.h
[15.041s] -- Installing: /home/altair/Person_Tracking_Roboware/install/altair_interfaces/include/altair_interfaces/altair_interfaces/msg/detail/servo_command__rosidl_typesupport_fastrtps_c.h
[15.041s] -- Installing: /home/altair/Person_Tracking_Roboware/install/altair_interfaces/include/altair_interfaces/altair_interfaces/msg/detail/mdd_feedback__rosidl_typesupport_fastrtps_c.h
[15.041s] -- Installing: /home/altair/Person_Tracking_Roboware/install/altair_interfaces/include/altair_interfaces/altair_interfaces/msg/detail/solenoid_command__rosidl_typesupport_fastrtps_c.h
[15.041s] -- Installing: /home/altair/Person_Tracking_Roboware/install/altair_interfaces/include/altair_interfaces/altair_interfaces/msg/detail/mdd_command__rosidl_typesupport_fastrtps_c.h
[15.041s] -- Up-to-date: /home/altair/Person_Tracking_Roboware/install/altair_interfaces/include/altair_interfaces/altair_interfaces/srv
[15.041s] -- Up-to-date: /home/altair/Person_Tracking_Roboware/install/altair_interfaces/include/altair_interfaces/altair_interfaces/srv/detail
[15.041s] -- Installing: /home/altair/Person_Tracking_Roboware/install/altair_interfaces/include/altair_interfaces/altair_interfaces/srv/detail/trigger_control__rosidl_typesupport_fastrtps_c.h
[15.042s] -- Installing: /home/altair/Person_Tracking_Roboware/install/altair_interfaces/include/altair_interfaces/altair_interfaces/srv/detail/connect_can__rosidl_typesupport_fastrtps_c.h
[15.042s] -- Installing: /home/altair/Person_Tracking_Roboware/install/altair_interfaces/include/altair_interfaces/altair_interfaces/srv/detail/get_available_ports__rosidl_typesupport_fastrtps_c.h
[15.042s] -- Installing: /home/altair/Person_Tracking_Roboware/install/altair_interfaces/include/altair_interfaces/altair_interfaces/srv/detail/start_behavior__rosidl_typesupport_fastrtps_c.h
[15.042s] -- Installing: /home/altair/Person_Tracking_Roboware/install/altair_interfaces/lib/libaltair_interfaces__rosidl_typesupport_fastrtps_c.so
[15.042s] -- Set runtime path of "/home/altair/Person_Tracking_Roboware/install/altair_interfaces/lib/libaltair_interfaces__rosidl_typesupport_fastrtps_c.so" to ""
[15.042s] -- Up-to-date: /home/altair/Person_Tracking_Roboware/install/altair_interfaces/include/altair_interfaces/altair_interfaces
[15.043s] -- Up-to-date: /home/altair/Person_Tracking_Roboware/install/altair_interfaces/include/altair_interfaces/altair_interfaces/msg
[15.043s] -- Up-to-date: /home/altair/Person_Tracking_Roboware/install/altair_interfaces/include/altair_interfaces/altair_interfaces/msg/detail
[15.043s] -- Installing: /home/altair/Person_Tracking_Roboware/install/altair_interfaces/include/altair_interfaces/altair_interfaces/msg/detail/can_status__rosidl_typesupport_introspection_c.h
[15.043s] -- Installing: /home/altair/Person_Tracking_Roboware/install/altair_interfaces/include/altair_interfaces/altair_interfaces/msg/detail/solenoid_command__type_support.c
[15.043s] -- Installing: /home/altair/Person_Tracking_Roboware/install/altair_interfaces/include/altair_interfaces/altair_interfaces/msg/detail/mdd_feedback__rosidl_typesupport_introspection_c.h
[15.043s] -- Installing: /home/altair/Person_Tracking_Roboware/install/altair_interfaces/include/altair_interfaces/altair_interfaces/msg/detail/mdd_command__rosidl_typesupport_introspection_c.h
[15.043s] -- Installing: /home/altair/Person_Tracking_Roboware/install/altair_interfaces/include/altair_interfaces/altair_interfaces/msg/detail/servo_command__rosidl_typesupport_introspection_c.h
[15.044s] -- Installing: /home/altair/Person_Tracking_Roboware/install/altair_interfaces/include/altair_interfaces/altair_interfaces/msg/detail/mdd_feedback__type_support.c
[15.044s] -- Installing: /home/altair/Person_Tracking_Roboware/install/altair_interfaces/include/altair_interfaces/altair_interfaces/msg/detail/solenoid_command__rosidl_typesupport_introspection_c.h
[15.044s] -- Installing: /home/altair/Person_Tracking_Roboware/install/altair_interfaces/include/altair_interfaces/altair_interfaces/msg/detail/servo_command__type_support.c
[15.044s] -- Installing: /home/altair/Person_Tracking_Roboware/install/altair_interfaces/include/altair_interfaces/altair_interfaces/msg/detail/mdd_command__type_support.c
[15.044s] -- Installing: /home/altair/Person_Tracking_Roboware/install/altair_interfaces/include/altair_interfaces/altair_interfaces/msg/detail/can_status__type_support.c
[15.044s] -- Installing: /home/altair/Person_Tracking_Roboware/install/altair_interfaces/include/altair_interfaces/altair_interfaces/msg/rosidl_typesupport_introspection_c__visibility_control.h
[15.044s] -- Up-to-date: /home/altair/Person_Tracking_Roboware/install/altair_interfaces/include/altair_interfaces/altair_interfaces/srv
[15.045s] -- Up-to-date: /home/altair/Person_Tracking_Roboware/install/altair_interfaces/include/altair_interfaces/altair_interfaces/srv/detail
[15.045s] -- Installing: /home/altair/Person_Tracking_Roboware/install/altair_interfaces/include/altair_interfaces/altair_interfaces/srv/detail/trigger_control__rosidl_typesupport_introspection_c.h
[15.045s] -- Installing: /home/altair/Person_Tracking_Roboware/install/altair_interfaces/include/altair_interfaces/altair_interfaces/srv/detail/trigger_control__type_support.c
[15.045s] -- Installing: /home/altair/Person_Tracking_Roboware/install/altair_interfaces/include/altair_interfaces/altair_interfaces/srv/detail/start_behavior__rosidl_typesupport_introspection_c.h
[15.045s] -- Installing: /home/altair/Person_Tracking_Roboware/install/altair_interfaces/include/altair_interfaces/altair_interfaces/srv/detail/connect_can__rosidl_typesupport_introspection_c.h
[15.045s] -- Installing: /home/altair/Person_Tracking_Roboware/install/altair_interfaces/include/altair_interfaces/altair_interfaces/srv/detail/connect_can__type_support.c
[15.045s] -- Installing: /home/altair/Person_Tracking_Roboware/install/altair_interfaces/include/altair_interfaces/altair_interfaces/srv/detail/get_available_ports__rosidl_typesupport_introspection_c.h
[15.045s] -- Installing: /home/altair/Person_Tracking_Roboware/install/altair_interfaces/include/altair_interfaces/altair_interfaces/srv/detail/get_available_ports__type_support.c
[15.046s] -- Installing: /home/altair/Person_Tracking_Roboware/install/altair_interfaces/include/altair_interfaces/altair_interfaces/srv/detail/start_behavior__type_support.c
[15.046s] -- Installing: /home/altair/Person_Tracking_Roboware/install/altair_interfaces/lib/libaltair_interfaces__rosidl_typesupport_introspection_c.so
[15.046s] -- Set runtime path of "/home/altair/Person_Tracking_Roboware/install/altair_interfaces/lib/libaltair_interfaces__rosidl_typesupport_introspection_c.so" to ""
[15.046s] -- Installing: /home/altair/Person_Tracking_Roboware/install/altair_interfaces/lib/libaltair_interfaces__rosidl_typesupport_c.so
[15.047s] -- Set runtime path of "/home/altair/Person_Tracking_Roboware/install/altair_interfaces/lib/libaltair_interfaces__rosidl_typesupport_c.so" to ""
[15.047s] -- Up-to-date: /home/altair/Person_Tracking_Roboware/install/altair_interfaces/include/altair_interfaces/altair_interfaces
[15.047s] -- Up-to-date: /home/altair/Person_Tracking_Roboware/install/altair_interfaces/include/altair_interfaces/altair_interfaces/msg
[15.047s] -- Installing: /home/altair/Person_Tracking_Roboware/install/altair_interfaces/include/altair_interfaces/altair_interfaces/msg/servo_command.hpp
[15.047s] -- Installing: /home/altair/Person_Tracking_Roboware/install/altair_interfaces/include/altair_interfaces/altair_interfaces/msg/can_status.hpp
[15.048s] -- Up-to-date: /home/altair/Person_Tracking_Roboware/install/altair_interfaces/include/altair_interfaces/altair_interfaces/msg/detail
[15.048s] -- Installing: /home/altair/Person_Tracking_Roboware/install/altair_interfaces/include/altair_interfaces/altair_interfaces/msg/detail/mdd_command__builder.hpp
[15.048s] -- Installing: /home/altair/Person_Tracking_Roboware/install/altair_interfaces/include/altair_interfaces/altair_interfaces/msg/detail/can_status__builder.hpp
[15.048s] -- Installing: /home/altair/Person_Tracking_Roboware/install/altair_interfaces/include/altair_interfaces/altair_interfaces/msg/detail/solenoid_command__struct.hpp
[15.048s] -- Installing: /home/altair/Person_Tracking_Roboware/install/altair_interfaces/include/altair_interfaces/altair_interfaces/msg/detail/solenoid_command__traits.hpp
[15.048s] -- Installing: /home/altair/Person_Tracking_Roboware/install/altair_interfaces/include/altair_interfaces/altair_interfaces/msg/detail/can_status__type_support.hpp
[15.049s] -- Installing: /home/altair/Person_Tracking_Roboware/install/altair_interfaces/include/altair_interfaces/altair_interfaces/msg/detail/mdd_command__type_support.hpp
[15.049s] -- Installing: /home/altair/Person_Tracking_Roboware/install/altair_interfaces/include/altair_interfaces/altair_interfaces/msg/detail/solenoid_command__type_support.hpp
[15.049s] -- Installing: /home/altair/Person_Tracking_Roboware/install/altair_interfaces/include/altair_interfaces/altair_interfaces/msg/detail/servo_command__struct.hpp
[15.049s] -- Installing: /home/altair/Person_Tracking_Roboware/install/altair_interfaces/include/altair_interfaces/altair_interfaces/msg/detail/mdd_feedback__struct.hpp
[15.049s] -- Installing: /home/altair/Person_Tracking_Roboware/install/altair_interfaces/include/altair_interfaces/altair_interfaces/msg/detail/servo_command__traits.hpp
[15.049s] -- Installing: /home/altair/Person_Tracking_Roboware/install/altair_interfaces/include/altair_interfaces/altair_interfaces/msg/detail/solenoid_command__builder.hpp
[15.049s] -- Installing: /home/altair/Person_Tracking_Roboware/install/altair_interfaces/include/altair_interfaces/altair_interfaces/msg/detail/mdd_command__traits.hpp
[15.049s] -- Installing: /home/altair/Person_Tracking_Roboware/install/altair_interfaces/include/altair_interfaces/altair_interfaces/msg/detail/can_status__traits.hpp
[15.050s] -- Installing: /home/altair/Person_Tracking_Roboware/install/altair_interfaces/include/altair_interfaces/altair_interfaces/msg/detail/mdd_feedback__type_support.hpp
[15.050s] -- Installing: /home/altair/Person_Tracking_Roboware/install/altair_interfaces/include/altair_interfaces/altair_interfaces/msg/detail/mdd_command__struct.hpp
[15.050s] -- Installing: /home/altair/Person_Tracking_Roboware/install/altair_interfaces/include/altair_interfaces/altair_interfaces/msg/detail/servo_command__builder.hpp
[15.050s] -- Installing: /home/altair/Person_Tracking_Roboware/install/altair_interfaces/include/altair_interfaces/altair_interfaces/msg/detail/mdd_feedback__builder.hpp
[15.050s] -- Installing: /home/altair/Person_Tracking_Roboware/install/altair_interfaces/include/altair_interfaces/altair_interfaces/msg/detail/mdd_feedback__traits.hpp
[15.050s] -- Installing: /home/altair/Person_Tracking_Roboware/install/altair_interfaces/include/altair_interfaces/altair_interfaces/msg/detail/can_status__struct.hpp
[15.050s] -- Installing: /home/altair/Person_Tracking_Roboware/install/altair_interfaces/include/altair_interfaces/altair_interfaces/msg/detail/servo_command__type_support.hpp
[15.051s] -- Installing: /home/altair/Person_Tracking_Roboware/install/altair_interfaces/include/altair_interfaces/altair_interfaces/msg/solenoid_command.hpp
[15.051s] -- Installing: /home/altair/Person_Tracking_Roboware/install/altair_interfaces/include/altair_interfaces/altair_interfaces/msg/rosidl_generator_cpp__visibility_control.hpp
[15.051s] -- Installing: /home/altair/Person_Tracking_Roboware/install/altair_interfaces/include/altair_interfaces/altair_interfaces/msg/mdd_command.hpp
[15.051s] -- Installing: /home/altair/Person_Tracking_Roboware/install/altair_interfaces/include/altair_interfaces/altair_interfaces/msg/mdd_feedback.hpp
[15.051s] -- Up-to-date: /home/altair/Person_Tracking_Roboware/install/altair_interfaces/include/altair_interfaces/altair_interfaces/srv
[15.051s] -- Installing: /home/altair/Person_Tracking_Roboware/install/altair_interfaces/include/altair_interfaces/altair_interfaces/srv/trigger_control.hpp
[15.051s] -- Up-to-date: /home/altair/Person_Tracking_Roboware/install/altair_interfaces/include/altair_interfaces/altair_interfaces/srv/detail
[15.051s] -- Installing: /home/altair/Person_Tracking_Roboware/install/altair_interfaces/include/altair_interfaces/altair_interfaces/srv/detail/connect_can__builder.hpp
[15.052s] -- Installing: /home/altair/Person_Tracking_Roboware/install/altair_interfaces/include/altair_interfaces/altair_interfaces/srv/detail/start_behavior__builder.hpp
[15.052s] -- Installing: /home/altair/Person_Tracking_Roboware/install/altair_interfaces/include/altair_interfaces/altair_interfaces/srv/detail/connect_can__struct.hpp
[15.052s] -- Installing: /home/altair/Person_Tracking_Roboware/install/altair_interfaces/include/altair_interfaces/altair_interfaces/srv/detail/get_available_ports__type_support.hpp
[15.052s] -- Installing: /home/altair/Person_Tracking_Roboware/install/altair_interfaces/include/altair_interfaces/altair_interfaces/srv/detail/trigger_control__struct.hpp
[15.052s] -- Installing: /home/altair/Person_Tracking_Roboware/install/altair_interfaces/include/altair_interfaces/altair_interfaces/srv/detail/trigger_control__type_support.hpp
[15.052s] -- Installing: /home/altair/Person_Tracking_Roboware/install/altair_interfaces/include/altair_interfaces/altair_interfaces/srv/detail/connect_can__traits.hpp
[15.052s] -- Installing: /home/altair/Person_Tracking_Roboware/install/altair_interfaces/include/altair_interfaces/altair_interfaces/srv/detail/trigger_control__traits.hpp
[15.052s] -- Installing: /home/altair/Person_Tracking_Roboware/install/altair_interfaces/include/altair_interfaces/altair_interfaces/srv/detail/get_available_ports__traits.hpp
[15.052s] -- Installing: /home/altair/Person_Tracking_Roboware/install/altair_interfaces/include/altair_interfaces/altair_interfaces/srv/detail/get_available_ports__struct.hpp
[15.053s] -- Installing: /home/altair/Person_Tracking_Roboware/install/altair_interfaces/include/altair_interfaces/altair_interfaces/srv/detail/trigger_control__builder.hpp
[15.053s] -- Installing: /home/altair/Person_Tracking_Roboware/install/altair_interfaces/include/altair_interfaces/altair_interfaces/srv/detail/get_available_ports__builder.hpp
[15.053s] -- Installing: /home/altair/Person_Tracking_Roboware/install/altair_interfaces/include/altair_interfaces/altair_interfaces/srv/detail/start_behavior__traits.hpp
[15.053s] -- Installing: /home/altair/Person_Tracking_Roboware/install/altair_interfaces/include/altair_interfaces/altair_interfaces/srv/detail/connect_can__type_support.hpp
[15.053s] -- Installing: /home/altair/Person_Tracking_Roboware/install/altair_interfaces/include/altair_interfaces/altair_interfaces/srv/detail/start_behavior__struct.hpp
[15.053s] -- Installing: /home/altair/Person_Tracking_Roboware/install/altair_interfaces/include/altair_interfaces/altair_interfaces/srv/detail/start_behavior__type_support.hpp
[15.053s] -- Installing: /home/altair/Person_Tracking_Roboware/install/altair_interfaces/include/altair_interfaces/altair_interfaces/srv/connect_can.hpp
[15.054s] -- Installing: /home/altair/Person_Tracking_Roboware/install/altair_interfaces/include/altair_interfaces/altair_interfaces/srv/get_available_ports.hpp
[15.054s] -- Installing: /home/altair/Person_Tracking_Roboware/install/altair_interfaces/include/altair_interfaces/altair_interfaces/srv/start_behavior.hpp
[15.054s] -- Up-to-date: /home/altair/Person_Tracking_Roboware/install/altair_interfaces/include/altair_interfaces/altair_interfaces
[15.054s] -- Up-to-date: /home/altair/Person_Tracking_Roboware/install/altair_interfaces/include/altair_interfaces/altair_interfaces/msg
[15.054s] -- Installing: /home/altair/Person_Tracking_Roboware/install/altair_interfaces/include/altair_interfaces/altair_interfaces/msg/rosidl_typesupport_fastrtps_cpp__visibility_control.h
[15.054s] -- Up-to-date: /home/altair/Person_Tracking_Roboware/install/altair_interfaces/include/altair_interfaces/altair_interfaces/msg/detail
[15.054s] -- Installing: /home/altair/Person_Tracking_Roboware/install/altair_interfaces/include/altair_interfaces/altair_interfaces/msg/detail/mdd_command__rosidl_typesupport_fastrtps_cpp.hpp
[15.054s] -- Installing: /home/altair/Person_Tracking_Roboware/install/altair_interfaces/include/altair_interfaces/altair_interfaces/msg/detail/mdd_feedback__rosidl_typesupport_fastrtps_cpp.hpp
[15.055s] -- Installing: /home/altair/Person_Tracking_Roboware/install/altair_interfaces/include/altair_interfaces/altair_interfaces/msg/detail/servo_command__rosidl_typesupport_fastrtps_cpp.hpp
[15.055s] -- Installing: /home/altair/Person_Tracking_Roboware/install/altair_interfaces/include/altair_interfaces/altair_interfaces/msg/detail/solenoid_command__rosidl_typesupport_fastrtps_cpp.hpp
[15.055s] -- Installing: /home/altair/Person_Tracking_Roboware/install/altair_interfaces/include/altair_interfaces/altair_interfaces/msg/detail/can_status__rosidl_typesupport_fastrtps_cpp.hpp
[15.055s] -- Installing: /home/altair/Person_Tracking_Roboware/install/altair_interfaces/include/altair_interfaces/altair_interfaces/msg/detail/dds_fastrtps
[15.055s] -- Up-to-date: /home/altair/Person_Tracking_Roboware/install/altair_interfaces/include/altair_interfaces/altair_interfaces/srv
[15.055s] -- Up-to-date: /home/altair/Person_Tracking_Roboware/install/altair_interfaces/include/altair_interfaces/altair_interfaces/srv/detail
[15.055s] -- Installing: /home/altair/Person_Tracking_Roboware/install/altair_interfaces/include/altair_interfaces/altair_interfaces/srv/detail/connect_can__rosidl_typesupport_fastrtps_cpp.hpp
[15.055s] -- Installing: /home/altair/Person_Tracking_Roboware/install/altair_interfaces/include/altair_interfaces/altair_interfaces/srv/detail/start_behavior__rosidl_typesupport_fastrtps_cpp.hpp
[15.055s] -- Installing: /home/altair/Person_Tracking_Roboware/install/altair_interfaces/include/altair_interfaces/altair_interfaces/srv/detail/dds_fastrtps
[15.056s] -- Installing: /home/altair/Person_Tracking_Roboware/install/altair_interfaces/include/altair_interfaces/altair_interfaces/srv/detail/get_available_ports__rosidl_typesupport_fastrtps_cpp.hpp
[15.056s] -- Installing: /home/altair/Person_Tracking_Roboware/install/altair_interfaces/include/altair_interfaces/altair_interfaces/srv/detail/trigger_control__rosidl_typesupport_fastrtps_cpp.hpp
[15.056s] -- Installing: /home/altair/Person_Tracking_Roboware/install/altair_interfaces/lib/libaltair_interfaces__rosidl_typesupport_fastrtps_cpp.so
[15.057s] -- Set runtime path of "/home/altair/Person_Tracking_Roboware/install/altair_interfaces/lib/libaltair_interfaces__rosidl_typesupport_fastrtps_cpp.so" to ""
[15.057s] -- Up-to-date: /home/altair/Person_Tracking_Roboware/install/altair_interfaces/include/altair_interfaces/altair_interfaces
[15.057s] -- Up-to-date: /home/altair/Person_Tracking_Roboware/install/altair_interfaces/include/altair_interfaces/altair_interfaces/msg
[15.057s] -- Up-to-date: /home/altair/Person_Tracking_Roboware/install/altair_interfaces/include/altair_interfaces/altair_interfaces/msg/detail
[15.057s] -- Installing: /home/altair/Person_Tracking_Roboware/install/altair_interfaces/include/altair_interfaces/altair_interfaces/msg/detail/mdd_feedback__rosidl_typesupport_introspection_cpp.hpp
[15.057s] -- Installing: /home/altair/Person_Tracking_Roboware/install/altair_interfaces/include/altair_interfaces/altair_interfaces/msg/detail/can_status__rosidl_typesupport_introspection_cpp.hpp
[15.057s] -- Installing: /home/altair/Person_Tracking_Roboware/install/altair_interfaces/include/altair_interfaces/altair_interfaces/msg/detail/mdd_command__rosidl_typesupport_introspection_cpp.hpp
[15.057s] -- Installing: /home/altair/Person_Tracking_Roboware/install/altair_interfaces/include/altair_interfaces/altair_interfaces/msg/detail/mdd_feedback__type_support.cpp
[15.058s] -- Installing: /home/altair/Person_Tracking_Roboware/install/altair_interfaces/include/altair_interfaces/altair_interfaces/msg/detail/servo_command__type_support.cpp
[15.058s] -- Installing: /home/altair/Person_Tracking_Roboware/install/altair_interfaces/include/altair_interfaces/altair_interfaces/msg/detail/solenoid_command__type_support.cpp
[15.058s] -- Installing: /home/altair/Person_Tracking_Roboware/install/altair_interfaces/include/altair_interfaces/altair_interfaces/msg/detail/mdd_command__type_support.cpp
[15.058s] -- Installing: /home/altair/Person_Tracking_Roboware/install/altair_interfaces/include/altair_interfaces/altair_interfaces/msg/detail/can_status__type_support.cpp
[15.058s] -- Installing: /home/altair/Person_Tracking_Roboware/install/altair_interfaces/include/altair_interfaces/altair_interfaces/msg/detail/servo_command__rosidl_typesupport_introspection_cpp.hpp
[15.058s] -- Installing: /home/altair/Person_Tracking_Roboware/install/altair_interfaces/include/altair_interfaces/altair_interfaces/msg/detail/solenoid_command__rosidl_typesupport_introspection_cpp.hpp
[15.058s] -- Up-to-date: /home/altair/Person_Tracking_Roboware/install/altair_interfaces/include/altair_interfaces/altair_interfaces/srv
[15.058s] -- Up-to-date: /home/altair/Person_Tracking_Roboware/install/altair_interfaces/include/altair_interfaces/altair_interfaces/srv/detail
[15.059s] -- Installing: /home/altair/Person_Tracking_Roboware/install/altair_interfaces/include/altair_interfaces/altair_interfaces/srv/detail/connect_can__rosidl_typesupport_introspection_cpp.hpp
[15.059s] -- Installing: /home/altair/Person_Tracking_Roboware/install/altair_interfaces/include/altair_interfaces/altair_interfaces/srv/detail/get_available_ports__type_support.cpp
[15.059s] -- Installing: /home/altair/Person_Tracking_Roboware/install/altair_interfaces/include/altair_interfaces/altair_interfaces/srv/detail/connect_can__type_support.cpp
[15.059s] -- Installing: /home/altair/Person_Tracking_Roboware/install/altair_interfaces/include/altair_interfaces/altair_interfaces/srv/detail/start_behavior__type_support.cpp
[15.059s] -- Installing: /home/altair/Person_Tracking_Roboware/install/altair_interfaces/include/altair_interfaces/altair_interfaces/srv/detail/trigger_control__type_support.cpp
[15.059s] -- Installing: /home/altair/Person_Tracking_Roboware/install/altair_interfaces/include/altair_interfaces/altair_interfaces/srv/detail/trigger_control__rosidl_typesupport_introspection_cpp.hpp
[15.059s] -- Installing: /home/altair/Person_Tracking_Roboware/install/altair_interfaces/include/altair_interfaces/altair_interfaces/srv/detail/get_available_ports__rosidl_typesupport_introspection_cpp.hpp
[15.060s] -- Installing: /home/altair/Person_Tracking_Roboware/install/altair_interfaces/include/altair_interfaces/altair_interfaces/srv/detail/start_behavior__rosidl_typesupport_introspection_cpp.hpp
[15.060s] -- Installing: /home/altair/Person_Tracking_Roboware/install/altair_interfaces/lib/libaltair_interfaces__rosidl_typesupport_introspection_cpp.so
[15.060s] -- Set runtime path of "/home/altair/Person_Tracking_Roboware/install/altair_interfaces/lib/libaltair_interfaces__rosidl_typesupport_introspection_cpp.so" to ""
[15.061s] -- Installing: /home/altair/Person_Tracking_Roboware/install/altair_interfaces/lib/libaltair_interfaces__rosidl_typesupport_cpp.so
[15.061s] -- Set runtime path of "/home/altair/Person_Tracking_Roboware/install/altair_interfaces/lib/libaltair_interfaces__rosidl_typesupport_cpp.so" to ""
[15.061s] -- Installing: /home/altair/Person_Tracking_Roboware/install/altair_interfaces/share/altair_interfaces/environment/pythonpath.sh
[15.061s] -- Installing: /home/altair/Person_Tracking_Roboware/install/altair_interfaces/share/altair_interfaces/environment/pythonpath.dsv
[15.061s] -- Installing: /home/altair/Person_Tracking_Roboware/install/altair_interfaces/local/lib/python3.10/dist-packages/altair_interfaces-1.0.0-py3.10.egg-info
[15.062s] -- Installing: /home/altair/Person_Tracking_Roboware/install/altair_interfaces/local/lib/python3.10/dist-packages/altair_interfaces-1.0.0-py3.10.egg-info/dependency_links.txt
[15.062s] -- Installing: /home/altair/Person_Tracking_Roboware/install/altair_interfaces/local/lib/python3.10/dist-packages/altair_interfaces-1.0.0-py3.10.egg-info/PKG-INFO
[15.062s] -- Installing: /home/altair/Person_Tracking_Roboware/install/altair_interfaces/local/lib/python3.10/dist-packages/altair_interfaces-1.0.0-py3.10.egg-info/top_level.txt
[15.062s] -- Installing: /home/altair/Person_Tracking_Roboware/install/altair_interfaces/local/lib/python3.10/dist-packages/altair_interfaces-1.0.0-py3.10.egg-info/SOURCES.txt
[15.062s] -- Installing: /home/altair/Person_Tracking_Roboware/install/altair_interfaces/local/lib/python3.10/dist-packages/altair_interfaces
[15.062s] -- Installing: /home/altair/Person_Tracking_Roboware/install/altair_interfaces/local/lib/python3.10/dist-packages/altair_interfaces/libaltair_interfaces__rosidl_generator_py.so
[15.063s] -- Installing: /home/altair/Person_Tracking_Roboware/install/altair_interfaces/local/lib/python3.10/dist-packages/altair_interfaces/altair_interfaces_s__rosidl_typesupport_introspection_c.cpython-310-x86_64-linux-gnu.so
[15.063s] -- Installing: /home/altair/Person_Tracking_Roboware/install/altair_interfaces/local/lib/python3.10/dist-packages/altair_interfaces/altair_interfaces_s__rosidl_typesupport_c.cpython-310-x86_64-linux-gnu.so
[15.063s] -- Installing: /home/altair/Person_Tracking_Roboware/install/altair_interfaces/local/lib/python3.10/dist-packages/altair_interfaces/msg
[15.063s] -- Installing: /home/altair/Person_Tracking_Roboware/install/altair_interfaces/local/lib/python3.10/dist-packages/altair_interfaces/msg/_servo_command.py
[15.063s] -- Installing: /home/altair/Person_Tracking_Roboware/install/altair_interfaces/local/lib/python3.10/dist-packages/altair_interfaces/msg/__init__.py
[15.063s] -- Installing: /home/altair/Person_Tracking_Roboware/install/altair_interfaces/local/lib/python3.10/dist-packages/altair_interfaces/msg/_can_status_s.c
[15.064s] -- Installing: /home/altair/Person_Tracking_Roboware/install/altair_interfaces/local/lib/python3.10/dist-packages/altair_interfaces/msg/_can_status.py
[15.064s] -- Installing: /home/altair/Person_Tracking_Roboware/install/altair_interfaces/local/lib/python3.10/dist-packages/altair_interfaces/msg/_mdd_feedback.py
[15.064s] -- Installing: /home/altair/Person_Tracking_Roboware/install/altair_interfaces/local/lib/python3.10/dist-packages/altair_interfaces/msg/_servo_command_s.c
[15.064s] -- Installing: /home/altair/Person_Tracking_Roboware/install/altair_interfaces/local/lib/python3.10/dist-packages/altair_interfaces/msg/_solenoid_command.py
[15.064s] -- Installing: /home/altair/Person_Tracking_Roboware/install/altair_interfaces/local/lib/python3.10/dist-packages/altair_interfaces/msg/_mdd_command.py
[15.064s] -- Installing: /home/altair/Person_Tracking_Roboware/install/altair_interfaces/local/lib/python3.10/dist-packages/altair_interfaces/msg/_solenoid_command_s.c
[15.064s] -- Installing: /home/altair/Person_Tracking_Roboware/install/altair_interfaces/local/lib/python3.10/dist-packages/altair_interfaces/msg/_mdd_feedback_s.c
[15.065s] -- Installing: /home/altair/Person_Tracking_Roboware/install/altair_interfaces/local/lib/python3.10/dist-packages/altair_interfaces/msg/_mdd_command_s.c
[15.065s] -- Installing: /home/altair/Person_Tracking_Roboware/install/altair_interfaces/local/lib/python3.10/dist-packages/altair_interfaces/_altair_interfaces_s.ep.rosidl_typesupport_c.c
[15.065s] -- Installing: /home/altair/Person_Tracking_Roboware/install/altair_interfaces/local/lib/python3.10/dist-packages/altair_interfaces/__init__.py
[15.065s] -- Installing: /home/altair/Person_Tracking_Roboware/install/altair_interfaces/local/lib/python3.10/dist-packages/altair_interfaces/srv
[15.065s] -- Installing: /home/altair/Person_Tracking_Roboware/install/altair_interfaces/local/lib/python3.10/dist-packages/altair_interfaces/srv/__init__.py
[15.065s] -- Installing: /home/altair/Person_Tracking_Roboware/install/altair_interfaces/local/lib/python3.10/dist-packages/altair_interfaces/srv/_start_behavior_s.c
[15.065s] -- Installing: /home/altair/Person_Tracking_Roboware/install/altair_interfaces/local/lib/python3.10/dist-packages/altair_interfaces/srv/_trigger_control.py
[15.065s] -- Installing: /home/altair/Person_Tracking_Roboware/install/altair_interfaces/local/lib/python3.10/dist-packages/altair_interfaces/srv/_connect_can.py
[15.066s] -- Installing: /home/altair/Person_Tracking_Roboware/install/altair_interfaces/local/lib/python3.10/dist-packages/altair_interfaces/srv/_trigger_control_s.c
[15.066s] -- Installing: /home/altair/Person_Tracking_Roboware/install/altair_interfaces/local/lib/python3.10/dist-packages/altair_interfaces/srv/_start_behavior.py
[15.066s] -- Installing: /home/altair/Person_Tracking_Roboware/install/altair_interfaces/local/lib/python3.10/dist-packages/altair_interfaces/srv/_connect_can_s.c
[15.066s] -- Installing: /home/altair/Person_Tracking_Roboware/install/altair_interfaces/local/lib/python3.10/dist-packages/altair_interfaces/srv/_get_available_ports_s.c
[15.066s] -- Installing: /home/altair/Person_Tracking_Roboware/install/altair_interfaces/local/lib/python3.10/dist-packages/altair_interfaces/srv/_get_available_ports.py
[15.066s] -- Installing: /home/altair/Person_Tracking_Roboware/install/altair_interfaces/local/lib/python3.10/dist-packages/altair_interfaces/_altair_interfaces_s.ep.rosidl_typesupport_introspection_c.c
[15.067s] -- Installing: /home/altair/Person_Tracking_Roboware/install/altair_interfaces/local/lib/python3.10/dist-packages/altair_interfaces/altair_interfaces_s__rosidl_typesupport_fastrtps_c.cpython-310-x86_64-linux-gnu.so
[15.067s] -- Installing: /home/altair/Person_Tracking_Roboware/install/altair_interfaces/local/lib/python3.10/dist-packages/altair_interfaces/_altair_interfaces_s.ep.rosidl_typesupport_fastrtps_c.c
[15.113s] Listing '/home/altair/Person_Tracking_Roboware/install/altair_interfaces/local/lib/python3.10/dist-packages/altair_interfaces'...
[15.113s] Compiling '/home/altair/Person_Tracking_Roboware/install/altair_interfaces/local/lib/python3.10/dist-packages/altair_interfaces/__init__.py'...
[15.113s] Listing '/home/altair/Person_Tracking_Roboware/install/altair_interfaces/local/lib/python3.10/dist-packages/altair_interfaces/msg'...
[15.113s] Compiling '/home/altair/Person_Tracking_Roboware/install/altair_interfaces/local/lib/python3.10/dist-packages/altair_interfaces/msg/__init__.py'...
[15.113s] Compiling '/home/altair/Person_Tracking_Roboware/install/altair_interfaces/local/lib/python3.10/dist-packages/altair_interfaces/msg/_can_status.py'...
[15.113s] Compiling '/home/altair/Person_Tracking_Roboware/install/altair_interfaces/local/lib/python3.10/dist-packages/altair_interfaces/msg/_mdd_command.py'...
[15.113s] Compiling '/home/altair/Person_Tracking_Roboware/install/altair_interfaces/local/lib/python3.10/dist-packages/altair_interfaces/msg/_mdd_feedback.py'...
[15.113s] Compiling '/home/altair/Person_Tracking_Roboware/install/altair_interfaces/local/lib/python3.10/dist-packages/altair_interfaces/msg/_servo_command.py'...
[15.113s] Compiling '/home/altair/Person_Tracking_Roboware/install/altair_interfaces/local/lib/python3.10/dist-packages/altair_interfaces/msg/_solenoid_command.py'...
[15.113s] Listing '/home/altair/Person_Tracking_Roboware/install/altair_interfaces/local/lib/python3.10/dist-packages/altair_interfaces/srv'...
[15.114s] Compiling '/home/altair/Person_Tracking_Roboware/install/altair_interfaces/local/lib/python3.10/dist-packages/altair_interfaces/srv/__init__.py'...
[15.114s] Compiling '/home/altair/Person_Tracking_Roboware/install/altair_interfaces/local/lib/python3.10/dist-packages/altair_interfaces/srv/_connect_can.py'...
[15.114s] Compiling '/home/altair/Person_Tracking_Roboware/install/altair_interfaces/local/lib/python3.10/dist-packages/altair_interfaces/srv/_get_available_ports.py'...
[15.114s] Compiling '/home/altair/Person_Tracking_Roboware/install/altair_interfaces/local/lib/python3.10/dist-packages/altair_interfaces/srv/_start_behavior.py'...
[15.114s] Compiling '/home/altair/Person_Tracking_Roboware/install/altair_interfaces/local/lib/python3.10/dist-packages/altair_interfaces/srv/_trigger_control.py'...
[15.119s] -- Installing: /home/altair/Person_Tracking_Roboware/install/altair_interfaces/local/lib/python3.10/dist-packages/altair_interfaces/altair_interfaces_s__rosidl_typesupport_fastrtps_c.cpython-310-x86_64-linux-gnu.so
[15.119s] -- Set runtime path of "/home/altair/Person_Tracking_Roboware/install/altair_interfaces/local/lib/python3.10/dist-packages/altair_interfaces/altair_interfaces_s__rosidl_typesupport_fastrtps_c.cpython-310-x86_64-linux-gnu.so" to ""
[15.120s] -- Installing: /home/altair/Person_Tracking_Roboware/install/altair_interfaces/local/lib/python3.10/dist-packages/altair_interfaces/altair_interfaces_s__rosidl_typesupport_introspection_c.cpython-310-x86_64-linux-gnu.so
[15.120s] -- Set runtime path of "/home/altair/Person_Tracking_Roboware/install/altair_interfaces/local/lib/python3.10/dist-packages/altair_interfaces/altair_interfaces_s__rosidl_typesupport_introspection_c.cpython-310-x86_64-linux-gnu.so" to ""
[15.121s] -- Installing: /home/altair/Person_Tracking_Roboware/install/altair_interfaces/local/lib/python3.10/dist-packages/altair_interfaces/altair_interfaces_s__rosidl_typesupport_c.cpython-310-x86_64-linux-gnu.so
[15.121s] -- Set runtime path of "/home/altair/Person_Tracking_Roboware/install/altair_interfaces/local/lib/python3.10/dist-packages/altair_interfaces/altair_interfaces_s__rosidl_typesupport_c.cpython-310-x86_64-linux-gnu.so" to ""
[15.121s] -- Installing: /home/altair/Person_Tracking_Roboware/install/altair_interfaces/lib/libaltair_interfaces__rosidl_generator_py.so
[15.122s] -- Set runtime path of "/home/altair/Person_Tracking_Roboware/install/altair_interfaces/lib/libaltair_interfaces__rosidl_generator_py.so" to ""
[15.122s] -- Installing: /home/altair/Person_Tracking_Roboware/install/altair_interfaces/share/ament_index/resource_index/rust_packages/altair_interfaces
[15.122s] -- Installing: /home/altair/Person_Tracking_Roboware/install/altair_interfaces/share/altair_interfaces/rust
[15.122s] -- Installing: /home/altair/Person_Tracking_Roboware/install/altair_interfaces/share/altair_interfaces/rust/Cargo.toml
[15.122s] -- Installing: /home/altair/Person_Tracking_Roboware/install/altair_interfaces/share/altair_interfaces/rust/src
[15.122s] -- Installing: /home/altair/Person_Tracking_Roboware/install/altair_interfaces/share/altair_interfaces/rust/src/msg
[15.123s] -- Installing: /home/altair/Person_Tracking_Roboware/install/altair_interfaces/share/altair_interfaces/rust/src/msg/rmw.rs
[15.123s] -- Installing: /home/altair/Person_Tracking_Roboware/install/altair_interfaces/share/altair_interfaces/rust/src/srv
[15.123s] -- Installing: /home/altair/Person_Tracking_Roboware/install/altair_interfaces/share/altair_interfaces/rust/src/srv/rmw.rs
[15.123s] -- Installing: /home/altair/Person_Tracking_Roboware/install/altair_interfaces/share/altair_interfaces/rust/src/msg.rs
[15.123s] -- Installing: /home/altair/Person_Tracking_Roboware/install/altair_interfaces/share/altair_interfaces/rust/src/lib.rs
[15.123s] -- Installing: /home/altair/Person_Tracking_Roboware/install/altair_interfaces/share/altair_interfaces/rust/src/srv.rs
[15.123s] -- Installing: /home/altair/Person_Tracking_Roboware/install/altair_interfaces/share/altair_interfaces/rust/build.rs
[15.123s] -- Installing: /home/altair/Person_Tracking_Roboware/install/altair_interfaces/share/altair_interfaces/msg/CanStatus.idl
[15.124s] -- Installing: /home/altair/Person_Tracking_Roboware/install/altair_interfaces/share/altair_interfaces/msg/MddFeedback.idl
[15.124s] -- Installing: /home/altair/Person_Tracking_Roboware/install/altair_interfaces/share/altair_interfaces/msg/MddCommand.idl
[15.124s] -- Installing: /home/altair/Person_Tracking_Roboware/install/altair_interfaces/share/altair_interfaces/msg/ServoCommand.idl
[15.124s] -- Installing: /home/altair/Person_Tracking_Roboware/install/altair_interfaces/share/altair_interfaces/msg/SolenoidCommand.idl
[15.124s] -- Installing: /home/altair/Person_Tracking_Roboware/install/altair_interfaces/share/altair_interfaces/srv/TriggerControl.idl
[15.125s] -- Installing: /home/altair/Person_Tracking_Roboware/install/altair_interfaces/share/altair_interfaces/srv/GetAvailablePorts.idl
[15.125s] -- Installing: /home/altair/Person_Tracking_Roboware/install/altair_interfaces/share/altair_interfaces/srv/ConnectCan.idl
[15.125s] -- Installing: /home/altair/Person_Tracking_Roboware/install/altair_interfaces/share/altair_interfaces/srv/StartBehavior.idl
[15.125s] -- Installing: /home/altair/Person_Tracking_Roboware/install/altair_interfaces/share/altair_interfaces/msg/CanStatus.msg
[15.125s] -- Installing: /home/altair/Person_Tracking_Roboware/install/altair_interfaces/share/altair_interfaces/msg/MddFeedback.msg
[15.125s] -- Installing: /home/altair/Person_Tracking_Roboware/install/altair_interfaces/share/altair_interfaces/msg/MddCommand.msg
[15.126s] -- Installing: /home/altair/Person_Tracking_Roboware/install/altair_interfaces/share/altair_interfaces/msg/ServoCommand.msg
[15.126s] -- Installing: /home/altair/Person_Tracking_Roboware/install/altair_interfaces/share/altair_interfaces/msg/SolenoidCommand.msg
[15.126s] -- Installing: /home/altair/Person_Tracking_Roboware/install/altair_interfaces/share/altair_interfaces/srv/TriggerControl.srv
[15.126s] -- Installing: /home/altair/Person_Tracking_Roboware/install/altair_interfaces/share/altair_interfaces/srv/TriggerControl_Request.msg
[15.126s] -- Installing: /home/altair/Person_Tracking_Roboware/install/altair_interfaces/share/altair_interfaces/srv/TriggerControl_Response.msg
[15.126s] -- Installing: /home/altair/Person_Tracking_Roboware/install/altair_interfaces/share/altair_interfaces/srv/GetAvailablePorts.srv
[15.127s] -- Installing: /home/altair/Person_Tracking_Roboware/install/altair_interfaces/share/altair_interfaces/srv/GetAvailablePorts_Request.msg
[15.127s] -- Installing: /home/altair/Person_Tracking_Roboware/install/altair_interfaces/share/altair_interfaces/srv/GetAvailablePorts_Response.msg
[15.127s] -- Installing: /home/altair/Person_Tracking_Roboware/install/altair_interfaces/share/altair_interfaces/srv/ConnectCan.srv
[15.127s] -- Installing: /home/altair/Person_Tracking_Roboware/install/altair_interfaces/share/altair_interfaces/srv/ConnectCan_Request.msg
[15.127s] -- Installing: /home/altair/Person_Tracking_Roboware/install/altair_interfaces/share/altair_interfaces/srv/ConnectCan_Response.msg
[15.127s] -- Installing: /home/altair/Person_Tracking_Roboware/install/altair_interfaces/share/altair_interfaces/srv/StartBehavior.srv
[15.128s] -- Installing: /home/altair/Person_Tracking_Roboware/install/altair_interfaces/share/altair_interfaces/srv/StartBehavior_Request.msg
[15.128s] -- Installing: /home/altair/Person_Tracking_Roboware/install/altair_interfaces/share/altair_interfaces/srv/StartBehavior_Response.msg
[15.128s] -- Installing: /home/altair/Person_Tracking_Roboware/install/altair_interfaces/share/ament_index/resource_index/package_run_dependencies/altair_interfaces
[15.128s] -- Installing: /home/altair/Person_Tracking_Roboware/install/altair_interfaces/share/ament_index/resource_index/parent_prefix_path/altair_interfaces
[15.128s] -- Installing: /home/altair/Person_Tracking_Roboware/install/altair_interfaces/share/altair_interfaces/environment/ament_prefix_path.sh
[15.129s] -- Installing: /home/altair/Person_Tracking_Roboware/install/altair_interfaces/share/altair_interfaces/environment/ament_prefix_path.dsv
[15.129s] -- Installing: /home/altair/Person_Tracking_Roboware/install/altair_interfaces/share/altair_interfaces/environment/path.sh
[15.129s] -- Installing: /home/altair/Person_Tracking_Roboware/install/altair_interfaces/share/altair_interfaces/environment/path.dsv
[15.129s] -- Installing: /home/altair/Person_Tracking_Roboware/install/altair_interfaces/share/altair_interfaces/local_setup.bash
[15.129s] -- Installing: /home/altair/Person_Tracking_Roboware/install/altair_interfaces/share/altair_interfaces/local_setup.sh
[15.130s] -- Installing: /home/altair/Person_Tracking_Roboware/install/altair_interfaces/share/altair_interfaces/local_setup.zsh
[15.130s] -- Installing: /home/altair/Person_Tracking_Roboware/install/altair_interfaces/share/altair_interfaces/local_setup.dsv
[15.130s] -- Installing: /home/altair/Person_Tracking_Roboware/install/altair_interfaces/share/altair_interfaces/package.dsv
[15.130s] -- Installing: /home/altair/Person_Tracking_Roboware/install/altair_interfaces/share/ament_index/resource_index/packages/altair_interfaces
[15.130s] -- Installing: /home/altair/Person_Tracking_Roboware/install/altair_interfaces/share/altair_interfaces/cmake/export_altair_interfaces__rosidl_generator_cExport.cmake
[15.131s] -- Installing: /home/altair/Person_Tracking_Roboware/install/altair_interfaces/share/altair_interfaces/cmake/export_altair_interfaces__rosidl_generator_cExport-noconfig.cmake
[15.131s] -- Installing: /home/altair/Person_Tracking_Roboware/install/altair_interfaces/share/altair_interfaces/cmake/export_altair_interfaces__rosidl_typesupport_fastrtps_cExport.cmake
[15.131s] -- Installing: /home/altair/Person_Tracking_Roboware/install/altair_interfaces/share/altair_interfaces/cmake/export_altair_interfaces__rosidl_typesupport_fastrtps_cExport-noconfig.cmake
[15.131s] -- Installing: /home/altair/Person_Tracking_Roboware/install/altair_interfaces/share/altair_interfaces/cmake/altair_interfaces__rosidl_typesupport_introspection_cExport.cmake
[15.131s] -- Installing: /home/altair/Person_Tracking_Roboware/install/altair_interfaces/share/altair_interfaces/cmake/altair_interfaces__rosidl_typesupport_introspection_cExport-noconfig.cmake
[15.131s] -- Installing: /home/altair/Person_Tracking_Roboware/install/altair_interfaces/share/altair_interfaces/cmake/altair_interfaces__rosidl_typesupport_cExport.cmake
[15.132s] -- Installing: /home/altair/Person_Tracking_Roboware/install/altair_interfaces/share/altair_interfaces/cmake/altair_interfaces__rosidl_typesupport_cExport-noconfig.cmake
[15.132s] -- Installing: /home/altair/Person_Tracking_Roboware/install/altair_interfaces/share/altair_interfaces/cmake/export_altair_interfaces__rosidl_generator_cppExport.cmake
[15.132s] -- Installing: /home/altair/Person_Tracking_Roboware/install/altair_interfaces/share/altair_interfaces/cmake/export_altair_interfaces__rosidl_typesupport_fastrtps_cppExport.cmake
[15.132s] -- Installing: /home/altair/Person_Tracking_Roboware/install/altair_interfaces/share/altair_interfaces/cmake/export_altair_interfaces__rosidl_typesupport_fastrtps_cppExport-noconfig.cmake
[15.133s] -- Installing: /home/altair/Person_Tracking_Roboware/install/altair_interfaces/share/altair_interfaces/cmake/altair_interfaces__rosidl_typesupport_introspection_cppExport.cmake
[15.133s] -- Installing: /home/altair/Person_Tracking_Roboware/install/altair_interfaces/share/altair_interfaces/cmake/altair_interfaces__rosidl_typesupport_introspection_cppExport-noconfig.cmake
[15.133s] -- Installing: /home/altair/Person_Tracking_Roboware/install/altair_interfaces/share/altair_interfaces/cmake/altair_interfaces__rosidl_typesupport_cppExport.cmake
[15.133s] -- Installing: /home/altair/Person_Tracking_Roboware/install/altair_interfaces/share/altair_interfaces/cmake/altair_interfaces__rosidl_typesupport_cppExport-noconfig.cmake
[15.133s] -- Installing: /home/altair/Person_Tracking_Roboware/install/altair_interfaces/share/altair_interfaces/cmake/export_altair_interfaces__rosidl_generator_pyExport.cmake
[15.134s] -- Installing: /home/altair/Person_Tracking_Roboware/install/altair_interfaces/share/altair_interfaces/cmake/export_altair_interfaces__rosidl_generator_pyExport-noconfig.cmake
[15.134s] -- Installing: /home/altair/Person_Tracking_Roboware/install/altair_interfaces/share/altair_interfaces/cmake/rosidl_cmake-extras.cmake
[15.134s] -- Installing: /home/altair/Person_Tracking_Roboware/install/altair_interfaces/share/altair_interfaces/cmake/ament_cmake_export_include_directories-extras.cmake
[15.134s] -- Installing: /home/altair/Person_Tracking_Roboware/install/altair_interfaces/share/altair_interfaces/cmake/ament_cmake_export_libraries-extras.cmake
[15.134s] -- Installing: /home/altair/Person_Tracking_Roboware/install/altair_interfaces/share/altair_interfaces/cmake/ament_cmake_export_targets-extras.cmake
[15.134s] -- Installing: /home/altair/Person_Tracking_Roboware/install/altair_interfaces/share/altair_interfaces/cmake/rosidl_cmake_export_typesupport_targets-extras.cmake
[15.135s] -- Installing: /home/altair/Person_Tracking_Roboware/install/altair_interfaces/share/altair_interfaces/cmake/ament_cmake_export_dependencies-extras.cmake
[15.135s] -- Installing: /home/altair/Person_Tracking_Roboware/install/altair_interfaces/share/altair_interfaces/cmake/rosidl_cmake_export_typesupport_libraries-extras.cmake
[15.135s] -- Installing: /home/altair/Person_Tracking_Roboware/install/altair_interfaces/share/altair_interfaces/cmake/altair_interfacesConfig.cmake
[15.135s] -- Installing: /home/altair/Person_Tracking_Roboware/install/altair_interfaces/share/altair_interfaces/cmake/altair_interfacesConfig-version.cmake
[15.135s] -- Installing: /home/altair/Person_Tracking_Roboware/install/altair_interfaces/share/altair_interfaces/package.xml
[15.138s] Invoked command in '/home/altair/Person_Tracking_Roboware/build/altair_interfaces' returned '0': CMAKE_PREFIX_PATH=/opt/ros/humble /usr/bin/cmake --install /home/altair/Person_Tracking_Roboware/build/altair_interfaces
