[0.153s] DEBUG:colcon:Command line arguments: ['/usr/bin/colcon', 'build']
[0.153s] DEBUG:colcon:Parsed command line arguments: Namespace(log_base=None, log_level=None, verb_name='build', build_base='build', install_base='install', merge_install=False, symlink_install=False, test_result_base=None, continue_on_error=False, executor='parallel', parallel_workers=8, event_handlers=None, ignore_user_meta=False, metas=['./colcon.meta'], base_paths=['.'], packages_ignore=None, packages_ignore_regex=None, paths=None, packages_up_to=None, packages_up_to_regex=None, packages_above=None, packages_above_and_dependencies=None, packages_above_depth=None, packages_select_by_dep=None, packages_skip_by_dep=None, packages_skip_up_to=None, packages_select_build_failed=False, packages_skip_build_finished=False, packages_select_test_failures=False, packages_skip_test_passed=False, packages_select=None, packages_skip=None, packages_select_regex=None, packages_skip_regex=None, packages_start=None, packages_end=None, allow_overriding=[], cmake_args=None, cmake_target=None, cmake_target_skip_unavailable=False, cmake_clean_cache=False, cmake_clean_first=False, cmake_force_configure=False, ament_cmake_args=None, catkin_cmake_args=None, catkin_skip_building_tests=False, mixin_files=None, mixin=None, verb_parser=<colcon_mixin.mixin.mixin_argument.MixinArgumentDecorator object at 0x76b3e98b7a00>, verb_extension=<colcon_core.verb.build.BuildVerb object at 0x76b3e98b74c0>, main=<bound method BuildVerb.main of <colcon_core.verb.build.BuildVerb object at 0x76b3e98b74c0>>, mixin_verb=('build',))
[0.204s] Level 1:colcon.colcon_core.package_discovery:discover_packages(colcon_meta) check parameters
[0.204s] Level 1:colcon.colcon_core.package_discovery:discover_packages(recursive) check parameters
[0.204s] Level 1:colcon.colcon_core.package_discovery:discover_packages(ignore) check parameters
[0.204s] Level 1:colcon.colcon_core.package_discovery:discover_packages(path) check parameters
[0.204s] Level 1:colcon.colcon_core.package_discovery:discover_packages(colcon_meta) discover
[0.204s] Level 1:colcon.colcon_core.package_discovery:discover_packages(recursive) discover
[0.205s] INFO:colcon.colcon_core.package_discovery:Crawling recursively for packages in '/home/altair/Person_Tracking_Roboware'
[0.205s] Level 1:colcon.colcon_core.package_identification:_identify(.) by extensions ['ignore', 'ignore_ament_install']
[0.205s] Level 1:colcon.colcon_core.package_identification:_identify(.) by extension 'ignore'
[0.205s] Level 1:colcon.colcon_core.package_identification:_identify(.) by extension 'ignore_ament_install'
[0.205s] Level 1:colcon.colcon_core.package_identification:_identify(.) by extensions ['colcon_pkg']
[0.205s] Level 1:colcon.colcon_core.package_identification:_identify(.) by extension 'colcon_pkg'
[0.205s] Level 1:colcon.colcon_core.package_identification:_identify(.) by extensions ['colcon_meta']
[0.205s] Level 1:colcon.colcon_core.package_identification:_identify(.) by extension 'colcon_meta'
[0.205s] Level 1:colcon.colcon_core.package_identification:_identify(.) by extensions ['ros']
[0.205s] Level 1:colcon.colcon_core.package_identification:_identify(.) by extension 'ros'
[0.222s] Level 1:colcon.colcon_core.package_identification:_identify(.) by extensions ['cmake', 'python']
[0.222s] Level 1:colcon.colcon_core.package_identification:_identify(.) by extension 'cmake'
[0.222s] Level 1:colcon.colcon_core.package_identification:_identify(.) by extension 'python'
[0.222s] Level 1:colcon.colcon_core.package_identification:_identify(.) by extensions ['python_setup_py']
[0.222s] Level 1:colcon.colcon_core.package_identification:_identify(.) by extension 'python_setup_py'
[0.223s] Level 1:colcon.colcon_core.package_identification:_identify(IMU) by extensions ['ignore', 'ignore_ament_install']
[0.223s] Level 1:colcon.colcon_core.package_identification:_identify(IMU) by extension 'ignore'
[0.223s] Level 1:colcon.colcon_core.package_identification:_identify(IMU) by extension 'ignore_ament_install'
[0.223s] Level 1:colcon.colcon_core.package_identification:_identify(IMU) by extensions ['colcon_pkg']
[0.223s] Level 1:colcon.colcon_core.package_identification:_identify(IMU) by extension 'colcon_pkg'
[0.223s] Level 1:colcon.colcon_core.package_identification:_identify(IMU) by extensions ['colcon_meta']
[0.223s] Level 1:colcon.colcon_core.package_identification:_identify(IMU) by extension 'colcon_meta'
[0.223s] Level 1:colcon.colcon_core.package_identification:_identify(IMU) by extensions ['ros']
[0.223s] Level 1:colcon.colcon_core.package_identification:_identify(IMU) by extension 'ros'
[0.223s] Level 1:colcon.colcon_core.package_identification:_identify(IMU) by extensions ['cmake', 'python']
[0.223s] Level 1:colcon.colcon_core.package_identification:_identify(IMU) by extension 'cmake'
[0.223s] Level 1:colcon.colcon_core.package_identification:_identify(IMU) by extension 'python'
[0.223s] Level 1:colcon.colcon_core.package_identification:_identify(IMU) by extensions ['python_setup_py']
[0.223s] Level 1:colcon.colcon_core.package_identification:_identify(IMU) by extension 'python_setup_py'
[0.223s] Level 1:colcon.colcon_core.package_identification:_identify(IMU/spresense) by extensions ['ignore', 'ignore_ament_install']
[0.223s] Level 1:colcon.colcon_core.package_identification:_identify(IMU/spresense) by extension 'ignore'
[0.223s] Level 1:colcon.colcon_core.package_identification:_identify(IMU/spresense) by extension 'ignore_ament_install'
[0.224s] Level 1:colcon.colcon_core.package_identification:_identify(IMU/spresense) by extensions ['colcon_pkg']
[0.224s] Level 1:colcon.colcon_core.package_identification:_identify(IMU/spresense) by extension 'colcon_pkg'
[0.224s] Level 1:colcon.colcon_core.package_identification:_identify(IMU/spresense) by extensions ['colcon_meta']
[0.224s] Level 1:colcon.colcon_core.package_identification:_identify(IMU/spresense) by extension 'colcon_meta'
[0.224s] Level 1:colcon.colcon_core.package_identification:_identify(IMU/spresense) by extensions ['ros']
[0.224s] Level 1:colcon.colcon_core.package_identification:_identify(IMU/spresense) by extension 'ros'
[0.224s] Level 1:colcon.colcon_core.package_identification:_identify(IMU/spresense) by extensions ['cmake', 'python']
[0.224s] Level 1:colcon.colcon_core.package_identification:_identify(IMU/spresense) by extension 'cmake'
[0.224s] Level 1:colcon.colcon_core.package_identification:_identify(IMU/spresense) by extension 'python'
[0.224s] Level 1:colcon.colcon_core.package_identification:_identify(IMU/spresense) by extensions ['python_setup_py']
[0.224s] Level 1:colcon.colcon_core.package_identification:_identify(IMU/spresense) by extension 'python_setup_py'
[0.224s] Level 1:colcon.colcon_core.package_identification:_identify(IMU/spresense/math_lib) by extensions ['ignore', 'ignore_ament_install']
[0.224s] Level 1:colcon.colcon_core.package_identification:_identify(IMU/spresense/math_lib) by extension 'ignore'
[0.224s] Level 1:colcon.colcon_core.package_identification:_identify(IMU/spresense/math_lib) by extension 'ignore_ament_install'
[0.224s] Level 1:colcon.colcon_core.package_identification:_identify(IMU/spresense/math_lib) by extensions ['colcon_pkg']
[0.224s] Level 1:colcon.colcon_core.package_identification:_identify(IMU/spresense/math_lib) by extension 'colcon_pkg'
[0.224s] Level 1:colcon.colcon_core.package_identification:_identify(IMU/spresense/math_lib) by extensions ['colcon_meta']
[0.224s] Level 1:colcon.colcon_core.package_identification:_identify(IMU/spresense/math_lib) by extension 'colcon_meta'
[0.224s] Level 1:colcon.colcon_core.package_identification:_identify(IMU/spresense/math_lib) by extensions ['ros']
[0.225s] Level 1:colcon.colcon_core.package_identification:_identify(IMU/spresense/math_lib) by extension 'ros'
[0.225s] Level 1:colcon.colcon_core.package_identification:_identify(IMU/spresense/math_lib) by extensions ['cmake', 'python']
[0.225s] Level 1:colcon.colcon_core.package_identification:_identify(IMU/spresense/math_lib) by extension 'cmake'
[0.225s] Level 1:colcon.colcon_core.package_identification:_identify(IMU/spresense/math_lib) by extension 'python'
[0.225s] Level 1:colcon.colcon_core.package_identification:_identify(IMU/spresense/math_lib) by extensions ['python_setup_py']
[0.225s] Level 1:colcon.colcon_core.package_identification:_identify(IMU/spresense/math_lib) by extension 'python_setup_py'
[0.225s] Level 1:colcon.colcon_core.package_identification:_identify(build) by extensions ['ignore', 'ignore_ament_install']
[0.225s] Level 1:colcon.colcon_core.package_identification:_identify(build) by extension 'ignore'
[0.225s] Level 1:colcon.colcon_core.package_identification:_identify(build) ignored
[0.225s] Level 1:colcon.colcon_core.package_identification:_identify(install) by extensions ['ignore', 'ignore_ament_install']
[0.225s] Level 1:colcon.colcon_core.package_identification:_identify(install) by extension 'ignore'
[0.225s] Level 1:colcon.colcon_core.package_identification:_identify(install) ignored
[0.226s] Level 1:colcon.colcon_core.package_identification:_identify(log) by extensions ['ignore', 'ignore_ament_install']
[0.226s] Level 1:colcon.colcon_core.package_identification:_identify(log) by extension 'ignore'
[0.226s] Level 1:colcon.colcon_core.package_identification:_identify(log) ignored
[0.226s] Level 1:colcon.colcon_core.package_identification:_identify(src) by extensions ['ignore', 'ignore_ament_install']
[0.226s] Level 1:colcon.colcon_core.package_identification:_identify(src) by extension 'ignore'
[0.226s] Level 1:colcon.colcon_core.package_identification:_identify(src) by extension 'ignore_ament_install'
[0.226s] Level 1:colcon.colcon_core.package_identification:_identify(src) by extensions ['colcon_pkg']
[0.226s] Level 1:colcon.colcon_core.package_identification:_identify(src) by extension 'colcon_pkg'
[0.226s] Level 1:colcon.colcon_core.package_identification:_identify(src) by extensions ['colcon_meta']
[0.226s] Level 1:colcon.colcon_core.package_identification:_identify(src) by extension 'colcon_meta'
[0.226s] Level 1:colcon.colcon_core.package_identification:_identify(src) by extensions ['ros']
[0.226s] Level 1:colcon.colcon_core.package_identification:_identify(src) by extension 'ros'
[0.226s] Level 1:colcon.colcon_core.package_identification:_identify(src) by extensions ['cmake', 'python']
[0.226s] Level 1:colcon.colcon_core.package_identification:_identify(src) by extension 'cmake'
[0.226s] Level 1:colcon.colcon_core.package_identification:_identify(src) by extension 'python'
[0.227s] Level 1:colcon.colcon_core.package_identification:_identify(src) by extensions ['python_setup_py']
[0.227s] Level 1:colcon.colcon_core.package_identification:_identify(src) by extension 'python_setup_py'
[0.227s] Level 1:colcon.colcon_core.package_identification:_identify(src/Robowarepkg) by extensions ['ignore', 'ignore_ament_install']
[0.227s] Level 1:colcon.colcon_core.package_identification:_identify(src/Robowarepkg) by extension 'ignore'
[0.227s] Level 1:colcon.colcon_core.package_identification:_identify(src/Robowarepkg) by extension 'ignore_ament_install'
[0.227s] Level 1:colcon.colcon_core.package_identification:_identify(src/Robowarepkg) by extensions ['colcon_pkg']
[0.227s] Level 1:colcon.colcon_core.package_identification:_identify(src/Robowarepkg) by extension 'colcon_pkg'
[0.227s] Level 1:colcon.colcon_core.package_identification:_identify(src/Robowarepkg) by extensions ['colcon_meta']
[0.227s] Level 1:colcon.colcon_core.package_identification:_identify(src/Robowarepkg) by extension 'colcon_meta'
[0.227s] Level 1:colcon.colcon_core.package_identification:_identify(src/Robowarepkg) by extensions ['ros']
[0.227s] Level 1:colcon.colcon_core.package_identification:_identify(src/Robowarepkg) by extension 'ros'
[0.231s] DEBUG:colcon.colcon_core.package_identification:Package 'src/Robowarepkg' with type 'ros.ament_python' and name 'Robowarepkg'
[0.231s] Level 1:colcon.colcon_core.package_identification:_identify(src/altair_can_bridge) by extensions ['ignore', 'ignore_ament_install']
[0.231s] Level 1:colcon.colcon_core.package_identification:_identify(src/altair_can_bridge) by extension 'ignore'
[0.231s] Level 1:colcon.colcon_core.package_identification:_identify(src/altair_can_bridge) by extension 'ignore_ament_install'
[0.231s] Level 1:colcon.colcon_core.package_identification:_identify(src/altair_can_bridge) by extensions ['colcon_pkg']
[0.231s] Level 1:colcon.colcon_core.package_identification:_identify(src/altair_can_bridge) by extension 'colcon_pkg'
[0.231s] Level 1:colcon.colcon_core.package_identification:_identify(src/altair_can_bridge) by extensions ['colcon_meta']
[0.232s] Level 1:colcon.colcon_core.package_identification:_identify(src/altair_can_bridge) by extension 'colcon_meta'
[0.232s] Level 1:colcon.colcon_core.package_identification:_identify(src/altair_can_bridge) by extensions ['ros']
[0.232s] Level 1:colcon.colcon_core.package_identification:_identify(src/altair_can_bridge) by extension 'ros'
[0.233s] DEBUG:colcon.colcon_core.package_identification:Package 'src/altair_can_bridge' with type 'ros.ament_cmake' and name 'altair_can_bridge'
[0.234s] Level 1:colcon.colcon_core.package_identification:_identify(src/altair_interfaces) by extensions ['ignore', 'ignore_ament_install']
[0.234s] Level 1:colcon.colcon_core.package_identification:_identify(src/altair_interfaces) by extension 'ignore'
[0.234s] Level 1:colcon.colcon_core.package_identification:_identify(src/altair_interfaces) by extension 'ignore_ament_install'
[0.234s] Level 1:colcon.colcon_core.package_identification:_identify(src/altair_interfaces) by extensions ['colcon_pkg']
[0.234s] Level 1:colcon.colcon_core.package_identification:_identify(src/altair_interfaces) by extension 'colcon_pkg'
[0.234s] Level 1:colcon.colcon_core.package_identification:_identify(src/altair_interfaces) by extensions ['colcon_meta']
[0.234s] Level 1:colcon.colcon_core.package_identification:_identify(src/altair_interfaces) by extension 'colcon_meta'
[0.234s] Level 1:colcon.colcon_core.package_identification:_identify(src/altair_interfaces) by extensions ['ros']
[0.234s] Level 1:colcon.colcon_core.package_identification:_identify(src/altair_interfaces) by extension 'ros'
[0.235s] DEBUG:colcon.colcon_core.package_identification:Package 'src/altair_interfaces' with type 'ros.ament_cmake' and name 'altair_interfaces'
[0.235s] Level 1:colcon.colcon_core.package_identification:_identify(src/can_msgs) by extensions ['ignore', 'ignore_ament_install']
[0.235s] Level 1:colcon.colcon_core.package_identification:_identify(src/can_msgs) by extension 'ignore'
[0.236s] Level 1:colcon.colcon_core.package_identification:_identify(src/can_msgs) by extension 'ignore_ament_install'
[0.236s] Level 1:colcon.colcon_core.package_identification:_identify(src/can_msgs) by extensions ['colcon_pkg']
[0.236s] Level 1:colcon.colcon_core.package_identification:_identify(src/can_msgs) by extension 'colcon_pkg'
[0.236s] Level 1:colcon.colcon_core.package_identification:_identify(src/can_msgs) by extensions ['colcon_meta']
[0.236s] Level 1:colcon.colcon_core.package_identification:_identify(src/can_msgs) by extension 'colcon_meta'
[0.236s] Level 1:colcon.colcon_core.package_identification:_identify(src/can_msgs) by extensions ['ros']
[0.236s] Level 1:colcon.colcon_core.package_identification:_identify(src/can_msgs) by extension 'ros'
[0.237s] DEBUG:colcon.colcon_core.package_identification:Package 'src/can_msgs' with type 'ros.ament_cmake' and name 'can_msgs'
[0.237s] Level 1:colcon.colcon_core.package_identification:_identify(ultralytics) by extensions ['ignore', 'ignore_ament_install']
[0.237s] Level 1:colcon.colcon_core.package_identification:_identify(ultralytics) by extension 'ignore'
[0.237s] Level 1:colcon.colcon_core.package_identification:_identify(ultralytics) by extension 'ignore_ament_install'
[0.238s] Level 1:colcon.colcon_core.package_identification:_identify(ultralytics) by extensions ['colcon_pkg']
[0.238s] Level 1:colcon.colcon_core.package_identification:_identify(ultralytics) by extension 'colcon_pkg'
[0.238s] Level 1:colcon.colcon_core.package_identification:_identify(ultralytics) by extensions ['colcon_meta']
[0.238s] Level 1:colcon.colcon_core.package_identification:_identify(ultralytics) by extension 'colcon_meta'
[0.238s] Level 1:colcon.colcon_core.package_identification:_identify(ultralytics) by extensions ['ros']
[0.238s] Level 1:colcon.colcon_core.package_identification:_identify(ultralytics) by extension 'ros'
[0.238s] Level 1:colcon.colcon_core.package_identification:_identify(ultralytics) by extensions ['cmake', 'python']
[0.238s] Level 1:colcon.colcon_core.package_identification:_identify(ultralytics) by extension 'cmake'
[0.238s] Level 1:colcon.colcon_core.package_identification:_identify(ultralytics) by extension 'python'
[0.238s] Level 1:colcon.colcon_core.package_identification:_identify(ultralytics) by extensions ['python_setup_py']
[0.238s] Level 1:colcon.colcon_core.package_identification:_identify(ultralytics) by extension 'python_setup_py'
[0.238s] Level 1:colcon.colcon_core.package_identification:_identify(ultralytics/yolov5) by extensions ['ignore', 'ignore_ament_install']
[0.238s] Level 1:colcon.colcon_core.package_identification:_identify(ultralytics/yolov5) by extension 'ignore'
[0.238s] Level 1:colcon.colcon_core.package_identification:_identify(ultralytics/yolov5) by extension 'ignore_ament_install'
[0.239s] Level 1:colcon.colcon_core.package_identification:_identify(ultralytics/yolov5) by extensions ['colcon_pkg']
[0.239s] Level 1:colcon.colcon_core.package_identification:_identify(ultralytics/yolov5) by extension 'colcon_pkg'
[0.239s] Level 1:colcon.colcon_core.package_identification:_identify(ultralytics/yolov5) by extensions ['colcon_meta']
[0.239s] Level 1:colcon.colcon_core.package_identification:_identify(ultralytics/yolov5) by extension 'colcon_meta'
[0.239s] Level 1:colcon.colcon_core.package_identification:_identify(ultralytics/yolov5) by extensions ['ros']
[0.239s] Level 1:colcon.colcon_core.package_identification:_identify(ultralytics/yolov5) by extension 'ros'
[0.239s] Level 1:colcon.colcon_core.package_identification:_identify(ultralytics/yolov5) by extensions ['cmake', 'python']
[0.239s] Level 1:colcon.colcon_core.package_identification:_identify(ultralytics/yolov5) by extension 'cmake'
[0.239s] Level 1:colcon.colcon_core.package_identification:_identify(ultralytics/yolov5) by extension 'python'
[0.239s] Level 1:colcon.colcon_core.package_identification:_identify(ultralytics/yolov5) by extensions ['python_setup_py']
[0.239s] Level 1:colcon.colcon_core.package_identification:_identify(ultralytics/yolov5) by extension 'python_setup_py'
[0.239s] Level 1:colcon.colcon_core.package_identification:_identify(yolov5) by extensions ['ignore', 'ignore_ament_install']
[0.239s] Level 1:colcon.colcon_core.package_identification:_identify(yolov5) by extension 'ignore'
[0.239s] Level 1:colcon.colcon_core.package_identification:_identify(yolov5) by extension 'ignore_ament_install'
[0.239s] Level 1:colcon.colcon_core.package_identification:_identify(yolov5) by extensions ['colcon_pkg']
[0.239s] Level 1:colcon.colcon_core.package_identification:_identify(yolov5) by extension 'colcon_pkg'
[0.239s] Level 1:colcon.colcon_core.package_identification:_identify(yolov5) by extensions ['colcon_meta']
[0.240s] Level 1:colcon.colcon_core.package_identification:_identify(yolov5) by extension 'colcon_meta'
[0.240s] Level 1:colcon.colcon_core.package_identification:_identify(yolov5) by extensions ['ros']
[0.240s] Level 1:colcon.colcon_core.package_identification:_identify(yolov5) by extension 'ros'
[0.240s] Level 1:colcon.colcon_core.package_identification:_identify(yolov5) by extensions ['cmake', 'python']
[0.240s] Level 1:colcon.colcon_core.package_identification:_identify(yolov5) by extension 'cmake'
[0.240s] Level 1:colcon.colcon_core.package_identification:_identify(yolov5) by extension 'python'
[0.240s] Level 1:colcon.colcon_core.package_identification:_identify(yolov5) by extensions ['python_setup_py']
[0.240s] Level 1:colcon.colcon_core.package_identification:_identify(yolov5) by extension 'python_setup_py'
[0.240s] Level 1:colcon.colcon_core.package_identification:_identify(yolov5/__pycache__) by extensions ['ignore', 'ignore_ament_install']
[0.240s] Level 1:colcon.colcon_core.package_identification:_identify(yolov5/__pycache__) by extension 'ignore'
[0.240s] Level 1:colcon.colcon_core.package_identification:_identify(yolov5/__pycache__) by extension 'ignore_ament_install'
[0.240s] Level 1:colcon.colcon_core.package_identification:_identify(yolov5/__pycache__) by extensions ['colcon_pkg']
[0.240s] Level 1:colcon.colcon_core.package_identification:_identify(yolov5/__pycache__) by extension 'colcon_pkg'
[0.240s] Level 1:colcon.colcon_core.package_identification:_identify(yolov5/__pycache__) by extensions ['colcon_meta']
[0.240s] Level 1:colcon.colcon_core.package_identification:_identify(yolov5/__pycache__) by extension 'colcon_meta'
[0.240s] Level 1:colcon.colcon_core.package_identification:_identify(yolov5/__pycache__) by extensions ['ros']
[0.240s] Level 1:colcon.colcon_core.package_identification:_identify(yolov5/__pycache__) by extension 'ros'
[0.241s] Level 1:colcon.colcon_core.package_identification:_identify(yolov5/__pycache__) by extensions ['cmake', 'python']
[0.241s] Level 1:colcon.colcon_core.package_identification:_identify(yolov5/__pycache__) by extension 'cmake'
[0.241s] Level 1:colcon.colcon_core.package_identification:_identify(yolov5/__pycache__) by extension 'python'
[0.241s] Level 1:colcon.colcon_core.package_identification:_identify(yolov5/__pycache__) by extensions ['python_setup_py']
[0.241s] Level 1:colcon.colcon_core.package_identification:_identify(yolov5/__pycache__) by extension 'python_setup_py'
[0.241s] Level 1:colcon.colcon_core.package_identification:_identify(yolov5/classify) by extensions ['ignore', 'ignore_ament_install']
[0.241s] Level 1:colcon.colcon_core.package_identification:_identify(yolov5/classify) by extension 'ignore'
[0.241s] Level 1:colcon.colcon_core.package_identification:_identify(yolov5/classify) by extension 'ignore_ament_install'
[0.241s] Level 1:colcon.colcon_core.package_identification:_identify(yolov5/classify) by extensions ['colcon_pkg']
[0.241s] Level 1:colcon.colcon_core.package_identification:_identify(yolov5/classify) by extension 'colcon_pkg'
[0.241s] Level 1:colcon.colcon_core.package_identification:_identify(yolov5/classify) by extensions ['colcon_meta']
[0.241s] Level 1:colcon.colcon_core.package_identification:_identify(yolov5/classify) by extension 'colcon_meta'
[0.241s] Level 1:colcon.colcon_core.package_identification:_identify(yolov5/classify) by extensions ['ros']
[0.241s] Level 1:colcon.colcon_core.package_identification:_identify(yolov5/classify) by extension 'ros'
[0.242s] Level 1:colcon.colcon_core.package_identification:_identify(yolov5/classify) by extensions ['cmake', 'python']
[0.242s] Level 1:colcon.colcon_core.package_identification:_identify(yolov5/classify) by extension 'cmake'
[0.242s] Level 1:colcon.colcon_core.package_identification:_identify(yolov5/classify) by extension 'python'
[0.242s] Level 1:colcon.colcon_core.package_identification:_identify(yolov5/classify) by extensions ['python_setup_py']
[0.242s] Level 1:colcon.colcon_core.package_identification:_identify(yolov5/classify) by extension 'python_setup_py'
[0.242s] Level 1:colcon.colcon_core.package_identification:_identify(yolov5/data) by extensions ['ignore', 'ignore_ament_install']
[0.242s] Level 1:colcon.colcon_core.package_identification:_identify(yolov5/data) by extension 'ignore'
[0.242s] Level 1:colcon.colcon_core.package_identification:_identify(yolov5/data) by extension 'ignore_ament_install'
[0.242s] Level 1:colcon.colcon_core.package_identification:_identify(yolov5/data) by extensions ['colcon_pkg']
[0.242s] Level 1:colcon.colcon_core.package_identification:_identify(yolov5/data) by extension 'colcon_pkg'
[0.242s] Level 1:colcon.colcon_core.package_identification:_identify(yolov5/data) by extensions ['colcon_meta']
[0.242s] Level 1:colcon.colcon_core.package_identification:_identify(yolov5/data) by extension 'colcon_meta'
[0.242s] Level 1:colcon.colcon_core.package_identification:_identify(yolov5/data) by extensions ['ros']
[0.242s] Level 1:colcon.colcon_core.package_identification:_identify(yolov5/data) by extension 'ros'
[0.242s] Level 1:colcon.colcon_core.package_identification:_identify(yolov5/data) by extensions ['cmake', 'python']
[0.243s] Level 1:colcon.colcon_core.package_identification:_identify(yolov5/data) by extension 'cmake'
[0.243s] Level 1:colcon.colcon_core.package_identification:_identify(yolov5/data) by extension 'python'
[0.243s] Level 1:colcon.colcon_core.package_identification:_identify(yolov5/data) by extensions ['python_setup_py']
[0.243s] Level 1:colcon.colcon_core.package_identification:_identify(yolov5/data) by extension 'python_setup_py'
[0.243s] Level 1:colcon.colcon_core.package_identification:_identify(yolov5/data/hyps) by extensions ['ignore', 'ignore_ament_install']
[0.243s] Level 1:colcon.colcon_core.package_identification:_identify(yolov5/data/hyps) by extension 'ignore'
[0.243s] Level 1:colcon.colcon_core.package_identification:_identify(yolov5/data/hyps) by extension 'ignore_ament_install'
[0.243s] Level 1:colcon.colcon_core.package_identification:_identify(yolov5/data/hyps) by extensions ['colcon_pkg']
[0.243s] Level 1:colcon.colcon_core.package_identification:_identify(yolov5/data/hyps) by extension 'colcon_pkg'
[0.244s] Level 1:colcon.colcon_core.package_identification:_identify(yolov5/data/hyps) by extensions ['colcon_meta']
[0.244s] Level 1:colcon.colcon_core.package_identification:_identify(yolov5/data/hyps) by extension 'colcon_meta'
[0.244s] Level 1:colcon.colcon_core.package_identification:_identify(yolov5/data/hyps) by extensions ['ros']
[0.244s] Level 1:colcon.colcon_core.package_identification:_identify(yolov5/data/hyps) by extension 'ros'
[0.244s] Level 1:colcon.colcon_core.package_identification:_identify(yolov5/data/hyps) by extensions ['cmake', 'python']
[0.244s] Level 1:colcon.colcon_core.package_identification:_identify(yolov5/data/hyps) by extension 'cmake'
[0.244s] Level 1:colcon.colcon_core.package_identification:_identify(yolov5/data/hyps) by extension 'python'
[0.244s] Level 1:colcon.colcon_core.package_identification:_identify(yolov5/data/hyps) by extensions ['python_setup_py']
[0.244s] Level 1:colcon.colcon_core.package_identification:_identify(yolov5/data/hyps) by extension 'python_setup_py'
[0.244s] Level 1:colcon.colcon_core.package_identification:_identify(yolov5/data/images) by extensions ['ignore', 'ignore_ament_install']
[0.245s] Level 1:colcon.colcon_core.package_identification:_identify(yolov5/data/images) by extension 'ignore'
[0.245s] Level 1:colcon.colcon_core.package_identification:_identify(yolov5/data/images) by extension 'ignore_ament_install'
[0.245s] Level 1:colcon.colcon_core.package_identification:_identify(yolov5/data/images) by extensions ['colcon_pkg']
[0.245s] Level 1:colcon.colcon_core.package_identification:_identify(yolov5/data/images) by extension 'colcon_pkg'
[0.245s] Level 1:colcon.colcon_core.package_identification:_identify(yolov5/data/images) by extensions ['colcon_meta']
[0.245s] Level 1:colcon.colcon_core.package_identification:_identify(yolov5/data/images) by extension 'colcon_meta'
[0.245s] Level 1:colcon.colcon_core.package_identification:_identify(yolov5/data/images) by extensions ['ros']
[0.245s] Level 1:colcon.colcon_core.package_identification:_identify(yolov5/data/images) by extension 'ros'
[0.245s] Level 1:colcon.colcon_core.package_identification:_identify(yolov5/data/images) by extensions ['cmake', 'python']
[0.245s] Level 1:colcon.colcon_core.package_identification:_identify(yolov5/data/images) by extension 'cmake'
[0.245s] Level 1:colcon.colcon_core.package_identification:_identify(yolov5/data/images) by extension 'python'
[0.246s] Level 1:colcon.colcon_core.package_identification:_identify(yolov5/data/images) by extensions ['python_setup_py']
[0.246s] Level 1:colcon.colcon_core.package_identification:_identify(yolov5/data/images) by extension 'python_setup_py'
[0.246s] Level 1:colcon.colcon_core.package_identification:_identify(yolov5/data/scripts) by extensions ['ignore', 'ignore_ament_install']
[0.246s] Level 1:colcon.colcon_core.package_identification:_identify(yolov5/data/scripts) by extension 'ignore'
[0.246s] Level 1:colcon.colcon_core.package_identification:_identify(yolov5/data/scripts) by extension 'ignore_ament_install'
[0.246s] Level 1:colcon.colcon_core.package_identification:_identify(yolov5/data/scripts) by extensions ['colcon_pkg']
[0.246s] Level 1:colcon.colcon_core.package_identification:_identify(yolov5/data/scripts) by extension 'colcon_pkg'
[0.247s] Level 1:colcon.colcon_core.package_identification:_identify(yolov5/data/scripts) by extensions ['colcon_meta']
[0.247s] Level 1:colcon.colcon_core.package_identification:_identify(yolov5/data/scripts) by extension 'colcon_meta'
[0.247s] Level 1:colcon.colcon_core.package_identification:_identify(yolov5/data/scripts) by extensions ['ros']
[0.247s] Level 1:colcon.colcon_core.package_identification:_identify(yolov5/data/scripts) by extension 'ros'
[0.247s] Level 1:colcon.colcon_core.package_identification:_identify(yolov5/data/scripts) by extensions ['cmake', 'python']
[0.247s] Level 1:colcon.colcon_core.package_identification:_identify(yolov5/data/scripts) by extension 'cmake'
[0.247s] Level 1:colcon.colcon_core.package_identification:_identify(yolov5/data/scripts) by extension 'python'
[0.247s] Level 1:colcon.colcon_core.package_identification:_identify(yolov5/data/scripts) by extensions ['python_setup_py']
[0.247s] Level 1:colcon.colcon_core.package_identification:_identify(yolov5/data/scripts) by extension 'python_setup_py'
[0.248s] Level 1:colcon.colcon_core.package_identification:_identify(yolov5/models) by extensions ['ignore', 'ignore_ament_install']
[0.248s] Level 1:colcon.colcon_core.package_identification:_identify(yolov5/models) by extension 'ignore'
[0.248s] Level 1:colcon.colcon_core.package_identification:_identify(yolov5/models) by extension 'ignore_ament_install'
[0.248s] Level 1:colcon.colcon_core.package_identification:_identify(yolov5/models) by extensions ['colcon_pkg']
[0.248s] Level 1:colcon.colcon_core.package_identification:_identify(yolov5/models) by extension 'colcon_pkg'
[0.248s] Level 1:colcon.colcon_core.package_identification:_identify(yolov5/models) by extensions ['colcon_meta']
[0.248s] Level 1:colcon.colcon_core.package_identification:_identify(yolov5/models) by extension 'colcon_meta'
[0.248s] Level 1:colcon.colcon_core.package_identification:_identify(yolov5/models) by extensions ['ros']
[0.248s] Level 1:colcon.colcon_core.package_identification:_identify(yolov5/models) by extension 'ros'
[0.248s] Level 1:colcon.colcon_core.package_identification:_identify(yolov5/models) by extensions ['cmake', 'python']
[0.249s] Level 1:colcon.colcon_core.package_identification:_identify(yolov5/models) by extension 'cmake'
[0.249s] Level 1:colcon.colcon_core.package_identification:_identify(yolov5/models) by extension 'python'
[0.249s] Level 1:colcon.colcon_core.package_identification:_identify(yolov5/models) by extensions ['python_setup_py']
[0.249s] Level 1:colcon.colcon_core.package_identification:_identify(yolov5/models) by extension 'python_setup_py'
[0.249s] Level 1:colcon.colcon_core.package_identification:_identify(yolov5/models/__pycache__) by extensions ['ignore', 'ignore_ament_install']
[0.249s] Level 1:colcon.colcon_core.package_identification:_identify(yolov5/models/__pycache__) by extension 'ignore'
[0.249s] Level 1:colcon.colcon_core.package_identification:_identify(yolov5/models/__pycache__) by extension 'ignore_ament_install'
[0.249s] Level 1:colcon.colcon_core.package_identification:_identify(yolov5/models/__pycache__) by extensions ['colcon_pkg']
[0.249s] Level 1:colcon.colcon_core.package_identification:_identify(yolov5/models/__pycache__) by extension 'colcon_pkg'
[0.249s] Level 1:colcon.colcon_core.package_identification:_identify(yolov5/models/__pycache__) by extensions ['colcon_meta']
[0.250s] Level 1:colcon.colcon_core.package_identification:_identify(yolov5/models/__pycache__) by extension 'colcon_meta'
[0.250s] Level 1:colcon.colcon_core.package_identification:_identify(yolov5/models/__pycache__) by extensions ['ros']
[0.250s] Level 1:colcon.colcon_core.package_identification:_identify(yolov5/models/__pycache__) by extension 'ros'
[0.250s] Level 1:colcon.colcon_core.package_identification:_identify(yolov5/models/__pycache__) by extensions ['cmake', 'python']
[0.250s] Level 1:colcon.colcon_core.package_identification:_identify(yolov5/models/__pycache__) by extension 'cmake'
[0.250s] Level 1:colcon.colcon_core.package_identification:_identify(yolov5/models/__pycache__) by extension 'python'
[0.250s] Level 1:colcon.colcon_core.package_identification:_identify(yolov5/models/__pycache__) by extensions ['python_setup_py']
[0.250s] Level 1:colcon.colcon_core.package_identification:_identify(yolov5/models/__pycache__) by extension 'python_setup_py'
[0.250s] Level 1:colcon.colcon_core.package_identification:_identify(yolov5/models/hub) by extensions ['ignore', 'ignore_ament_install']
[0.251s] Level 1:colcon.colcon_core.package_identification:_identify(yolov5/models/hub) by extension 'ignore'
[0.251s] Level 1:colcon.colcon_core.package_identification:_identify(yolov5/models/hub) by extension 'ignore_ament_install'
[0.251s] Level 1:colcon.colcon_core.package_identification:_identify(yolov5/models/hub) by extensions ['colcon_pkg']
[0.251s] Level 1:colcon.colcon_core.package_identification:_identify(yolov5/models/hub) by extension 'colcon_pkg'
[0.251s] Level 1:colcon.colcon_core.package_identification:_identify(yolov5/models/hub) by extensions ['colcon_meta']
[0.251s] Level 1:colcon.colcon_core.package_identification:_identify(yolov5/models/hub) by extension 'colcon_meta'
[0.251s] Level 1:colcon.colcon_core.package_identification:_identify(yolov5/models/hub) by extensions ['ros']
[0.251s] Level 1:colcon.colcon_core.package_identification:_identify(yolov5/models/hub) by extension 'ros'
[0.251s] Level 1:colcon.colcon_core.package_identification:_identify(yolov5/models/hub) by extensions ['cmake', 'python']
[0.251s] Level 1:colcon.colcon_core.package_identification:_identify(yolov5/models/hub) by extension 'cmake'
[0.251s] Level 1:colcon.colcon_core.package_identification:_identify(yolov5/models/hub) by extension 'python'
[0.251s] Level 1:colcon.colcon_core.package_identification:_identify(yolov5/models/hub) by extensions ['python_setup_py']
[0.251s] Level 1:colcon.colcon_core.package_identification:_identify(yolov5/models/hub) by extension 'python_setup_py'
[0.252s] Level 1:colcon.colcon_core.package_identification:_identify(yolov5/models/segment) by extensions ['ignore', 'ignore_ament_install']
[0.252s] Level 1:colcon.colcon_core.package_identification:_identify(yolov5/models/segment) by extension 'ignore'
[0.252s] Level 1:colcon.colcon_core.package_identification:_identify(yolov5/models/segment) by extension 'ignore_ament_install'
[0.252s] Level 1:colcon.colcon_core.package_identification:_identify(yolov5/models/segment) by extensions ['colcon_pkg']
[0.252s] Level 1:colcon.colcon_core.package_identification:_identify(yolov5/models/segment) by extension 'colcon_pkg'
[0.252s] Level 1:colcon.colcon_core.package_identification:_identify(yolov5/models/segment) by extensions ['colcon_meta']
[0.252s] Level 1:colcon.colcon_core.package_identification:_identify(yolov5/models/segment) by extension 'colcon_meta'
[0.252s] Level 1:colcon.colcon_core.package_identification:_identify(yolov5/models/segment) by extensions ['ros']
[0.252s] Level 1:colcon.colcon_core.package_identification:_identify(yolov5/models/segment) by extension 'ros'
[0.253s] Level 1:colcon.colcon_core.package_identification:_identify(yolov5/models/segment) by extensions ['cmake', 'python']
[0.253s] Level 1:colcon.colcon_core.package_identification:_identify(yolov5/models/segment) by extension 'cmake'
[0.253s] Level 1:colcon.colcon_core.package_identification:_identify(yolov5/models/segment) by extension 'python'
[0.253s] Level 1:colcon.colcon_core.package_identification:_identify(yolov5/models/segment) by extensions ['python_setup_py']
[0.253s] Level 1:colcon.colcon_core.package_identification:_identify(yolov5/models/segment) by extension 'python_setup_py'
[0.253s] Level 1:colcon.colcon_core.package_identification:_identify(yolov5/segment) by extensions ['ignore', 'ignore_ament_install']
[0.253s] Level 1:colcon.colcon_core.package_identification:_identify(yolov5/segment) by extension 'ignore'
[0.253s] Level 1:colcon.colcon_core.package_identification:_identify(yolov5/segment) by extension 'ignore_ament_install'
[0.253s] Level 1:colcon.colcon_core.package_identification:_identify(yolov5/segment) by extensions ['colcon_pkg']
[0.253s] Level 1:colcon.colcon_core.package_identification:_identify(yolov5/segment) by extension 'colcon_pkg'
[0.253s] Level 1:colcon.colcon_core.package_identification:_identify(yolov5/segment) by extensions ['colcon_meta']
[0.253s] Level 1:colcon.colcon_core.package_identification:_identify(yolov5/segment) by extension 'colcon_meta'
[0.253s] Level 1:colcon.colcon_core.package_identification:_identify(yolov5/segment) by extensions ['ros']
[0.253s] Level 1:colcon.colcon_core.package_identification:_identify(yolov5/segment) by extension 'ros'
[0.253s] Level 1:colcon.colcon_core.package_identification:_identify(yolov5/segment) by extensions ['cmake', 'python']
[0.253s] Level 1:colcon.colcon_core.package_identification:_identify(yolov5/segment) by extension 'cmake'
[0.253s] Level 1:colcon.colcon_core.package_identification:_identify(yolov5/segment) by extension 'python'
[0.254s] Level 1:colcon.colcon_core.package_identification:_identify(yolov5/segment) by extensions ['python_setup_py']
[0.254s] Level 1:colcon.colcon_core.package_identification:_identify(yolov5/segment) by extension 'python_setup_py'
[0.254s] Level 1:colcon.colcon_core.package_identification:_identify(yolov5/tests) by extensions ['ignore', 'ignore_ament_install']
[0.254s] Level 1:colcon.colcon_core.package_identification:_identify(yolov5/tests) by extension 'ignore'
[0.254s] Level 1:colcon.colcon_core.package_identification:_identify(yolov5/tests) by extension 'ignore_ament_install'
[0.254s] Level 1:colcon.colcon_core.package_identification:_identify(yolov5/tests) by extensions ['colcon_pkg']
[0.254s] Level 1:colcon.colcon_core.package_identification:_identify(yolov5/tests) by extension 'colcon_pkg'
[0.254s] Level 1:colcon.colcon_core.package_identification:_identify(yolov5/tests) by extensions ['colcon_meta']
[0.254s] Level 1:colcon.colcon_core.package_identification:_identify(yolov5/tests) by extension 'colcon_meta'
[0.254s] Level 1:colcon.colcon_core.package_identification:_identify(yolov5/tests) by extensions ['ros']
[0.254s] Level 1:colcon.colcon_core.package_identification:_identify(yolov5/tests) by extension 'ros'
[0.254s] Level 1:colcon.colcon_core.package_identification:_identify(yolov5/tests) by extensions ['cmake', 'python']
[0.254s] Level 1:colcon.colcon_core.package_identification:_identify(yolov5/tests) by extension 'cmake'
[0.254s] Level 1:colcon.colcon_core.package_identification:_identify(yolov5/tests) by extension 'python'
[0.254s] Level 1:colcon.colcon_core.package_identification:_identify(yolov5/tests) by extensions ['python_setup_py']
[0.255s] Level 1:colcon.colcon_core.package_identification:_identify(yolov5/tests) by extension 'python_setup_py'
[0.255s] Level 1:colcon.colcon_core.package_identification:_identify(yolov5/utils) by extensions ['ignore', 'ignore_ament_install']
[0.255s] Level 1:colcon.colcon_core.package_identification:_identify(yolov5/utils) by extension 'ignore'
[0.255s] Level 1:colcon.colcon_core.package_identification:_identify(yolov5/utils) by extension 'ignore_ament_install'
[0.255s] Level 1:colcon.colcon_core.package_identification:_identify(yolov5/utils) by extensions ['colcon_pkg']
[0.255s] Level 1:colcon.colcon_core.package_identification:_identify(yolov5/utils) by extension 'colcon_pkg'
[0.255s] Level 1:colcon.colcon_core.package_identification:_identify(yolov5/utils) by extensions ['colcon_meta']
[0.255s] Level 1:colcon.colcon_core.package_identification:_identify(yolov5/utils) by extension 'colcon_meta'
[0.255s] Level 1:colcon.colcon_core.package_identification:_identify(yolov5/utils) by extensions ['ros']
[0.255s] Level 1:colcon.colcon_core.package_identification:_identify(yolov5/utils) by extension 'ros'
[0.255s] Level 1:colcon.colcon_core.package_identification:_identify(yolov5/utils) by extensions ['cmake', 'python']
[0.255s] Level 1:colcon.colcon_core.package_identification:_identify(yolov5/utils) by extension 'cmake'
[0.255s] Level 1:colcon.colcon_core.package_identification:_identify(yolov5/utils) by extension 'python'
[0.255s] Level 1:colcon.colcon_core.package_identification:_identify(yolov5/utils) by extensions ['python_setup_py']
[0.255s] Level 1:colcon.colcon_core.package_identification:_identify(yolov5/utils) by extension 'python_setup_py'
[0.256s] Level 1:colcon.colcon_core.package_identification:_identify(yolov5/utils/__pycache__) by extensions ['ignore', 'ignore_ament_install']
[0.256s] Level 1:colcon.colcon_core.package_identification:_identify(yolov5/utils/__pycache__) by extension 'ignore'
[0.256s] Level 1:colcon.colcon_core.package_identification:_identify(yolov5/utils/__pycache__) by extension 'ignore_ament_install'
[0.256s] Level 1:colcon.colcon_core.package_identification:_identify(yolov5/utils/__pycache__) by extensions ['colcon_pkg']
[0.256s] Level 1:colcon.colcon_core.package_identification:_identify(yolov5/utils/__pycache__) by extension 'colcon_pkg'
[0.256s] Level 1:colcon.colcon_core.package_identification:_identify(yolov5/utils/__pycache__) by extensions ['colcon_meta']
[0.256s] Level 1:colcon.colcon_core.package_identification:_identify(yolov5/utils/__pycache__) by extension 'colcon_meta'
[0.256s] Level 1:colcon.colcon_core.package_identification:_identify(yolov5/utils/__pycache__) by extensions ['ros']
[0.256s] Level 1:colcon.colcon_core.package_identification:_identify(yolov5/utils/__pycache__) by extension 'ros'
[0.256s] Level 1:colcon.colcon_core.package_identification:_identify(yolov5/utils/__pycache__) by extensions ['cmake', 'python']
[0.256s] Level 1:colcon.colcon_core.package_identification:_identify(yolov5/utils/__pycache__) by extension 'cmake'
[0.256s] Level 1:colcon.colcon_core.package_identification:_identify(yolov5/utils/__pycache__) by extension 'python'
[0.256s] Level 1:colcon.colcon_core.package_identification:_identify(yolov5/utils/__pycache__) by extensions ['python_setup_py']
[0.256s] Level 1:colcon.colcon_core.package_identification:_identify(yolov5/utils/__pycache__) by extension 'python_setup_py'
[0.257s] Level 1:colcon.colcon_core.package_identification:_identify(yolov5/utils/docker) by extensions ['ignore', 'ignore_ament_install']
[0.257s] Level 1:colcon.colcon_core.package_identification:_identify(yolov5/utils/docker) by extension 'ignore'
[0.257s] Level 1:colcon.colcon_core.package_identification:_identify(yolov5/utils/docker) by extension 'ignore_ament_install'
[0.257s] Level 1:colcon.colcon_core.package_identification:_identify(yolov5/utils/docker) by extensions ['colcon_pkg']
[0.257s] Level 1:colcon.colcon_core.package_identification:_identify(yolov5/utils/docker) by extension 'colcon_pkg'
[0.257s] Level 1:colcon.colcon_core.package_identification:_identify(yolov5/utils/docker) by extensions ['colcon_meta']
[0.257s] Level 1:colcon.colcon_core.package_identification:_identify(yolov5/utils/docker) by extension 'colcon_meta'
[0.257s] Level 1:colcon.colcon_core.package_identification:_identify(yolov5/utils/docker) by extensions ['ros']
[0.257s] Level 1:colcon.colcon_core.package_identification:_identify(yolov5/utils/docker) by extension 'ros'
[0.257s] Level 1:colcon.colcon_core.package_identification:_identify(yolov5/utils/docker) by extensions ['cmake', 'python']
[0.257s] Level 1:colcon.colcon_core.package_identification:_identify(yolov5/utils/docker) by extension 'cmake'
[0.257s] Level 1:colcon.colcon_core.package_identification:_identify(yolov5/utils/docker) by extension 'python'
[0.257s] Level 1:colcon.colcon_core.package_identification:_identify(yolov5/utils/docker) by extensions ['python_setup_py']
[0.257s] Level 1:colcon.colcon_core.package_identification:_identify(yolov5/utils/docker) by extension 'python_setup_py'
[0.257s] Level 1:colcon.colcon_core.package_identification:_identify(yolov5/utils/flask_rest_api) by extensions ['ignore', 'ignore_ament_install']
[0.258s] Level 1:colcon.colcon_core.package_identification:_identify(yolov5/utils/flask_rest_api) by extension 'ignore'
[0.258s] Level 1:colcon.colcon_core.package_identification:_identify(yolov5/utils/flask_rest_api) by extension 'ignore_ament_install'
[0.258s] Level 1:colcon.colcon_core.package_identification:_identify(yolov5/utils/flask_rest_api) by extensions ['colcon_pkg']
[0.258s] Level 1:colcon.colcon_core.package_identification:_identify(yolov5/utils/flask_rest_api) by extension 'colcon_pkg'
[0.258s] Level 1:colcon.colcon_core.package_identification:_identify(yolov5/utils/flask_rest_api) by extensions ['colcon_meta']
[0.258s] Level 1:colcon.colcon_core.package_identification:_identify(yolov5/utils/flask_rest_api) by extension 'colcon_meta'
[0.258s] Level 1:colcon.colcon_core.package_identification:_identify(yolov5/utils/flask_rest_api) by extensions ['ros']
[0.258s] Level 1:colcon.colcon_core.package_identification:_identify(yolov5/utils/flask_rest_api) by extension 'ros'
[0.258s] Level 1:colcon.colcon_core.package_identification:_identify(yolov5/utils/flask_rest_api) by extensions ['cmake', 'python']
[0.258s] Level 1:colcon.colcon_core.package_identification:_identify(yolov5/utils/flask_rest_api) by extension 'cmake'
[0.258s] Level 1:colcon.colcon_core.package_identification:_identify(yolov5/utils/flask_rest_api) by extension 'python'
[0.258s] Level 1:colcon.colcon_core.package_identification:_identify(yolov5/utils/flask_rest_api) by extensions ['python_setup_py']
[0.258s] Level 1:colcon.colcon_core.package_identification:_identify(yolov5/utils/flask_rest_api) by extension 'python_setup_py'
[0.258s] Level 1:colcon.colcon_core.package_identification:_identify(yolov5/utils/loggers) by extensions ['ignore', 'ignore_ament_install']
[0.259s] Level 1:colcon.colcon_core.package_identification:_identify(yolov5/utils/loggers) by extension 'ignore'
[0.259s] Level 1:colcon.colcon_core.package_identification:_identify(yolov5/utils/loggers) by extension 'ignore_ament_install'
[0.259s] Level 1:colcon.colcon_core.package_identification:_identify(yolov5/utils/loggers) by extensions ['colcon_pkg']
[0.259s] Level 1:colcon.colcon_core.package_identification:_identify(yolov5/utils/loggers) by extension 'colcon_pkg'
[0.259s] Level 1:colcon.colcon_core.package_identification:_identify(yolov5/utils/loggers) by extensions ['colcon_meta']
[0.259s] Level 1:colcon.colcon_core.package_identification:_identify(yolov5/utils/loggers) by extension 'colcon_meta'
[0.259s] Level 1:colcon.colcon_core.package_identification:_identify(yolov5/utils/loggers) by extensions ['ros']
[0.259s] Level 1:colcon.colcon_core.package_identification:_identify(yolov5/utils/loggers) by extension 'ros'
[0.259s] Level 1:colcon.colcon_core.package_identification:_identify(yolov5/utils/loggers) by extensions ['cmake', 'python']
[0.259s] Level 1:colcon.colcon_core.package_identification:_identify(yolov5/utils/loggers) by extension 'cmake'
[0.259s] Level 1:colcon.colcon_core.package_identification:_identify(yolov5/utils/loggers) by extension 'python'
[0.259s] Level 1:colcon.colcon_core.package_identification:_identify(yolov5/utils/loggers) by extensions ['python_setup_py']
[0.259s] Level 1:colcon.colcon_core.package_identification:_identify(yolov5/utils/loggers) by extension 'python_setup_py'
[0.259s] Level 1:colcon.colcon_core.package_identification:_identify(yolov5/utils/loggers/clearml) by extensions ['ignore', 'ignore_ament_install']
[0.259s] Level 1:colcon.colcon_core.package_identification:_identify(yolov5/utils/loggers/clearml) by extension 'ignore'
[0.259s] Level 1:colcon.colcon_core.package_identification:_identify(yolov5/utils/loggers/clearml) by extension 'ignore_ament_install'
[0.260s] Level 1:colcon.colcon_core.package_identification:_identify(yolov5/utils/loggers/clearml) by extensions ['colcon_pkg']
[0.260s] Level 1:colcon.colcon_core.package_identification:_identify(yolov5/utils/loggers/clearml) by extension 'colcon_pkg'
[0.260s] Level 1:colcon.colcon_core.package_identification:_identify(yolov5/utils/loggers/clearml) by extensions ['colcon_meta']
[0.260s] Level 1:colcon.colcon_core.package_identification:_identify(yolov5/utils/loggers/clearml) by extension 'colcon_meta'
[0.260s] Level 1:colcon.colcon_core.package_identification:_identify(yolov5/utils/loggers/clearml) by extensions ['ros']
[0.260s] Level 1:colcon.colcon_core.package_identification:_identify(yolov5/utils/loggers/clearml) by extension 'ros'
[0.260s] Level 1:colcon.colcon_core.package_identification:_identify(yolov5/utils/loggers/clearml) by extensions ['cmake', 'python']
[0.260s] Level 1:colcon.colcon_core.package_identification:_identify(yolov5/utils/loggers/clearml) by extension 'cmake'
[0.260s] Level 1:colcon.colcon_core.package_identification:_identify(yolov5/utils/loggers/clearml) by extension 'python'
[0.260s] Level 1:colcon.colcon_core.package_identification:_identify(yolov5/utils/loggers/clearml) by extensions ['python_setup_py']
[0.260s] Level 1:colcon.colcon_core.package_identification:_identify(yolov5/utils/loggers/clearml) by extension 'python_setup_py'
[0.260s] Level 1:colcon.colcon_core.package_identification:_identify(yolov5/utils/loggers/comet) by extensions ['ignore', 'ignore_ament_install']
[0.260s] Level 1:colcon.colcon_core.package_identification:_identify(yolov5/utils/loggers/comet) by extension 'ignore'
[0.260s] Level 1:colcon.colcon_core.package_identification:_identify(yolov5/utils/loggers/comet) by extension 'ignore_ament_install'
[0.260s] Level 1:colcon.colcon_core.package_identification:_identify(yolov5/utils/loggers/comet) by extensions ['colcon_pkg']
[0.260s] Level 1:colcon.colcon_core.package_identification:_identify(yolov5/utils/loggers/comet) by extension 'colcon_pkg'
[0.261s] Level 1:colcon.colcon_core.package_identification:_identify(yolov5/utils/loggers/comet) by extensions ['colcon_meta']
[0.261s] Level 1:colcon.colcon_core.package_identification:_identify(yolov5/utils/loggers/comet) by extension 'colcon_meta'
[0.261s] Level 1:colcon.colcon_core.package_identification:_identify(yolov5/utils/loggers/comet) by extensions ['ros']
[0.261s] Level 1:colcon.colcon_core.package_identification:_identify(yolov5/utils/loggers/comet) by extension 'ros'
[0.261s] Level 1:colcon.colcon_core.package_identification:_identify(yolov5/utils/loggers/comet) by extensions ['cmake', 'python']
[0.261s] Level 1:colcon.colcon_core.package_identification:_identify(yolov5/utils/loggers/comet) by extension 'cmake'
[0.261s] Level 1:colcon.colcon_core.package_identification:_identify(yolov5/utils/loggers/comet) by extension 'python'
[0.261s] Level 1:colcon.colcon_core.package_identification:_identify(yolov5/utils/loggers/comet) by extensions ['python_setup_py']
[0.261s] Level 1:colcon.colcon_core.package_identification:_identify(yolov5/utils/loggers/comet) by extension 'python_setup_py'
[0.261s] Level 1:colcon.colcon_core.package_identification:_identify(yolov5/utils/loggers/wandb) by extensions ['ignore', 'ignore_ament_install']
[0.261s] Level 1:colcon.colcon_core.package_identification:_identify(yolov5/utils/loggers/wandb) by extension 'ignore'
[0.261s] Level 1:colcon.colcon_core.package_identification:_identify(yolov5/utils/loggers/wandb) by extension 'ignore_ament_install'
[0.261s] Level 1:colcon.colcon_core.package_identification:_identify(yolov5/utils/loggers/wandb) by extensions ['colcon_pkg']
[0.261s] Level 1:colcon.colcon_core.package_identification:_identify(yolov5/utils/loggers/wandb) by extension 'colcon_pkg'
[0.261s] Level 1:colcon.colcon_core.package_identification:_identify(yolov5/utils/loggers/wandb) by extensions ['colcon_meta']
[0.261s] Level 1:colcon.colcon_core.package_identification:_identify(yolov5/utils/loggers/wandb) by extension 'colcon_meta'
[0.262s] Level 1:colcon.colcon_core.package_identification:_identify(yolov5/utils/loggers/wandb) by extensions ['ros']
[0.262s] Level 1:colcon.colcon_core.package_identification:_identify(yolov5/utils/loggers/wandb) by extension 'ros'
[0.262s] Level 1:colcon.colcon_core.package_identification:_identify(yolov5/utils/loggers/wandb) by extensions ['cmake', 'python']
[0.262s] Level 1:colcon.colcon_core.package_identification:_identify(yolov5/utils/loggers/wandb) by extension 'cmake'
[0.262s] Level 1:colcon.colcon_core.package_identification:_identify(yolov5/utils/loggers/wandb) by extension 'python'
[0.262s] Level 1:colcon.colcon_core.package_identification:_identify(yolov5/utils/loggers/wandb) by extensions ['python_setup_py']
[0.262s] Level 1:colcon.colcon_core.package_identification:_identify(yolov5/utils/loggers/wandb) by extension 'python_setup_py'
[0.262s] Level 1:colcon.colcon_core.package_identification:_identify(yolov5/utils/segment) by extensions ['ignore', 'ignore_ament_install']
[0.262s] Level 1:colcon.colcon_core.package_identification:_identify(yolov5/utils/segment) by extension 'ignore'
[0.262s] Level 1:colcon.colcon_core.package_identification:_identify(yolov5/utils/segment) by extension 'ignore_ament_install'
[0.262s] Level 1:colcon.colcon_core.package_identification:_identify(yolov5/utils/segment) by extensions ['colcon_pkg']
[0.262s] Level 1:colcon.colcon_core.package_identification:_identify(yolov5/utils/segment) by extension 'colcon_pkg'
[0.262s] Level 1:colcon.colcon_core.package_identification:_identify(yolov5/utils/segment) by extensions ['colcon_meta']
[0.263s] Level 1:colcon.colcon_core.package_identification:_identify(yolov5/utils/segment) by extension 'colcon_meta'
[0.263s] Level 1:colcon.colcon_core.package_identification:_identify(yolov5/utils/segment) by extensions ['ros']
[0.263s] Level 1:colcon.colcon_core.package_identification:_identify(yolov5/utils/segment) by extension 'ros'
[0.263s] Level 1:colcon.colcon_core.package_identification:_identify(yolov5/utils/segment) by extensions ['cmake', 'python']
[0.263s] Level 1:colcon.colcon_core.package_identification:_identify(yolov5/utils/segment) by extension 'cmake'
[0.263s] Level 1:colcon.colcon_core.package_identification:_identify(yolov5/utils/segment) by extension 'python'
[0.263s] Level 1:colcon.colcon_core.package_identification:_identify(yolov5/utils/segment) by extensions ['python_setup_py']
[0.263s] Level 1:colcon.colcon_core.package_identification:_identify(yolov5/utils/segment) by extension 'python_setup_py'
[0.263s] Level 1:colcon.colcon_core.package_discovery:discover_packages(recursive) using defaults
[0.263s] Level 1:colcon.colcon_core.package_discovery:discover_packages(ignore) discover
[0.263s] Level 1:colcon.colcon_core.package_discovery:discover_packages(ignore) using defaults
[0.263s] Level 1:colcon.colcon_core.package_discovery:discover_packages(path) discover
[0.263s] Level 1:colcon.colcon_core.package_discovery:discover_packages(path) using defaults
[0.289s] Level 1:colcon.colcon_core.package_discovery:discover_packages(prefix_path) check parameters
[0.289s] Level 1:colcon.colcon_core.package_discovery:discover_packages(prefix_path) discover
[0.293s] DEBUG:colcon.colcon_installed_package_information.package_discovery:Found 342 installed packages in /opt/ros/humble
[0.295s] Level 1:colcon.colcon_core.package_discovery:discover_packages(prefix_path) using defaults
[0.357s] Level 5:colcon.colcon_core.verb:set package 'altair_interfaces' build argument 'cmake_args' from command line to 'None'
[0.357s] Level 5:colcon.colcon_core.verb:set package 'altair_interfaces' build argument 'cmake_target' from command line to 'None'
[0.357s] Level 5:colcon.colcon_core.verb:set package 'altair_interfaces' build argument 'cmake_target_skip_unavailable' from command line to 'False'
[0.357s] Level 5:colcon.colcon_core.verb:set package 'altair_interfaces' build argument 'cmake_clean_cache' from command line to 'False'
[0.357s] Level 5:colcon.colcon_core.verb:set package 'altair_interfaces' build argument 'cmake_clean_first' from command line to 'False'
[0.357s] Level 5:colcon.colcon_core.verb:set package 'altair_interfaces' build argument 'cmake_force_configure' from command line to 'False'
[0.357s] Level 5:colcon.colcon_core.verb:set package 'altair_interfaces' build argument 'ament_cmake_args' from command line to 'None'
[0.358s] Level 5:colcon.colcon_core.verb:set package 'altair_interfaces' build argument 'catkin_cmake_args' from command line to 'None'
[0.358s] Level 5:colcon.colcon_core.verb:set package 'altair_interfaces' build argument 'catkin_skip_building_tests' from command line to 'False'
[0.358s] DEBUG:colcon.colcon_core.verb:Building package 'altair_interfaces' with the following arguments: {'ament_cmake_args': None, 'build_base': '/home/altair/Person_Tracking_Roboware/build/altair_interfaces', 'catkin_cmake_args': None, 'catkin_skip_building_tests': False, 'cmake_args': None, 'cmake_clean_cache': False, 'cmake_clean_first': False, 'cmake_force_configure': False, 'cmake_target': None, 'cmake_target_skip_unavailable': False, 'install_base': '/home/altair/Person_Tracking_Roboware/install/altair_interfaces', 'merge_install': False, 'path': '/home/altair/Person_Tracking_Roboware/src/altair_interfaces', 'symlink_install': False, 'test_result_base': None}
[0.358s] Level 5:colcon.colcon_core.verb:set package 'can_msgs' build argument 'cmake_args' from command line to 'None'
[0.358s] Level 5:colcon.colcon_core.verb:set package 'can_msgs' build argument 'cmake_target' from command line to 'None'
[0.359s] Level 5:colcon.colcon_core.verb:set package 'can_msgs' build argument 'cmake_target_skip_unavailable' from command line to 'False'
[0.359s] Level 5:colcon.colcon_core.verb:set package 'can_msgs' build argument 'cmake_clean_cache' from command line to 'False'
[0.359s] Level 5:colcon.colcon_core.verb:set package 'can_msgs' build argument 'cmake_clean_first' from command line to 'False'
[0.359s] Level 5:colcon.colcon_core.verb:set package 'can_msgs' build argument 'cmake_force_configure' from command line to 'False'
[0.359s] Level 5:colcon.colcon_core.verb:set package 'can_msgs' build argument 'ament_cmake_args' from command line to 'None'
[0.359s] Level 5:colcon.colcon_core.verb:set package 'can_msgs' build argument 'catkin_cmake_args' from command line to 'None'
[0.359s] Level 5:colcon.colcon_core.verb:set package 'can_msgs' build argument 'catkin_skip_building_tests' from command line to 'False'
[0.359s] DEBUG:colcon.colcon_core.verb:Building package 'can_msgs' with the following arguments: {'ament_cmake_args': None, 'build_base': '/home/altair/Person_Tracking_Roboware/build/can_msgs', 'catkin_cmake_args': None, 'catkin_skip_building_tests': False, 'cmake_args': None, 'cmake_clean_cache': False, 'cmake_clean_first': False, 'cmake_force_configure': False, 'cmake_target': None, 'cmake_target_skip_unavailable': False, 'install_base': '/home/altair/Person_Tracking_Roboware/install/can_msgs', 'merge_install': False, 'path': '/home/altair/Person_Tracking_Roboware/src/can_msgs', 'symlink_install': False, 'test_result_base': None}
[0.360s] Level 5:colcon.colcon_core.verb:set package 'Robowarepkg' build argument 'cmake_args' from command line to 'None'
[0.360s] Level 5:colcon.colcon_core.verb:set package 'Robowarepkg' build argument 'cmake_target' from command line to 'None'
[0.360s] Level 5:colcon.colcon_core.verb:set package 'Robowarepkg' build argument 'cmake_target_skip_unavailable' from command line to 'False'
[0.360s] Level 5:colcon.colcon_core.verb:set package 'Robowarepkg' build argument 'cmake_clean_cache' from command line to 'False'
[0.360s] Level 5:colcon.colcon_core.verb:set package 'Robowarepkg' build argument 'cmake_clean_first' from command line to 'False'
[0.360s] Level 5:colcon.colcon_core.verb:set package 'Robowarepkg' build argument 'cmake_force_configure' from command line to 'False'
[0.360s] Level 5:colcon.colcon_core.verb:set package 'Robowarepkg' build argument 'ament_cmake_args' from command line to 'None'
[0.360s] Level 5:colcon.colcon_core.verb:set package 'Robowarepkg' build argument 'catkin_cmake_args' from command line to 'None'
[0.360s] Level 5:colcon.colcon_core.verb:set package 'Robowarepkg' build argument 'catkin_skip_building_tests' from command line to 'False'
[0.360s] DEBUG:colcon.colcon_core.verb:Building package 'Robowarepkg' with the following arguments: {'ament_cmake_args': None, 'build_base': '/home/altair/Person_Tracking_Roboware/build/Robowarepkg', 'catkin_cmake_args': None, 'catkin_skip_building_tests': False, 'cmake_args': None, 'cmake_clean_cache': False, 'cmake_clean_first': False, 'cmake_force_configure': False, 'cmake_target': None, 'cmake_target_skip_unavailable': False, 'install_base': '/home/altair/Person_Tracking_Roboware/install/Robowarepkg', 'merge_install': False, 'path': '/home/altair/Person_Tracking_Roboware/src/Robowarepkg', 'symlink_install': False, 'test_result_base': None}
[0.361s] Level 5:colcon.colcon_core.verb:set package 'altair_can_bridge' build argument 'cmake_args' from command line to 'None'
[0.361s] Level 5:colcon.colcon_core.verb:set package 'altair_can_bridge' build argument 'cmake_target' from command line to 'None'
[0.361s] Level 5:colcon.colcon_core.verb:set package 'altair_can_bridge' build argument 'cmake_target_skip_unavailable' from command line to 'False'
[0.361s] Level 5:colcon.colcon_core.verb:set package 'altair_can_bridge' build argument 'cmake_clean_cache' from command line to 'False'
[0.361s] Level 5:colcon.colcon_core.verb:set package 'altair_can_bridge' build argument 'cmake_clean_first' from command line to 'False'
[0.361s] Level 5:colcon.colcon_core.verb:set package 'altair_can_bridge' build argument 'cmake_force_configure' from command line to 'False'
[0.361s] Level 5:colcon.colcon_core.verb:set package 'altair_can_bridge' build argument 'ament_cmake_args' from command line to 'None'
[0.361s] Level 5:colcon.colcon_core.verb:set package 'altair_can_bridge' build argument 'catkin_cmake_args' from command line to 'None'
[0.361s] Level 5:colcon.colcon_core.verb:set package 'altair_can_bridge' build argument 'catkin_skip_building_tests' from command line to 'False'
[0.361s] DEBUG:colcon.colcon_core.verb:Building package 'altair_can_bridge' with the following arguments: {'ament_cmake_args': None, 'build_base': '/home/altair/Person_Tracking_Roboware/build/altair_can_bridge', 'catkin_cmake_args': None, 'catkin_skip_building_tests': False, 'cmake_args': None, 'cmake_clean_cache': False, 'cmake_clean_first': False, 'cmake_force_configure': False, 'cmake_target': None, 'cmake_target_skip_unavailable': False, 'install_base': '/home/altair/Person_Tracking_Roboware/install/altair_can_bridge', 'merge_install': False, 'path': '/home/altair/Person_Tracking_Roboware/src/altair_can_bridge', 'symlink_install': False, 'test_result_base': None}
[0.362s] INFO:colcon.colcon_core.executor:Executing jobs using 'parallel' executor
[0.363s] DEBUG:colcon.colcon_parallel_executor.executor.parallel:run_until_complete
[0.363s] INFO:colcon.colcon_ros.task.ament_cmake.build:Building ROS package in '/home/altair/Person_Tracking_Roboware/src/altair_interfaces' with build type 'ament_cmake'
[0.363s] INFO:colcon.colcon_cmake.task.cmake.build:Building CMake package in '/home/altair/Person_Tracking_Roboware/src/altair_interfaces'
[0.366s] INFO:colcon.colcon_core.plugin_system:Skipping extension 'colcon_core.shell.bat': Not used on non-Windows systems
[0.366s] INFO:colcon.colcon_core.shell:Skip shell extension 'powershell' for command environment: Not usable outside of PowerShell
[0.366s] DEBUG:colcon.colcon_core.shell:Skip shell extension 'dsv' for command environment
[0.371s] INFO:colcon.colcon_ros.task.ament_cmake.build:Building ROS package in '/home/altair/Person_Tracking_Roboware/src/can_msgs' with build type 'ament_cmake'
[0.372s] INFO:colcon.colcon_cmake.task.cmake.build:Building CMake package in '/home/altair/Person_Tracking_Roboware/src/can_msgs'
[0.372s] INFO:colcon.colcon_core.shell:Skip shell extension 'powershell' for command environment: Not usable outside of PowerShell
[0.372s] DEBUG:colcon.colcon_core.shell:Skip shell extension 'dsv' for command environment
[0.392s] DEBUG:colcon.colcon_core.event_handler.log_command:Invoking command in '/home/altair/Person_Tracking_Roboware/build/altair_interfaces': CMAKE_PREFIX_PATH=/opt/ros/humble /usr/bin/cmake --build /home/altair/Person_Tracking_Roboware/build/altair_interfaces -- -j8 -l8
[0.401s] DEBUG:colcon.colcon_core.event_handler.log_command:Invoking command in '/home/altair/Person_Tracking_Roboware/build/can_msgs': CMAKE_PREFIX_PATH=/opt/ros/humble /usr/bin/cmake --build /home/altair/Person_Tracking_Roboware/build/can_msgs -- -j8 -l8
[1.056s] DEBUG:colcon.colcon_core.event_handler.log_command:Invoked command in '/home/altair/Person_Tracking_Roboware/build/altair_interfaces' returned '0': CMAKE_PREFIX_PATH=/opt/ros/humble /usr/bin/cmake --build /home/altair/Person_Tracking_Roboware/build/altair_interfaces -- -j8 -l8
[1.063s] DEBUG:colcon.colcon_core.event_handler.log_command:Invoking command in '/home/altair/Person_Tracking_Roboware/build/altair_interfaces': CMAKE_PREFIX_PATH=/opt/ros/humble /usr/bin/cmake --install /home/altair/Person_Tracking_Roboware/build/altair_interfaces
[1.116s] DEBUG:colcon.colcon_core.event_handler.log_command:Invoked command in '/home/altair/Person_Tracking_Roboware/build/can_msgs' returned '0': CMAKE_PREFIX_PATH=/opt/ros/humble /usr/bin/cmake --build /home/altair/Person_Tracking_Roboware/build/can_msgs -- -j8 -l8
[1.119s] DEBUG:colcon.colcon_core.event_handler.log_command:Invoking command in '/home/altair/Person_Tracking_Roboware/build/can_msgs': CMAKE_PREFIX_PATH=/opt/ros/humble /usr/bin/cmake --install /home/altair/Person_Tracking_Roboware/build/can_msgs
[1.156s] Level 1:colcon.colcon_core.environment:create_environment_scripts_only(altair_interfaces)
[1.161s] DEBUG:colcon.colcon_core.event_handler.log_command:Invoked command in '/home/altair/Person_Tracking_Roboware/build/altair_interfaces' returned '0': CMAKE_PREFIX_PATH=/opt/ros/humble /usr/bin/cmake --install /home/altair/Person_Tracking_Roboware/build/altair_interfaces
[1.162s] Level 1:colcon.colcon_core.environment:checking '/home/altair/Person_Tracking_Roboware/install/altair_interfaces' for CMake module files
[1.162s] Level 1:colcon.colcon_core.environment:checking '/home/altair/Person_Tracking_Roboware/install/altair_interfaces' for CMake config files
[1.163s] Level 1:colcon.colcon_core.shell:create_environment_hook('altair_interfaces', 'cmake_prefix_path')
[1.163s] INFO:colcon.colcon_core.shell:Creating environment hook '/home/altair/Person_Tracking_Roboware/install/altair_interfaces/share/altair_interfaces/hook/cmake_prefix_path.ps1'
[1.164s] INFO:colcon.colcon_core.shell:Creating environment descriptor '/home/altair/Person_Tracking_Roboware/install/altair_interfaces/share/altair_interfaces/hook/cmake_prefix_path.dsv'
[1.164s] INFO:colcon.colcon_core.shell:Creating environment hook '/home/altair/Person_Tracking_Roboware/install/altair_interfaces/share/altair_interfaces/hook/cmake_prefix_path.sh'
[1.166s] Level 1:colcon.colcon_core.environment:checking '/home/altair/Person_Tracking_Roboware/install/altair_interfaces/lib'
[1.166s] Level 1:colcon.colcon_core.shell:create_environment_hook('altair_interfaces', 'ld_library_path_lib')
[1.167s] INFO:colcon.colcon_core.shell:Creating environment hook '/home/altair/Person_Tracking_Roboware/install/altair_interfaces/share/altair_interfaces/hook/ld_library_path_lib.ps1'
[1.168s] INFO:colcon.colcon_core.shell:Creating environment descriptor '/home/altair/Person_Tracking_Roboware/install/altair_interfaces/share/altair_interfaces/hook/ld_library_path_lib.dsv'
[1.168s] INFO:colcon.colcon_core.shell:Creating environment hook '/home/altair/Person_Tracking_Roboware/install/altair_interfaces/share/altair_interfaces/hook/ld_library_path_lib.sh'
[1.169s] Level 1:colcon.colcon_core.environment:checking '/home/altair/Person_Tracking_Roboware/install/altair_interfaces/bin'
[1.169s] Level 1:colcon.colcon_core.environment:checking '/home/altair/Person_Tracking_Roboware/install/altair_interfaces/lib/pkgconfig/altair_interfaces.pc'
[1.169s] Level 1:colcon.colcon_core.environment:checking '/home/altair/Person_Tracking_Roboware/install/altair_interfaces/lib/python3.10/site-packages'
[1.170s] Level 1:colcon.colcon_core.environment:checking '/home/altair/Person_Tracking_Roboware/install/altair_interfaces/bin'
[1.170s] INFO:colcon.colcon_core.shell:Creating package script '/home/altair/Person_Tracking_Roboware/install/altair_interfaces/share/altair_interfaces/package.ps1'
[1.173s] INFO:colcon.colcon_core.shell:Creating package descriptor '/home/altair/Person_Tracking_Roboware/install/altair_interfaces/share/altair_interfaces/package.dsv'
[1.174s] INFO:colcon.colcon_core.shell:Creating package script '/home/altair/Person_Tracking_Roboware/install/altair_interfaces/share/altair_interfaces/package.sh'
[1.176s] INFO:colcon.colcon_core.shell:Creating package script '/home/altair/Person_Tracking_Roboware/install/altair_interfaces/share/altair_interfaces/package.bash'
[1.179s] INFO:colcon.colcon_core.shell:Creating package script '/home/altair/Person_Tracking_Roboware/install/altair_interfaces/share/altair_interfaces/package.zsh'
[1.180s] Level 1:colcon.colcon_core.environment:create_file_with_runtime_dependencies(/home/altair/Person_Tracking_Roboware/install/altair_interfaces/share/colcon-core/packages/altair_interfaces)
[1.182s] Level 1:colcon.colcon_core.environment:create_environment_scripts_only(altair_interfaces)
[1.183s] Level 1:colcon.colcon_core.environment:checking '/home/altair/Person_Tracking_Roboware/install/altair_interfaces' for CMake module files
[1.185s] Level 1:colcon.colcon_core.environment:checking '/home/altair/Person_Tracking_Roboware/install/altair_interfaces' for CMake config files
[1.186s] Level 1:colcon.colcon_core.shell:create_environment_hook('altair_interfaces', 'cmake_prefix_path')
[1.187s] INFO:colcon.colcon_core.shell:Creating environment hook '/home/altair/Person_Tracking_Roboware/install/altair_interfaces/share/altair_interfaces/hook/cmake_prefix_path.ps1'
[1.189s] INFO:colcon.colcon_core.shell:Creating environment descriptor '/home/altair/Person_Tracking_Roboware/install/altair_interfaces/share/altair_interfaces/hook/cmake_prefix_path.dsv'
[1.190s] INFO:colcon.colcon_core.shell:Creating environment hook '/home/altair/Person_Tracking_Roboware/install/altair_interfaces/share/altair_interfaces/hook/cmake_prefix_path.sh'
[1.191s] Level 1:colcon.colcon_core.environment:checking '/home/altair/Person_Tracking_Roboware/install/altair_interfaces/lib'
[1.191s] Level 1:colcon.colcon_core.shell:create_environment_hook('altair_interfaces', 'ld_library_path_lib')
[1.192s] INFO:colcon.colcon_core.shell:Creating environment hook '/home/altair/Person_Tracking_Roboware/install/altair_interfaces/share/altair_interfaces/hook/ld_library_path_lib.ps1'
[1.193s] INFO:colcon.colcon_core.shell:Creating environment descriptor '/home/altair/Person_Tracking_Roboware/install/altair_interfaces/share/altair_interfaces/hook/ld_library_path_lib.dsv'
[1.193s] INFO:colcon.colcon_core.shell:Creating environment hook '/home/altair/Person_Tracking_Roboware/install/altair_interfaces/share/altair_interfaces/hook/ld_library_path_lib.sh'
[1.194s] Level 1:colcon.colcon_core.environment:checking '/home/altair/Person_Tracking_Roboware/install/altair_interfaces/bin'
[1.194s] Level 1:colcon.colcon_core.environment:checking '/home/altair/Person_Tracking_Roboware/install/altair_interfaces/lib/pkgconfig/altair_interfaces.pc'
[1.194s] Level 1:colcon.colcon_core.environment:checking '/home/altair/Person_Tracking_Roboware/install/altair_interfaces/lib/python3.10/site-packages'
[1.195s] Level 1:colcon.colcon_core.environment:checking '/home/altair/Person_Tracking_Roboware/install/altair_interfaces/bin'
[1.195s] INFO:colcon.colcon_core.shell:Creating package script '/home/altair/Person_Tracking_Roboware/install/altair_interfaces/share/altair_interfaces/package.ps1'
[1.196s] INFO:colcon.colcon_core.shell:Creating package descriptor '/home/altair/Person_Tracking_Roboware/install/altair_interfaces/share/altair_interfaces/package.dsv'
[1.197s] INFO:colcon.colcon_core.shell:Creating package script '/home/altair/Person_Tracking_Roboware/install/altair_interfaces/share/altair_interfaces/package.sh'
[1.198s] INFO:colcon.colcon_core.shell:Creating package script '/home/altair/Person_Tracking_Roboware/install/altair_interfaces/share/altair_interfaces/package.bash'
[1.199s] INFO:colcon.colcon_core.shell:Creating package script '/home/altair/Person_Tracking_Roboware/install/altair_interfaces/share/altair_interfaces/package.zsh'
[1.200s] Level 1:colcon.colcon_core.environment:create_file_with_runtime_dependencies(/home/altair/Person_Tracking_Roboware/install/altair_interfaces/share/colcon-core/packages/altair_interfaces)
[1.204s] Level 1:colcon.colcon_core.environment:create_environment_scripts_only(can_msgs)
[1.204s] Level 1:colcon.colcon_core.environment:checking '/home/altair/Person_Tracking_Roboware/install/can_msgs' for CMake module files
[1.206s] Level 1:colcon.colcon_core.environment:checking '/home/altair/Person_Tracking_Roboware/install/can_msgs' for CMake config files
[1.208s] DEBUG:colcon.colcon_core.event_handler.log_command:Invoked command in '/home/altair/Person_Tracking_Roboware/build/can_msgs' returned '0': CMAKE_PREFIX_PATH=/opt/ros/humble /usr/bin/cmake --install /home/altair/Person_Tracking_Roboware/build/can_msgs
[1.209s] Level 1:colcon.colcon_core.shell:create_environment_hook('can_msgs', 'cmake_prefix_path')
[1.209s] INFO:colcon.colcon_core.shell:Creating environment hook '/home/altair/Person_Tracking_Roboware/install/can_msgs/share/can_msgs/hook/cmake_prefix_path.ps1'
[1.210s] INFO:colcon.colcon_core.shell:Creating environment descriptor '/home/altair/Person_Tracking_Roboware/install/can_msgs/share/can_msgs/hook/cmake_prefix_path.dsv'
[1.211s] INFO:colcon.colcon_core.shell:Creating environment hook '/home/altair/Person_Tracking_Roboware/install/can_msgs/share/can_msgs/hook/cmake_prefix_path.sh'
[1.212s] Level 1:colcon.colcon_core.environment:checking '/home/altair/Person_Tracking_Roboware/install/can_msgs/lib'
[1.212s] Level 1:colcon.colcon_core.shell:create_environment_hook('can_msgs', 'ld_library_path_lib')
[1.212s] INFO:colcon.colcon_core.shell:Creating environment hook '/home/altair/Person_Tracking_Roboware/install/can_msgs/share/can_msgs/hook/ld_library_path_lib.ps1'
[1.213s] INFO:colcon.colcon_core.shell:Creating environment descriptor '/home/altair/Person_Tracking_Roboware/install/can_msgs/share/can_msgs/hook/ld_library_path_lib.dsv'
[1.214s] INFO:colcon.colcon_core.shell:Creating environment hook '/home/altair/Person_Tracking_Roboware/install/can_msgs/share/can_msgs/hook/ld_library_path_lib.sh'
[1.215s] Level 1:colcon.colcon_core.environment:checking '/home/altair/Person_Tracking_Roboware/install/can_msgs/bin'
[1.215s] Level 1:colcon.colcon_core.environment:checking '/home/altair/Person_Tracking_Roboware/install/can_msgs/lib/pkgconfig/can_msgs.pc'
[1.215s] Level 1:colcon.colcon_core.environment:checking '/home/altair/Person_Tracking_Roboware/install/can_msgs/lib/python3.10/site-packages'
[1.216s] Level 1:colcon.colcon_core.environment:checking '/home/altair/Person_Tracking_Roboware/install/can_msgs/bin'
[1.216s] INFO:colcon.colcon_core.shell:Creating package script '/home/altair/Person_Tracking_Roboware/install/can_msgs/share/can_msgs/package.ps1'
[1.217s] INFO:colcon.colcon_core.shell:Creating package descriptor '/home/altair/Person_Tracking_Roboware/install/can_msgs/share/can_msgs/package.dsv'
[1.218s] INFO:colcon.colcon_core.shell:Creating package script '/home/altair/Person_Tracking_Roboware/install/can_msgs/share/can_msgs/package.sh'
[1.219s] INFO:colcon.colcon_core.shell:Creating package script '/home/altair/Person_Tracking_Roboware/install/can_msgs/share/can_msgs/package.bash'
[1.220s] INFO:colcon.colcon_core.shell:Creating package script '/home/altair/Person_Tracking_Roboware/install/can_msgs/share/can_msgs/package.zsh'
[1.220s] Level 1:colcon.colcon_core.environment:create_file_with_runtime_dependencies(/home/altair/Person_Tracking_Roboware/install/can_msgs/share/colcon-core/packages/can_msgs)
[1.222s] Level 1:colcon.colcon_core.environment:create_environment_scripts_only(can_msgs)
[1.222s] Level 1:colcon.colcon_core.environment:checking '/home/altair/Person_Tracking_Roboware/install/can_msgs' for CMake module files
[1.223s] Level 1:colcon.colcon_core.environment:checking '/home/altair/Person_Tracking_Roboware/install/can_msgs' for CMake config files
[1.224s] Level 1:colcon.colcon_core.shell:create_environment_hook('can_msgs', 'cmake_prefix_path')
[1.225s] INFO:colcon.colcon_core.shell:Creating environment hook '/home/altair/Person_Tracking_Roboware/install/can_msgs/share/can_msgs/hook/cmake_prefix_path.ps1'
[1.226s] INFO:colcon.colcon_core.shell:Creating environment descriptor '/home/altair/Person_Tracking_Roboware/install/can_msgs/share/can_msgs/hook/cmake_prefix_path.dsv'
[1.226s] INFO:colcon.colcon_core.shell:Creating environment hook '/home/altair/Person_Tracking_Roboware/install/can_msgs/share/can_msgs/hook/cmake_prefix_path.sh'
[1.227s] Level 1:colcon.colcon_core.environment:checking '/home/altair/Person_Tracking_Roboware/install/can_msgs/lib'
[1.228s] Level 1:colcon.colcon_core.shell:create_environment_hook('can_msgs', 'ld_library_path_lib')
[1.228s] INFO:colcon.colcon_core.shell:Creating environment hook '/home/altair/Person_Tracking_Roboware/install/can_msgs/share/can_msgs/hook/ld_library_path_lib.ps1'
[1.229s] INFO:colcon.colcon_core.shell:Creating environment descriptor '/home/altair/Person_Tracking_Roboware/install/can_msgs/share/can_msgs/hook/ld_library_path_lib.dsv'
[1.229s] INFO:colcon.colcon_core.shell:Creating environment hook '/home/altair/Person_Tracking_Roboware/install/can_msgs/share/can_msgs/hook/ld_library_path_lib.sh'
[1.230s] Level 1:colcon.colcon_core.environment:checking '/home/altair/Person_Tracking_Roboware/install/can_msgs/bin'
[1.230s] Level 1:colcon.colcon_core.environment:checking '/home/altair/Person_Tracking_Roboware/install/can_msgs/lib/pkgconfig/can_msgs.pc'
[1.231s] Level 1:colcon.colcon_core.environment:checking '/home/altair/Person_Tracking_Roboware/install/can_msgs/lib/python3.10/site-packages'
[1.231s] Level 1:colcon.colcon_core.environment:checking '/home/altair/Person_Tracking_Roboware/install/can_msgs/bin'
[1.232s] INFO:colcon.colcon_core.shell:Creating package script '/home/altair/Person_Tracking_Roboware/install/can_msgs/share/can_msgs/package.ps1'
[1.234s] INFO:colcon.colcon_core.shell:Creating package descriptor '/home/altair/Person_Tracking_Roboware/install/can_msgs/share/can_msgs/package.dsv'
[1.235s] INFO:colcon.colcon_core.shell:Creating package script '/home/altair/Person_Tracking_Roboware/install/can_msgs/share/can_msgs/package.sh'
[1.236s] INFO:colcon.colcon_core.shell:Creating package script '/home/altair/Person_Tracking_Roboware/install/can_msgs/share/can_msgs/package.bash'
[1.237s] INFO:colcon.colcon_core.shell:Creating package script '/home/altair/Person_Tracking_Roboware/install/can_msgs/share/can_msgs/package.zsh'
[1.238s] Level 1:colcon.colcon_core.environment:create_file_with_runtime_dependencies(/home/altair/Person_Tracking_Roboware/install/can_msgs/share/colcon-core/packages/can_msgs)
[1.238s] INFO:colcon.colcon_ros.task.ament_python.build:Building ROS package in '/home/altair/Person_Tracking_Roboware/src/Robowarepkg' with build type 'ament_python'
[1.239s] Level 1:colcon.colcon_core.shell:create_environment_hook('Robowarepkg', 'ament_prefix_path')
[1.239s] INFO:colcon.colcon_core.shell:Creating environment hook '/home/altair/Person_Tracking_Roboware/install/Robowarepkg/share/Robowarepkg/hook/ament_prefix_path.ps1'
[1.240s] INFO:colcon.colcon_core.shell:Creating environment descriptor '/home/altair/Person_Tracking_Roboware/install/Robowarepkg/share/Robowarepkg/hook/ament_prefix_path.dsv'
[1.241s] INFO:colcon.colcon_core.shell:Creating environment hook '/home/altair/Person_Tracking_Roboware/install/Robowarepkg/share/Robowarepkg/hook/ament_prefix_path.sh'
[1.243s] INFO:colcon.colcon_core.shell:Skip shell extension 'powershell' for command environment: Not usable outside of PowerShell
[1.243s] DEBUG:colcon.colcon_core.shell:Skip shell extension 'dsv' for command environment
[1.247s] INFO:colcon.colcon_ros.task.ament_cmake.build:Building ROS package in '/home/altair/Person_Tracking_Roboware/src/altair_can_bridge' with build type 'ament_cmake'
[1.247s] INFO:colcon.colcon_cmake.task.cmake.build:Building CMake package in '/home/altair/Person_Tracking_Roboware/src/altair_can_bridge'
[1.248s] INFO:colcon.colcon_core.shell:Skip shell extension 'powershell' for command environment: Not usable outside of PowerShell
[1.248s] DEBUG:colcon.colcon_core.shell:Skip shell extension 'dsv' for command environment
[1.590s] INFO:colcon.colcon_core.task.python.build:Building Python package in '/home/altair/Person_Tracking_Roboware/src/Robowarepkg'
[1.590s] INFO:colcon.colcon_core.shell:Skip shell extension 'powershell' for command environment: Not usable outside of PowerShell
[1.591s] DEBUG:colcon.colcon_core.shell:Skip shell extension 'dsv' for command environment
[1.600s] DEBUG:colcon.colcon_core.event_handler.log_command:Invoking command in '/home/altair/Person_Tracking_Roboware/build/altair_can_bridge': AMENT_PREFIX_PATH=/home/altair/Person_Tracking_Roboware/install/can_msgs:/home/altair/Person_Tracking_Roboware/install/altair_interfaces:${AMENT_PREFIX_PATH} CMAKE_PREFIX_PATH=/home/altair/Person_Tracking_Roboware/install/can_msgs:/home/altair/Person_Tracking_Roboware/install/altair_interfaces:/opt/ros/humble LD_LIBRARY_PATH=/home/altair/Person_Tracking_Roboware/install/can_msgs/lib:/home/altair/Person_Tracking_Roboware/install/altair_interfaces/lib:${LD_LIBRARY_PATH} PYTHONPATH=/home/altair/Person_Tracking_Roboware/install/can_msgs/local/lib/python3.10/dist-packages:/home/altair/Person_Tracking_Roboware/install/altair_interfaces/local/lib/python3.10/dist-packages:${PYTHONPATH} /usr/bin/cmake --build /home/altair/Person_Tracking_Roboware/build/altair_can_bridge -- -j8 -l8
[1.641s] DEBUG:colcon.colcon_core.event_handler.log_command:Invoked command in '/home/altair/Person_Tracking_Roboware/build/altair_can_bridge' returned '0': AMENT_PREFIX_PATH=/home/altair/Person_Tracking_Roboware/install/can_msgs:/home/altair/Person_Tracking_Roboware/install/altair_interfaces:${AMENT_PREFIX_PATH} CMAKE_PREFIX_PATH=/home/altair/Person_Tracking_Roboware/install/can_msgs:/home/altair/Person_Tracking_Roboware/install/altair_interfaces:/opt/ros/humble LD_LIBRARY_PATH=/home/altair/Person_Tracking_Roboware/install/can_msgs/lib:/home/altair/Person_Tracking_Roboware/install/altair_interfaces/lib:${LD_LIBRARY_PATH} PYTHONPATH=/home/altair/Person_Tracking_Roboware/install/can_msgs/local/lib/python3.10/dist-packages:/home/altair/Person_Tracking_Roboware/install/altair_interfaces/local/lib/python3.10/dist-packages:${PYTHONPATH} /usr/bin/cmake --build /home/altair/Person_Tracking_Roboware/build/altair_can_bridge -- -j8 -l8
[1.643s] DEBUG:colcon.colcon_core.event_handler.log_command:Invoking command in '/home/altair/Person_Tracking_Roboware/build/altair_can_bridge': AMENT_PREFIX_PATH=/home/altair/Person_Tracking_Roboware/install/can_msgs:/home/altair/Person_Tracking_Roboware/install/altair_interfaces:${AMENT_PREFIX_PATH} CMAKE_PREFIX_PATH=/home/altair/Person_Tracking_Roboware/install/can_msgs:/home/altair/Person_Tracking_Roboware/install/altair_interfaces:/opt/ros/humble LD_LIBRARY_PATH=/home/altair/Person_Tracking_Roboware/install/can_msgs/lib:/home/altair/Person_Tracking_Roboware/install/altair_interfaces/lib:${LD_LIBRARY_PATH} PYTHONPATH=/home/altair/Person_Tracking_Roboware/install/can_msgs/local/lib/python3.10/dist-packages:/home/altair/Person_Tracking_Roboware/install/altair_interfaces/local/lib/python3.10/dist-packages:${PYTHONPATH} /usr/bin/cmake --install /home/altair/Person_Tracking_Roboware/build/altair_can_bridge
[1.648s] Level 1:colcon.colcon_core.environment:create_environment_scripts_only(altair_can_bridge)
[1.649s] Level 1:colcon.colcon_core.environment:checking '/home/altair/Person_Tracking_Roboware/install/altair_can_bridge' for CMake module files
[1.650s] DEBUG:colcon.colcon_core.event_handler.log_command:Invoked command in '/home/altair/Person_Tracking_Roboware/build/altair_can_bridge' returned '0': AMENT_PREFIX_PATH=/home/altair/Person_Tracking_Roboware/install/can_msgs:/home/altair/Person_Tracking_Roboware/install/altair_interfaces:${AMENT_PREFIX_PATH} CMAKE_PREFIX_PATH=/home/altair/Person_Tracking_Roboware/install/can_msgs:/home/altair/Person_Tracking_Roboware/install/altair_interfaces:/opt/ros/humble LD_LIBRARY_PATH=/home/altair/Person_Tracking_Roboware/install/can_msgs/lib:/home/altair/Person_Tracking_Roboware/install/altair_interfaces/lib:${LD_LIBRARY_PATH} PYTHONPATH=/home/altair/Person_Tracking_Roboware/install/can_msgs/local/lib/python3.10/dist-packages:/home/altair/Person_Tracking_Roboware/install/altair_interfaces/local/lib/python3.10/dist-packages:${PYTHONPATH} /usr/bin/cmake --install /home/altair/Person_Tracking_Roboware/build/altair_can_bridge
[1.650s] Level 1:colcon.colcon_core.environment:checking '/home/altair/Person_Tracking_Roboware/install/altair_can_bridge' for CMake config files
[1.650s] Level 1:colcon.colcon_core.shell:create_environment_hook('altair_can_bridge', 'cmake_prefix_path')
[1.651s] INFO:colcon.colcon_core.shell:Creating environment hook '/home/altair/Person_Tracking_Roboware/install/altair_can_bridge/share/altair_can_bridge/hook/cmake_prefix_path.ps1'
[1.651s] INFO:colcon.colcon_core.shell:Creating environment descriptor '/home/altair/Person_Tracking_Roboware/install/altair_can_bridge/share/altair_can_bridge/hook/cmake_prefix_path.dsv'
[1.652s] INFO:colcon.colcon_core.shell:Creating environment hook '/home/altair/Person_Tracking_Roboware/install/altair_can_bridge/share/altair_can_bridge/hook/cmake_prefix_path.sh'
[1.652s] Level 1:colcon.colcon_core.environment:checking '/home/altair/Person_Tracking_Roboware/install/altair_can_bridge/lib'
[1.653s] Level 1:colcon.colcon_core.environment:checking '/home/altair/Person_Tracking_Roboware/install/altair_can_bridge/bin'
[1.653s] Level 1:colcon.colcon_core.environment:checking '/home/altair/Person_Tracking_Roboware/install/altair_can_bridge/lib/pkgconfig/altair_can_bridge.pc'
[1.653s] Level 1:colcon.colcon_core.environment:checking '/home/altair/Person_Tracking_Roboware/install/altair_can_bridge/lib/python3.10/site-packages'
[1.653s] Level 1:colcon.colcon_core.environment:checking '/home/altair/Person_Tracking_Roboware/install/altair_can_bridge/bin'
[1.654s] INFO:colcon.colcon_core.shell:Creating package script '/home/altair/Person_Tracking_Roboware/install/altair_can_bridge/share/altair_can_bridge/package.ps1'
[1.655s] INFO:colcon.colcon_core.shell:Creating package descriptor '/home/altair/Person_Tracking_Roboware/install/altair_can_bridge/share/altair_can_bridge/package.dsv'
[1.655s] INFO:colcon.colcon_core.shell:Creating package script '/home/altair/Person_Tracking_Roboware/install/altair_can_bridge/share/altair_can_bridge/package.sh'
[1.656s] INFO:colcon.colcon_core.shell:Creating package script '/home/altair/Person_Tracking_Roboware/install/altair_can_bridge/share/altair_can_bridge/package.bash'
[1.656s] INFO:colcon.colcon_core.shell:Creating package script '/home/altair/Person_Tracking_Roboware/install/altair_can_bridge/share/altair_can_bridge/package.zsh'
[1.656s] Level 1:colcon.colcon_core.environment:create_file_with_runtime_dependencies(/home/altair/Person_Tracking_Roboware/install/altair_can_bridge/share/colcon-core/packages/altair_can_bridge)
[1.657s] Level 1:colcon.colcon_core.environment:create_environment_scripts_only(altair_can_bridge)
[1.657s] Level 1:colcon.colcon_core.environment:checking '/home/altair/Person_Tracking_Roboware/install/altair_can_bridge' for CMake module files
[1.658s] Level 1:colcon.colcon_core.environment:checking '/home/altair/Person_Tracking_Roboware/install/altair_can_bridge' for CMake config files
[1.658s] Level 1:colcon.colcon_core.shell:create_environment_hook('altair_can_bridge', 'cmake_prefix_path')
[1.658s] INFO:colcon.colcon_core.shell:Creating environment hook '/home/altair/Person_Tracking_Roboware/install/altair_can_bridge/share/altair_can_bridge/hook/cmake_prefix_path.ps1'
[1.659s] INFO:colcon.colcon_core.shell:Creating environment descriptor '/home/altair/Person_Tracking_Roboware/install/altair_can_bridge/share/altair_can_bridge/hook/cmake_prefix_path.dsv'
[1.659s] INFO:colcon.colcon_core.shell:Creating environment hook '/home/altair/Person_Tracking_Roboware/install/altair_can_bridge/share/altair_can_bridge/hook/cmake_prefix_path.sh'
[1.660s] Level 1:colcon.colcon_core.environment:checking '/home/altair/Person_Tracking_Roboware/install/altair_can_bridge/lib'
[1.660s] Level 1:colcon.colcon_core.environment:checking '/home/altair/Person_Tracking_Roboware/install/altair_can_bridge/bin'
[1.660s] Level 1:colcon.colcon_core.environment:checking '/home/altair/Person_Tracking_Roboware/install/altair_can_bridge/lib/pkgconfig/altair_can_bridge.pc'
[1.660s] Level 1:colcon.colcon_core.environment:checking '/home/altair/Person_Tracking_Roboware/install/altair_can_bridge/lib/python3.10/site-packages'
[1.661s] Level 1:colcon.colcon_core.environment:checking '/home/altair/Person_Tracking_Roboware/install/altair_can_bridge/bin'
[1.662s] INFO:colcon.colcon_core.shell:Creating package script '/home/altair/Person_Tracking_Roboware/install/altair_can_bridge/share/altair_can_bridge/package.ps1'
[1.663s] INFO:colcon.colcon_core.shell:Creating package descriptor '/home/altair/Person_Tracking_Roboware/install/altair_can_bridge/share/altair_can_bridge/package.dsv'
[1.664s] INFO:colcon.colcon_core.shell:Creating package script '/home/altair/Person_Tracking_Roboware/install/altair_can_bridge/share/altair_can_bridge/package.sh'
[1.665s] INFO:colcon.colcon_core.shell:Creating package script '/home/altair/Person_Tracking_Roboware/install/altair_can_bridge/share/altair_can_bridge/package.bash'
[1.665s] INFO:colcon.colcon_core.shell:Creating package script '/home/altair/Person_Tracking_Roboware/install/altair_can_bridge/share/altair_can_bridge/package.zsh'
[1.666s] Level 1:colcon.colcon_core.environment:create_file_with_runtime_dependencies(/home/altair/Person_Tracking_Roboware/install/altair_can_bridge/share/colcon-core/packages/altair_can_bridge)
[2.713s] DEBUG:colcon.colcon_core.task.python.build:Available setuptools commands: easy_install, alias, build_ext, install_egg_info, build_scripts, editable_wheel, extract_messages, bdist_egg, install_lib, build_py, init_catalog, develop, install, nosetests, update_catalog, install_scripts, bdist, bdist_rpm, install_data, bdist_wheel, setopt, egg_info, check, compile_catalog, build, rotate, build_sphinx, saveopts, sdist, clean, dist_info, install_headers, build_clib, symlink_data, bdist_dumb
[2.715s] DEBUG:colcon.colcon_core.event_handler.log_command:Invoking command in '/home/altair/Person_Tracking_Roboware/src/Robowarepkg': AMENT_PREFIX_PATH=/home/altair/Person_Tracking_Roboware/install/can_msgs:/home/altair/Person_Tracking_Roboware/install/altair_interfaces:${AMENT_PREFIX_PATH} CMAKE_PREFIX_PATH=/home/altair/Person_Tracking_Roboware/install/can_msgs:/home/altair/Person_Tracking_Roboware/install/altair_interfaces LD_LIBRARY_PATH=/home/altair/Person_Tracking_Roboware/install/can_msgs/lib:/home/altair/Person_Tracking_Roboware/install/altair_interfaces/lib:${LD_LIBRARY_PATH} PYTHONPATH=/home/altair/Person_Tracking_Roboware/build/Robowarepkg/prefix_override:/usr/lib/python3/dist-packages/colcon_core/task/python/colcon_distutils_commands:/home/altair/Person_Tracking_Roboware/install/Robowarepkg/lib/python3.10/site-packages:/home/altair/Person_Tracking_Roboware/install/can_msgs/local/lib/python3.10/dist-packages:/home/altair/Person_Tracking_Roboware/install/altair_interfaces/local/lib/python3.10/dist-packages:${PYTHONPATH} /usr/bin/python3 -W ignore:setup.py install is deprecated -W ignore:easy_install command is deprecated setup.py egg_info --egg-base ../../build/Robowarepkg build --build-base /home/altair/Person_Tracking_Roboware/build/Robowarepkg/build install --record /home/altair/Person_Tracking_Roboware/build/Robowarepkg/install.log --install-scripts $base/lib/Robowarepkg --single-version-externally-managed install_data
[3.636s] Level 1:colcon.colcon_core.environment:checking '/home/altair/Person_Tracking_Roboware/install/Robowarepkg' for CMake module files
[3.637s] DEBUG:colcon.colcon_core.event_handler.log_command:Invoked command in '/home/altair/Person_Tracking_Roboware/src/Robowarepkg' returned '0': AMENT_PREFIX_PATH=/home/altair/Person_Tracking_Roboware/install/can_msgs:/home/altair/Person_Tracking_Roboware/install/altair_interfaces:${AMENT_PREFIX_PATH} CMAKE_PREFIX_PATH=/home/altair/Person_Tracking_Roboware/install/can_msgs:/home/altair/Person_Tracking_Roboware/install/altair_interfaces LD_LIBRARY_PATH=/home/altair/Person_Tracking_Roboware/install/can_msgs/lib:/home/altair/Person_Tracking_Roboware/install/altair_interfaces/lib:${LD_LIBRARY_PATH} PYTHONPATH=/home/altair/Person_Tracking_Roboware/build/Robowarepkg/prefix_override:/usr/lib/python3/dist-packages/colcon_core/task/python/colcon_distutils_commands:/home/altair/Person_Tracking_Roboware/install/Robowarepkg/lib/python3.10/site-packages:/home/altair/Person_Tracking_Roboware/install/can_msgs/local/lib/python3.10/dist-packages:/home/altair/Person_Tracking_Roboware/install/altair_interfaces/local/lib/python3.10/dist-packages:${PYTHONPATH} /usr/bin/python3 -W ignore:setup.py install is deprecated -W ignore:easy_install command is deprecated setup.py egg_info --egg-base ../../build/Robowarepkg build --build-base /home/altair/Person_Tracking_Roboware/build/Robowarepkg/build install --record /home/altair/Person_Tracking_Roboware/build/Robowarepkg/install.log --install-scripts $base/lib/Robowarepkg --single-version-externally-managed install_data
[3.637s] Level 1:colcon.colcon_core.environment:checking '/home/altair/Person_Tracking_Roboware/install/Robowarepkg' for CMake config files
[3.638s] Level 1:colcon.colcon_core.environment:checking '/home/altair/Person_Tracking_Roboware/install/Robowarepkg/lib'
[3.638s] Level 1:colcon.colcon_core.environment:checking '/home/altair/Person_Tracking_Roboware/install/Robowarepkg/bin'
[3.638s] Level 1:colcon.colcon_core.environment:checking '/home/altair/Person_Tracking_Roboware/install/Robowarepkg/lib/pkgconfig/Robowarepkg.pc'
[3.638s] Level 1:colcon.colcon_core.environment:checking '/home/altair/Person_Tracking_Roboware/install/Robowarepkg/lib/python3.10/site-packages'
[3.638s] Level 1:colcon.colcon_core.shell:create_environment_hook('Robowarepkg', 'pythonpath')
[3.638s] INFO:colcon.colcon_core.shell:Creating environment hook '/home/altair/Person_Tracking_Roboware/install/Robowarepkg/share/Robowarepkg/hook/pythonpath.ps1'
[3.639s] INFO:colcon.colcon_core.shell:Creating environment descriptor '/home/altair/Person_Tracking_Roboware/install/Robowarepkg/share/Robowarepkg/hook/pythonpath.dsv'
[3.639s] INFO:colcon.colcon_core.shell:Creating environment hook '/home/altair/Person_Tracking_Roboware/install/Robowarepkg/share/Robowarepkg/hook/pythonpath.sh'
[3.640s] Level 1:colcon.colcon_core.environment:checking '/home/altair/Person_Tracking_Roboware/install/Robowarepkg/bin'
[3.640s] Level 1:colcon.colcon_core.environment:create_environment_scripts_only(Robowarepkg)
[3.640s] INFO:colcon.colcon_core.shell:Creating package script '/home/altair/Person_Tracking_Roboware/install/Robowarepkg/share/Robowarepkg/package.ps1'
[3.641s] INFO:colcon.colcon_core.shell:Creating package descriptor '/home/altair/Person_Tracking_Roboware/install/Robowarepkg/share/Robowarepkg/package.dsv'
[3.641s] INFO:colcon.colcon_core.shell:Creating package script '/home/altair/Person_Tracking_Roboware/install/Robowarepkg/share/Robowarepkg/package.sh'
[3.642s] INFO:colcon.colcon_core.shell:Creating package script '/home/altair/Person_Tracking_Roboware/install/Robowarepkg/share/Robowarepkg/package.bash'
[3.642s] INFO:colcon.colcon_core.shell:Creating package script '/home/altair/Person_Tracking_Roboware/install/Robowarepkg/share/Robowarepkg/package.zsh'
[3.643s] Level 1:colcon.colcon_core.environment:create_file_with_runtime_dependencies(/home/altair/Person_Tracking_Roboware/install/Robowarepkg/share/colcon-core/packages/Robowarepkg)
[3.643s] DEBUG:colcon.colcon_parallel_executor.executor.parallel:closing loop
[3.643s] DEBUG:colcon.colcon_parallel_executor.executor.parallel:loop closed
[3.643s] DEBUG:colcon.colcon_parallel_executor.executor.parallel:run_until_complete finished with '0'
[3.643s] DEBUG:colcon.colcon_core.event_reactor:joining thread
[3.677s] INFO:colcon.colcon_core.plugin_system:Skipping extension 'colcon_notification.desktop_notification.terminal_notifier': Not used on non-Darwin systems
[3.678s] INFO:colcon.colcon_core.plugin_system:Skipping extension 'colcon_notification.desktop_notification.win32': Not used on non-Windows systems
[3.678s] INFO:colcon.colcon_notification.desktop_notification:Sending desktop notification using 'notify2'
[3.692s] DEBUG:colcon.colcon_core.event_reactor:joined thread
[3.693s] INFO:colcon.colcon_core.shell:Creating prefix script '/home/altair/Person_Tracking_Roboware/install/local_setup.ps1'
[3.694s] INFO:colcon.colcon_core.shell:Creating prefix util module '/home/altair/Person_Tracking_Roboware/install/_local_setup_util_ps1.py'
[3.697s] INFO:colcon.colcon_core.shell:Creating prefix chain script '/home/altair/Person_Tracking_Roboware/install/setup.ps1'
[3.698s] INFO:colcon.colcon_core.shell:Creating prefix script '/home/altair/Person_Tracking_Roboware/install/local_setup.sh'
[3.699s] INFO:colcon.colcon_core.shell:Creating prefix util module '/home/altair/Person_Tracking_Roboware/install/_local_setup_util_sh.py'
[3.700s] INFO:colcon.colcon_core.shell:Creating prefix chain script '/home/altair/Person_Tracking_Roboware/install/setup.sh'
[3.701s] INFO:colcon.colcon_core.shell:Creating prefix script '/home/altair/Person_Tracking_Roboware/install/local_setup.bash'
[3.701s] INFO:colcon.colcon_core.shell:Creating prefix chain script '/home/altair/Person_Tracking_Roboware/install/setup.bash'
[3.702s] INFO:colcon.colcon_core.shell:Creating prefix script '/home/altair/Person_Tracking_Roboware/install/local_setup.zsh'
[3.703s] INFO:colcon.colcon_core.shell:Creating prefix chain script '/home/altair/Person_Tracking_Roboware/install/setup.zsh'
