/home/altair/Person_Tracking_Roboware/install/Robowarepkg/lib/python3.10/site-packages/Robowarepkg/serial_read_node.py
/home/altair/Person_Tracking_Roboware/install/Robowarepkg/lib/python3.10/site-packages/Robowarepkg/FaceAnimation_node.py
/home/altair/Person_Tracking_Roboware/install/Robowarepkg/lib/python3.10/site-packages/Robowarepkg/web_socket_node.py
/home/altair/Person_Tracking_Roboware/install/Robowarepkg/lib/python3.10/site-packages/Robowarepkg/__init__.py
/home/altair/Person_Tracking_Roboware/install/Robowarepkg/lib/python3.10/site-packages/Robowarepkg/Roboware_node_mpn.py
/home/altair/Person_Tracking_Roboware/install/Robowarepkg/lib/python3.10/site-packages/Robowarepkg/RealSense_node.py
/home/altair/Person_Tracking_Roboware/install/Robowarepkg/lib/python3.10/site-packages/Robowarepkg/Roboware_node_newmpn.py
/home/altair/Person_Tracking_Roboware/install/Robowarepkg/lib/python3.10/site-packages/Robowarepkg/Roboware_node.py
/home/altair/Person_Tracking_Roboware/install/Robowarepkg/lib/python3.10/site-packages/Robowarepkg/PID_node.py
/home/altair/Person_Tracking_Roboware/install/Robowarepkg/lib/python3.10/site-packages/Robowarepkg/Roboware_node_np.py
/home/altair/Person_Tracking_Roboware/install/Robowarepkg/lib/python3.10/site-packages/Robowarepkg/serial_send_node.py
/home/altair/Person_Tracking_Roboware/install/Robowarepkg/lib/python3.10/site-packages/Robowarepkg/can_node.py
/home/altair/Person_Tracking_Roboware/install/Robowarepkg/lib/python3.10/site-packages/Robowarepkg/__pycache__/serial_read_node.cpython-310.pyc
/home/altair/Person_Tracking_Roboware/install/Robowarepkg/lib/python3.10/site-packages/Robowarepkg/__pycache__/FaceAnimation_node.cpython-310.pyc
/home/altair/Person_Tracking_Roboware/install/Robowarepkg/lib/python3.10/site-packages/Robowarepkg/__pycache__/web_socket_node.cpython-310.pyc
/home/altair/Person_Tracking_Roboware/install/Robowarepkg/lib/python3.10/site-packages/Robowarepkg/__pycache__/__init__.cpython-310.pyc
/home/altair/Person_Tracking_Roboware/install/Robowarepkg/lib/python3.10/site-packages/Robowarepkg/__pycache__/Roboware_node_mpn.cpython-310.pyc
/home/altair/Person_Tracking_Roboware/install/Robowarepkg/lib/python3.10/site-packages/Robowarepkg/__pycache__/RealSense_node.cpython-310.pyc
/home/altair/Person_Tracking_Roboware/install/Robowarepkg/lib/python3.10/site-packages/Robowarepkg/__pycache__/Roboware_node_newmpn.cpython-310.pyc
/home/altair/Person_Tracking_Roboware/install/Robowarepkg/lib/python3.10/site-packages/Robowarepkg/__pycache__/Roboware_node.cpython-310.pyc
/home/altair/Person_Tracking_Roboware/install/Robowarepkg/lib/python3.10/site-packages/Robowarepkg/__pycache__/PID_node.cpython-310.pyc
/home/altair/Person_Tracking_Roboware/install/Robowarepkg/lib/python3.10/site-packages/Robowarepkg/__pycache__/Roboware_node_np.cpython-310.pyc
/home/altair/Person_Tracking_Roboware/install/Robowarepkg/lib/python3.10/site-packages/Robowarepkg/__pycache__/serial_send_node.cpython-310.pyc
/home/altair/Person_Tracking_Roboware/install/Robowarepkg/lib/python3.10/site-packages/Robowarepkg/__pycache__/can_node.cpython-310.pyc
/home/altair/Person_Tracking_Roboware/install/Robowarepkg/share/ament_index/resource_index/packages/Robowarepkg
/home/altair/Person_Tracking_Roboware/install/Robowarepkg/share/Robowarepkg/package.xml
/home/altair/Person_Tracking_Roboware/install/Robowarepkg/share/Robowarepkg/launch/roboware.launch.py
/home/altair/Person_Tracking_Roboware/install/Robowarepkg/lib/python3.10/site-packages/Robowarepkg-0.0.0-py3.10.egg-info/dependency_links.txt
/home/altair/Person_Tracking_Roboware/install/Robowarepkg/lib/python3.10/site-packages/Robowarepkg-0.0.0-py3.10.egg-info/requires.txt
/home/altair/Person_Tracking_Roboware/install/Robowarepkg/lib/python3.10/site-packages/Robowarepkg-0.0.0-py3.10.egg-info/PKG-INFO
/home/altair/Person_Tracking_Roboware/install/Robowarepkg/lib/python3.10/site-packages/Robowarepkg-0.0.0-py3.10.egg-info/top_level.txt
/home/altair/Person_Tracking_Roboware/install/Robowarepkg/lib/python3.10/site-packages/Robowarepkg-0.0.0-py3.10.egg-info/SOURCES.txt
/home/altair/Person_Tracking_Roboware/install/Robowarepkg/lib/python3.10/site-packages/Robowarepkg-0.0.0-py3.10.egg-info/entry_points.txt
/home/altair/Person_Tracking_Roboware/install/Robowarepkg/lib/python3.10/site-packages/Robowarepkg-0.0.0-py3.10.egg-info/zip-safe
/home/altair/Person_Tracking_Roboware/install/Robowarepkg/lib/Robowarepkg/FaceAnimation_node
/home/altair/Person_Tracking_Roboware/install/Robowarepkg/lib/Robowarepkg/PID_node
/home/altair/Person_Tracking_Roboware/install/Robowarepkg/lib/Robowarepkg/RealSense_node
/home/altair/Person_Tracking_Roboware/install/Robowarepkg/lib/Robowarepkg/Roboware_node
/home/altair/Person_Tracking_Roboware/install/Robowarepkg/lib/Robowarepkg/can_node
/home/altair/Person_Tracking_Roboware/install/Robowarepkg/lib/Robowarepkg/serial_read_node
/home/altair/Person_Tracking_Roboware/install/Robowarepkg/lib/Robowarepkg/serial_send_node
/home/altair/Person_Tracking_Roboware/install/Robowarepkg/lib/Robowarepkg/web_socket_node
